Archive member included to satisfy reference by file (symbol)

/home/arduino/ArduinoApps/microwasteanimals/.cache/sketch/core/core.a(Common.cpp.o)
                              /home/arduino/ArduinoApps/microwasteanimals/.cache/sketch/sketch/sketch.ino.cpp.o (map(long, long, long, long, long))
/home/arduino/ArduinoApps/microwasteanimals/.cache/sketch/core/core.a(Print.cpp.o)
                              /home/arduino/ArduinoApps/microwasteanimals/.cache/sketch/sketch/sketch.ino.cpp.o (arduino::Print::print(char const*))
/home/arduino/ArduinoApps/microwasteanimals/.cache/sketch/core/core.a(Stream.cpp.o)
                              /home/arduino/ArduinoApps/microwasteanimals/.cache/sketch/sketch/sketch.ino.cpp.o (arduino::Stream::setTimeout(unsigned long))
/home/arduino/ArduinoApps/microwasteanimals/.cache/sketch/core/core.a(String.cpp.o)
                              /home/arduino/ArduinoApps/microwasteanimals/.cache/sketch/sketch/sketch.ino.cpp.o (arduino::String::String(arduino::String&&))
/home/arduino/ArduinoApps/microwasteanimals/.cache/sketch/core/core.a(itoa.cpp.o)
                              /home/arduino/ArduinoApps/microwasteanimals/.cache/sketch/core/core.a(String.cpp.o) (dtostrf)
/home/arduino/ArduinoApps/microwasteanimals/.cache/sketch/core/core.a(llext_wrappers.c.o)
                              /home/arduino/ArduinoApps/microwasteanimals/.cache/sketch/sketch/sketch.ino.cpp.o (memcpy)
/home/arduino/ArduinoApps/microwasteanimals/.cache/sketch/core/core.a(main.cpp.o)
                              (main)
/home/arduino/ArduinoApps/microwasteanimals/.cache/sketch/core/core.a(new.cpp.o)
                              /home/arduino/ArduinoApps/microwasteanimals/.cache/sketch/sketch/sketch.ino.cpp.o (operator new(unsigned int))
/home/arduino/ArduinoApps/microwasteanimals/.cache/sketch/core/core.a(threads.cpp.o)
                              /home/arduino/ArduinoApps/microwasteanimals/.cache/sketch/core/core.a(main.cpp.o) (start_static_threads())
/home/arduino/ArduinoApps/microwasteanimals/.cache/sketch/core/core.a(zephyrCommon.cpp.o)
                              /home/arduino/ArduinoApps/microwasteanimals/.cache/sketch/libraries/Arduino_LPS22HB/BARO.cpp.o (yield)
/home/arduino/ArduinoApps/microwasteanimals/.cache/sketch/core/core.a(zephyrSerial.cpp.o)
                              /home/arduino/ArduinoApps/microwasteanimals/.cache/sketch/libraries/Arduino_RouterBridge/singletons.cpp.o (Serial2)
/home/arduino/.arduino15/packages/zephyr/tools/arm-zephyr-eabi/0.16.8/bin/../lib/gcc/arm-zephyr-eabi/12.2.0/../../../../arm-zephyr-eabi/lib/thumb/v8-m.main+fp/hard/libstdc++_nano.a(functexcept.o)
                              /home/arduino/ArduinoApps/microwasteanimals/.cache/sketch/sketch/sketch.ino.cpp.o (std::__throw_bad_alloc())
/home/arduino/.arduino15/packages/zephyr/tools/arm-zephyr-eabi/0.16.8/bin/../lib/gcc/arm-zephyr-eabi/12.2.0/../../../../arm-zephyr-eabi/lib/thumb/v8-m.main+fp/hard/libstdc++_nano.a(functional.o)
                              /home/arduino/ArduinoApps/microwasteanimals/.cache/sketch/sketch/sketch.ino.cpp.o (std::__throw_bad_function_call())
/home/arduino/.arduino15/packages/zephyr/tools/arm-zephyr-eabi/0.16.8/bin/../lib/gcc/arm-zephyr-eabi/12.2.0/../../../../arm-zephyr-eabi/lib/thumb/v8-m.main+fp/hard/libstdc++_nano.a(eh_exception.o)
                              /home/arduino/.arduino15/packages/zephyr/tools/arm-zephyr-eabi/0.16.8/bin/../lib/gcc/arm-zephyr-eabi/12.2.0/../../../../arm-zephyr-eabi/lib/thumb/v8-m.main+fp/hard/libstdc++_nano.a(functional.o) (std::exception::~exception())
/home/arduino/.arduino15/packages/zephyr/tools/arm-zephyr-eabi/0.16.8/bin/../lib/gcc/arm-zephyr-eabi/12.2.0/../../../../arm-zephyr-eabi/lib/thumb/v8-m.main+fp/hard/libstdc++_nano.a(si_class_type_info.o)
                              /home/arduino/.arduino15/packages/zephyr/tools/arm-zephyr-eabi/0.16.8/bin/../lib/gcc/arm-zephyr-eabi/12.2.0/../../../../arm-zephyr-eabi/lib/thumb/v8-m.main+fp/hard/libstdc++_nano.a(functional.o) (vtable for __cxxabiv1::__si_class_type_info)
/home/arduino/.arduino15/packages/zephyr/tools/arm-zephyr-eabi/0.16.8/bin/../lib/gcc/arm-zephyr-eabi/12.2.0/../../../../arm-zephyr-eabi/lib/thumb/v8-m.main+fp/hard/libstdc++_nano.a(tinfo.o)
                              /home/arduino/.arduino15/packages/zephyr/tools/arm-zephyr-eabi/0.16.8/bin/../lib/gcc/arm-zephyr-eabi/12.2.0/../../../../arm-zephyr-eabi/lib/thumb/v8-m.main+fp/hard/libstdc++_nano.a(si_class_type_info.o) (std::type_info::__is_pointer_p() const)
/home/arduino/.arduino15/packages/zephyr/tools/arm-zephyr-eabi/0.16.8/bin/../lib/gcc/arm-zephyr-eabi/12.2.0/../../../../arm-zephyr-eabi/lib/thumb/v8-m.main+fp/hard/libstdc++_nano.a(class_type_info.o)
[...]
Memory Configuration

Name             Origin             Length             Attributes
*default*        0x0000000000000000 0xffffffffffffffff

Linker script and memory map

LOAD /home/arduino/.arduino15/packages/zephyr/tools/arm-zephyr-eabi/0.16.8/bin/../lib/gcc/arm-zephyr-eabi/12.2.0/../../../../arm-zephyr-eabi/lib/thumb/v8-m.main+fp/hard/libstdc++_nano.a
LOAD /home/arduino/.arduino15/packages/zephyr/tools/arm-zephyr-eabi/0.16.8/bin/../lib/gcc/arm-zephyr-eabi/12.2.0/../../../../arm-zephyr-eabi/lib/thumb/v8-m.main+fp/hard/libsupc++_nano.a
LOAD /home/arduino/.arduino15/packages/zephyr/tools/arm-zephyr-eabi/0.16.8/bin/../lib/gcc/arm-zephyr-eabi/12.2.0/../../../../arm-zephyr-eabi/lib/thumb/v8-m.main+fp/hard/libnosys.a
LOAD /home/arduino/ArduinoApps/microwasteanimals/.cache/sketch/sketch/sketch.ino.cpp.o
LOAD /home/arduino/ArduinoApps/microwasteanimals/.cache/sketch/libraries/Wire/Wire.cpp.o
LOAD /home/arduino/ArduinoApps/microwasteanimals/.cache/sketch/libraries/SPI/SPI.cpp.o
LOAD /home/arduino/ArduinoApps/microwasteanimals/.cache/sketch/libraries/Arduino_RouterBridge/singletons.cpp.o
LOAD /home/arduino/ArduinoApps/microwasteanimals/.cache/sketch/libraries/Arduino_Modulino/Modulino.cpp.o
LOAD /home/arduino/ArduinoApps/microwasteanimals/.cache/sketch/libraries/STM32duino VL53L4CD/platform.cpp.o
LOAD /home/arduino/ArduinoApps/microwasteanimals/.cache/sketch/libraries/STM32duino VL53L4CD/vl53l4cd_api.cpp.o
LOAD /home/arduino/ArduinoApps/microwasteanimals/.cache/sketch/libraries/STM32duino VL53L4CD/vl53l4cd_calibration.cpp.o
LOAD /home/arduino/ArduinoApps/microwasteanimals/.cache/sketch/libraries/STM32duino VL53L4ED/platform.cpp.o
LOAD /home/arduino/ArduinoApps/microwasteanimals/.cache/sketch/libraries/STM32duino VL53L4ED/vl53l4ed_api.cpp.o
LOAD /home/arduino/ArduinoApps/microwasteanimals/.cache/sketch/libraries/STM32duino VL53L4ED/vl53l4ed_calibration.cpp.o
LOAD /home/arduino/ArduinoApps/microwasteanimals/.cache/sketch/libraries/Arduino_LSM6DSOX/LSM6DSOX.cpp.o
LOAD /home/arduino/ArduinoApps/microwasteanimals/.cache/sketch/libraries/Arduino_LPS22HB/BARO.cpp.o
LOAD /home/arduino/ArduinoApps/microwasteanimals/.cache/sketch/libraries/Arduino_HS300x/HS300x.cpp.o
LOAD /home/arduino/ArduinoApps/microwasteanimals/.cache/sketch/libraries/Arduino_LTR381RGB/LTR381RGB.cpp.o
LOAD /home/arduino/ArduinoApps/microwasteanimals/.cache/sketch/core/analogReference.cpp.o
START GROUP
LOAD /home/arduino/ArduinoApps/microwasteanimals/.cache/sketch/core/core.a
LOAD /home/arduino/.arduino15/packages/zephyr/tools/arm-zephyr-eabi/0.16.8/bin/../lib/gcc/arm-zephyr-eabi/12.2.0/../../../../arm-zephyr-eabi/lib/thumb/v8-m.main+fp/hard/libstdc++_nano.a
LOAD /home/arduino/.arduino15/packages/zephyr/tools/arm-zephyr-eabi/0.16.8/bin/../lib/gcc/arm-zephyr-eabi/12.2.0/../../../../arm-zephyr-eabi/lib/thumb/v8-m.main+fp/hard/libsupc++_nano.a
LOAD /home/arduino/.arduino15/packages/zephyr/tools/arm-zephyr-eabi/0.16.8/bin/../lib/gcc/arm-zephyr-eabi/12.2.0/../../../../arm-zephyr-eabi/lib/thumb/v8-m.main+fp/hard/libm_nano.a
END GROUP

/DISCARD/
 *(.ARM.attributes)
 *(.ARM.attributes.*)
 *(.ARM.exidx)
 *(.ARM.exidx.*)
 *(.ARM.extidx)
 *(.ARM.extidx.*)
 *(.ARM.extab)
 *(.ARM.extab.*)
 *(.comment)
 *(.comment.*)
 *(.llvmbc)
 *(.llvmcmd)
 *(.eh_frame)
 *stdexcept.o()
 *eh_*.o()
 *cow-stdexcept.o()
 *cow-string-inst.o()

.text           0x0000000000000000     0x8456
 *(.text)
 *(.stub)
 *(.text*)
 .text._ZN15SerialTransport9availableEv
                0x0000000000000000       0x12 /home/arduino/ArduinoApps/microwasteanimals/.cache/sketch/sketch/sketch.ino.cpp.o
                0x0000000000000000                SerialTransport::available()
 .text._ZN15SerialTransport5writeEPKhj
                0x0000000000000012       0x10 /home/arduino/ArduinoApps/microwasteanimals/.cache/sketch/sketch/sketch.ino.cpp.o
                0x0000000000000012                SerialTransport::write(unsigned char const*, unsigned int)
 .text._ZN8VL53L4CDD2Ev
                0x0000000000000022        0x2 /home/arduino/ArduinoApps/microwasteanimals/.cache/sketch/sketch/sketch.ino.cpp.o
                0x0000000000000022                VL53L4CD::~VL53L4CD()
                0x0000000000000022                VL53L4CD::~VL53L4CD()
 .text._ZN8VL53L4EDD2Ev
                0x0000000000000024        0x2 /home/arduino/ArduinoApps/microwasteanimals/.cache/sketch/sketch/sketch.ino.cpp.o
                0x0000000000000024                VL53L4ED::~VL53L4ED()
                0x0000000000000024                VL53L4ED::~VL53L4ED()
 .text._ZN6Module8discoverEv
                0x0000000000000026        0x4 /home/arduino/ArduinoApps/microwasteanimals/.cache/sketch/sketch/sketch.ino.cpp.o
                0x0000000000000026                Module::discover()
 *fill*         0x000000000000002a        0x2 
 .text._Z10getMeasurev
                0x000000000000002c        0xc /home/arduino/ArduinoApps/microwasteanimals/.cache/sketch/sketch/sketch.ino.cpp.o
                0x000000000000002c                getMeasure()
 .text._ZN16ModulinoDistanceD2Ev
                0x0000000000000038        0x2 /home/arduino/ArduinoApps/microwasteanimals/.cache/sketch/sketch/sketch.ino.cpp.o
                0x0000000000000038                ModulinoDistance::~ModulinoDistance()
                0x0000000000000038                ModulinoDistance::~ModulinoDistance()
 .text._ZN14ModulinoPixelsD2Ev
                0x000000000000003a        0x2 /home/arduino/ArduinoApps/microwasteanimals/.cache/sketch/sketch/sketch.ino.cpp.o
                0x000000000000003a                ModulinoPixels::~ModulinoPixels()
                0x000000000000003a                ModulinoPixels::~ModulinoPixels()
 .text._ZN14ModulinoBuzzerD2Ev
                0x000000000000003c        0x2 /home/arduino/ArduinoApps/microwasteanimals/.cache/sketch/sketch/sketch.ino.cpp.o
                0x000000000000003c                ModulinoBuzzer::~ModulinoBuzzer()
                0x000000000000003c                ModulinoBuzzer::~ModulinoBuzzer()
 .text._ZN15SerialTransportD2Ev
                0x000000000000003e        0x2 /home/arduino/ArduinoApps/microwasteanimals/.cache/sketch/sketch/sketch.ino.cpp.o
                0x000000000000003e                SerialTransport::~SerialTransport()
                0x000000000000003e                SerialTransport::~SerialTransport()
 .text.k_yield  0x0000000000000040        0x8 /home/arduino/ArduinoApps/microwasteanimals/.cache/sketch/sketch/sketch.ino.cpp.o
 .text.k_mutex_lock
                0x0000000000000048        0x8 /home/arduino/ArduinoApps/microwasteanimals/.cache/sketch/sketch/sketch.ino.cpp.o
 .text.__tcf_0  0x0000000000000050       0x10 /home/arduino/ArduinoApps/microwasteanimals/.cache/sketch/sketch/sketch.ino.cpp.o
 .text._ZN15SerialTransport4readEPhj
                0x0000000000000060       0x28 /home/arduino/ArduinoApps/microwasteanimals/.cache/sketch/sketch/sketch.ino.cpp.o
                0x0000000000000060                SerialTransport::read(unsigned char*, unsigned int)
 .text._ZN15SerialTransport9read_byteERh
                0x0000000000000088       0x20 /home/arduino/ArduinoApps/microwasteanimals/.cache/sketch/sketch/sketch.ino.cpp.o
                0x0000000000000088                SerialTransport::read_byte(unsigned char&)
 .text._ZN8VL53L4CDD0Ev
                0x00000000000000a8       0x14 /home/arduino/ArduinoApps/microwasteanimals/.cache/sketch/sketch/sketch.ino.cpp.o
                0x00000000000000a8                VL53L4CD::~VL53L4CD()
 .text._ZN8VL53L4EDD0Ev
                0x00000000000000bc       0x14 /home/arduino/ArduinoApps/microwasteanimals/.cache/sketch/sketch/sketch.ino.cpp.o
                0x00000000000000bc                VL53L4ED::~VL53L4ED()
 .text._ZN16ModulinoDistanceD0Ev
                0x00000000000000d0       0x14 /home/arduino/ArduinoApps/microwasteanimals/.cache/sketch/sketch/sketch.ino.cpp.o
                0x00000000000000d0                ModulinoDistance::~ModulinoDistance()
 .text._ZN14ModulinoPixelsD0Ev
                0x00000000000000e4       0x14 /home/arduino/ArduinoApps/microwasteanimals/.cache/sketch/sketch/sketch.ino.cpp.o
                0x00000000000000e4                ModulinoPixels::~ModulinoPixels()
 .text._ZN14ModulinoBuzzerD0Ev
                0x00000000000000f8       0x14 /home/arduino/ArduinoApps/microwasteanimals/.cache/sketch/sketch/sketch.ino.cpp.o
                0x00000000000000f8                ModulinoBuzzer::~ModulinoBuzzer()
 .text._ZN15SerialTransportD0Ev
                0x000000000000010c       0x14 /home/arduino/ArduinoApps/microwasteanimals/.cache/sketch/sketch/sketch.ino.cpp.o
                0x000000000000010c                SerialTransport::~SerialTransport()
 .text._ZN8VL53L4CD3endEv
                0x0000000000000120       0x18 /home/arduino/ArduinoApps/microwasteanimals/.cache/sketch/sketch/sketch.ino.cpp.o
                0x0000000000000120                VL53L4CD::end()
 .text._ZN8VL53L4CD5beginEv
                0x0000000000000138       0x28 /home/arduino/ArduinoApps/microwasteanimals/.cache/sketch/sketch/sketch.ino.cpp.o
                0x0000000000000138                VL53L4CD::begin()
 .text._ZN8VL53L4ED3endEv
                0x0000000000000160       0x18 /home/arduino/ArduinoApps/microwasteanimals/.cache/sketch/sketch/sketch.ino.cpp.o
                0x0000000000000160                VL53L4ED::end()
 .text._ZN8VL53L4ED5beginEv
                0x0000000000000178       0x28 /home/arduino/ArduinoApps/microwasteanimals/.cache/sketch/sketch/sketch.ino.cpp.o
                0x0000000000000178                VL53L4ED::begin()
 .text._ZNK6Module7printToERN7arduino5PrintE
                0x00000000000001a0       0x10 /home/arduino/ArduinoApps/microwasteanimals/.cache/sketch/sketch/sketch.ino.cpp.o
                0x00000000000001a0                Module::printTo(arduino::Print&) const
 .text._ZNSt17_Function_handlerIFviEPS0_E10_M_managerERSt9_Any_dataRKS3_St18_Manager_operation
                0x00000000000001b0       0x30 /home/arduino/ArduinoApps/microwasteanimals/.cache/sketch/sketch/sketch.ino.cpp.o
                0x00000000000001b0                std::_Function_handler<void (int), void (*)(int)>::_M_manager(std::_Any_data&, std::_Any_data const&, std::_Manager_operation)
 .text._ZNSt17_Function_handlerIFviEPS0_E9_M_invokeERKSt9_Any_dataOi
                0x00000000000001e0        0x6 /home/arduino/ArduinoApps/microwasteanimals/.cache/sketch/sketch/sketch.ino.cpp.o
                0x00000000000001e0                std::_Function_handler<void (int), void (*)(int)>::_M_invoke(std::_Any_data const&, int&&)
 *fill*         0x00000000000001e6        0x2 
 .text._ZNSt17_Function_handlerIFviiEPS0_E10_M_managerERSt9_Any_dataRKS3_St18_Manager_operation
                0x00000000000001e8       0x30 /home/arduino/ArduinoApps/microwasteanimals/.cache/sketch/sketch/sketch.ino.cpp.o
                0x00000000000001e8                std::_Function_handler<void (int, int), void (*)(int, int)>::_M_manager(std::_Any_data&, std::_Any_data const&, std::_Manager_operation)
 .text._ZNSt17_Function_handlerIFviiEPS0_E9_M_invokeERKSt9_Any_dataOiS6_
                0x0000000000000218       0x10 /home/arduino/ArduinoApps/microwasteanimals/.cache/sketch/sketch/sketch.ino.cpp.o
                0x0000000000000218                std::_Function_handler<void (int, int), void (*)(int, int)>::_M_invoke(std::_Any_data const&, int&&, int&&)
 .text._ZNSt17_Function_handlerIFivEPS0_E10_M_managerERSt9_Any_dataRKS3_St18_Manager_operation
                0x0000000000000228       0x30 /home/arduino/ArduinoApps/microwasteanimals/.cache/sketch/sketch/sketch.ino.cpp.o
                0x0000000000000228                std::_Function_handler<int (), int (*)()>::_M_manager(std::_Any_data&, std::_Any_data const&, std::_Manager_operation)
 .text._ZNSt17_Function_handlerIFivEPS0_E9_M_invokeERKSt9_Any_data
                0x0000000000000258        0x4 /home/arduino/ArduinoApps/microwasteanimals/.cache/sketch/sketch/sketch.ino.cpp.o
                0x0000000000000258                std::_Function_handler<int (), int (*)()>::_M_invoke(std::_Any_data const&)
 .text._ZSt14__relocate_a_1IhhENSt9enable_ifIXsrSt24__is_bitwise_relocatableIT_vE5valueEPS2_E4typeES4_S4_S4_RSaIT0_E.isra.0
                0x000000000000025c       0x20 /home/arduino/ArduinoApps/microwasteanimals/.cache/sketch/sketch/sketch.ino.cpp.o
 .text._ZN13DispatchEntryaSEOS_.isra.0
                0x000000000000027c       0x20 /home/arduino/ArduinoApps/microwasteanimals/.cache/sketch/sketch/sketch.ino.cpp.o
 .text._ZNSt12_Vector_baseIhSaIhEE11_M_allocateEj.isra.0
                0x000000000000029c       0x20 /home/arduino/ArduinoApps/microwasteanimals/.cache/sketch/sketch/sketch.ino.cpp.o
 .text._ZN6Module5writeEPhi.isra.0
                0x00000000000002bc       0x60 /home/arduino/ArduinoApps/microwasteanimals/.cache/sketch/sketch/sketch.ino.cpp.o
 .text._ZN6Module5beginEv.isra.0
                0x000000000000031c       0x16 /home/arduino/ArduinoApps/microwasteanimals/.cache/sketch/sketch/sketch.ino.cpp.o
 *fill*         0x0000000000000332        0x2 
 .text.k_mutex_unlock.isra.0
                0x0000000000000334        0x8 /home/arduino/ArduinoApps/microwasteanimals/.cache/sketch/sketch/sketch.ino.cpp.o
 .text.k_mutex_init.isra.0
                0x000000000000033c        0x8 /home/arduino/ArduinoApps/microwasteanimals/.cache/sketch/sketch/sketch.ino.cpp.o
 .text.k_sleep.isra.0
                0x0000000000000344        0x8 /home/arduino/ArduinoApps/microwasteanimals/.cache/sketch/sketch/sketch.ino.cpp.o
 .text.k_msleep.constprop.0.isra.0
                0x000000000000034c        0xc /home/arduino/ArduinoApps/microwasteanimals/.cache/sketch/sketch/sketch.ino.cpp.o
 .text._ZN8VL53L4ED11VL53L4ED_OnEv
                0x0000000000000358       0x24 /home/arduino/ArduinoApps/microwasteanimals/.cache/sketch/sketch/sketch.ino.cpp.o
                0x0000000000000358                VL53L4ED::VL53L4ED_On()
 .text._ZN8VL53L4ED12VL53L4ED_OffEv
                0x000000000000037c       0x24 /home/arduino/ArduinoApps/microwasteanimals/.cache/sketch/sketch/sketch.ino.cpp.o
                0x000000000000037c                VL53L4ED::VL53L4ED_Off()
 .text._ZN8VL53L4CD11VL53L4CD_OnEv
                0x00000000000003a0       0x24 /home/arduino/ArduinoApps/microwasteanimals/.cache/sketch/sketch/sketch.ino.cpp.o
                0x00000000000003a0                VL53L4CD::VL53L4CD_On()
 .text._ZN8VL53L4CD12VL53L4CD_OffEv
                0x00000000000003c4       0x24 /home/arduino/ArduinoApps/microwasteanimals/.cache/sketch/sketch/sketch.ino.cpp.o
                0x00000000000003c4                VL53L4CD::VL53L4CD_Off()
 .text._ZNSt14_Function_baseD2Ev
                0x00000000000003e8       0x12 /home/arduino/ArduinoApps/microwasteanimals/.cache/sketch/sketch/sketch.ino.cpp.o
                0x00000000000003e8                std::_Function_base::~_Function_base()
                0x00000000000003e8                std::_Function_base::~_Function_base()
 *fill*         0x00000000000003fa        0x2 
 .text._ZN18RpcFunctionWrapperISt8functionIFivEEED2Ev
                0x00000000000003fc       0x1c /home/arduino/ArduinoApps/microwasteanimals/.cache/sketch/sketch/sketch.ino.cpp.o
                0x00000000000003fc                RpcFunctionWrapper<std::function<int ()> >::~RpcFunctionWrapper()
                0x00000000000003fc                RpcFunctionWrapper<std::function<int ()> >::~RpcFunctionWrapper()
 .text._ZN18RpcFunctionWrapperISt8functionIFivEEED0Ev
                0x0000000000000418       0x1c /home/arduino/ArduinoApps/microwasteanimals/.cache/sketch/sketch/sketch.ino.cpp.o
                0x0000000000000418                RpcFunctionWrapper<std::function<int ()> >::~RpcFunctionWrapper()
 .text._ZN18RpcFunctionWrapperISt8functionIFviiEEED2Ev
                0x0000000000000434       0x1c /home/arduino/ArduinoApps/microwasteanimals/.cache/sketch/sketch/sketch.ino.cpp.o
                0x0000000000000434                RpcFunctionWrapper<std::function<void (int, int)> >::~RpcFunctionWrapper()
                0x0000000000000434                RpcFunctionWrapper<std::function<void (int, int)> >::~RpcFunctionWrapper()
 .text._ZN18RpcFunctionWrapperISt8functionIFviiEEED0Ev
                0x0000000000000450       0x1c /home/arduino/ArduinoApps/microwasteanimals/.cache/sketch/sketch/sketch.ino.cpp.o
                0x0000000000000450                RpcFunctionWrapper<std::function<void (int, int)> >::~RpcFunctionWrapper()
 .text._ZN18RpcFunctionWrapperISt8functionIFviEEED2Ev
                0x000000000000046c       0x1c /home/arduino/ArduinoApps/microwasteanimals/.cache/sketch/sketch/sketch.ino.cpp.o
                0x000000000000046c                RpcFunctionWrapper<std::function<void (int)> >::~RpcFunctionWrapper()
                0x000000000000046c                RpcFunctionWrapper<std::function<void (int)> >::~RpcFunctionWrapper()
 .text._ZN18RpcFunctionWrapperISt8functionIFviEEED0Ev
                0x0000000000000488       0x1c /home/arduino/ArduinoApps/microwasteanimals/.cache/sketch/sketch/sketch.ino.cpp.o
                0x0000000000000488                RpcFunctionWrapper<std::function<void (int)> >::~RpcFunctionWrapper()
 .text._ZN7arduino7msgpack8Unpacker11deserializeEv
                0x00000000000004a4       0x16 /home/arduino/ArduinoApps/microwasteanimals/.cache/sketch/sketch/sketch.ino.cpp.o
                0x00000000000004a4                arduino::msgpack::Unpacker::deserialize()
 .text._ZN7arduino7msgpack8Unpacker5clearEv
                0x00000000000004ba       0x14 /home/arduino/ArduinoApps/microwasteanimals/.cache/sketch/sketch/sketch.ino.cpp.o
                0x00000000000004ba                arduino::msgpack::Unpacker::clear()
 .text._ZNK7arduino7msgpack8Unpacker13getRawBytePtrEjj
                0x00000000000004ce       0x1e /home/arduino/ArduinoApps/microwasteanimals/.cache/sketch/sketch/sketch.ino.cpp.o
                0x00000000000004ce                arduino::msgpack::Unpacker::getRawBytePtr(unsigned int, unsigned int) const
 .text._ZN8RpcErrorC2Ev
                0x00000000000004ec       0x2c /home/arduino/ArduinoApps/microwasteanimals/.cache/sketch/sketch/sketch.ino.cpp.o
                0x00000000000004ec                RpcError::RpcError()
                0x00000000000004ec                RpcError::RpcError()
 .text._ZN7arduino7msgpack8UnpackerC2Ev
                0x0000000000000518       0x10 /home/arduino/ArduinoApps/microwasteanimals/.cache/sketch/sketch/sketch.ino.cpp.o
                0x0000000000000518                arduino::msgpack::Unpacker::Unpacker()
                0x0000000000000518                arduino::msgpack::Unpacker::Unpacker()
 .text._ZN10RPCRequestILj256EEC2Ev
                0x0000000000000528       0x4c /home/arduino/ArduinoApps/microwasteanimals/.cache/sketch/sketch/sketch.ino.cpp.o
                0x0000000000000528                RPCRequest<256u>::RPCRequest()
                0x0000000000000528                RPCRequest<256u>::RPCRequest()
 .text._ZN11BridgeClass10is_startedEv
                0x0000000000000574       0x2c /home/arduino/ArduinoApps/microwasteanimals/.cache/sketch/sketch/sketch.ino.cpp.o
                0x0000000000000574                BridgeClass::is_started()
 .text._ZN6Module4scanEh
                0x00000000000005a0       0x40 /home/arduino/ArduinoApps/microwasteanimals/.cache/sketch/sketch/sketch.ino.cpp.o
                0x00000000000005a0                Module::scan(unsigned char)
 .text._ZN14ModulinoPixels8discoverEv
                0x00000000000005e0       0x1c /home/arduino/ArduinoApps/microwasteanimals/.cache/sketch/sketch/sketch.ino.cpp.o
                0x00000000000005e0                ModulinoPixels::discover()
 .text._ZN14ModulinoBuzzer8discoverEv
                0x00000000000005fc       0x18 /home/arduino/ArduinoApps/microwasteanimals/.cache/sketch/sketch/sketch.ino.cpp.o
                0x00000000000005fc                ModulinoBuzzer::discover()
 .text._ZN14ModulinoPixelsC2EhP15ModulinoHubPort
                0x0000000000000614       0x30 /home/arduino/ArduinoApps/microwasteanimals/.cache/sketch/sketch/sketch.ino.cpp.o
                0x0000000000000614                ModulinoPixels::ModulinoPixels(unsigned char, ModulinoHubPort*)
                0x0000000000000614                ModulinoPixels::ModulinoPixels(unsigned char, ModulinoHubPort*)
 .text._ZN14ModulinoPixels3setEi13ModulinoColorh
                0x0000000000000644       0x48 /home/arduino/ArduinoApps/microwasteanimals/.cache/sketch/sketch/sketch.ino.cpp.o
                0x0000000000000644                ModulinoPixels::set(int, ModulinoColor, unsigned char)
 .text._ZN16ModulinoDistance9availableEv
                0x000000000000068c       0xac /home/arduino/ArduinoApps/microwasteanimals/.cache/sketch/sketch/sketch.ino.cpp.o
                0x000000000000068c                ModulinoDistance::available()
 .text._Z13distance_initv
                0x0000000000000738      0x1c0 /home/arduino/ArduinoApps/microwasteanimals/.cache/sketch/sketch/sketch.ino.cpp.o
                0x0000000000000738                distance_init()
 .text._Z9leds_initv
                0x00000000000008f8       0x30 /home/arduino/ArduinoApps/microwasteanimals/.cache/sketch/sketch/sketch.ino.cpp.o
                0x00000000000008f8                leds_init()
 .text._Z5_fillR14ModulinoPixels13ModulinoColori
                0x0000000000000928       0x38 /home/arduino/ArduinoApps/microwasteanimals/.cache/sketch/sketch/sketch.ino.cpp.o
                0x0000000000000928                _fill(ModulinoPixels&, ModulinoColor, int)
 .text._Z4_offR14ModulinoPixels
                0x0000000000000960       0x3c /home/arduino/ArduinoApps/microwasteanimals/.cache/sketch/sketch/sketch.ino.cpp.o
                0x0000000000000960                _off(ModulinoPixels&)
 .text._Z12setAnimalLedb
                0x000000000000099c       0x30 /home/arduino/ArduinoApps/microwasteanimals/.cache/sketch/sketch/sketch.ino.cpp.o
                0x000000000000099c                setAnimalLed(bool)
 .text._Z22setAnimalLedFromPythoni
                0x00000000000009cc       0x10 /home/arduino/ArduinoApps/microwasteanimals/.cache/sketch/sketch/sketch.ino.cpp.o
                0x00000000000009cc                setAnimalLedFromPython(int)
 .text._Z11setWasteLedi
                0x00000000000009dc       0x88 /home/arduino/ArduinoApps/microwasteanimals/.cache/sketch/sketch/sketch.ino.cpp.o
                0x00000000000009dc                setWasteLed(int)
 .text._Z21setWasteLedFromPythoni
                0x0000000000000a64        0x8 /home/arduino/ArduinoApps/microwasteanimals/.cache/sketch/sketch/sketch.ino.cpp.o
                0x0000000000000a64                setWasteLedFromPython(int)
 .text._Z11buzzer_initv
                0x0000000000000a6c       0x10 /home/arduino/ArduinoApps/microwasteanimals/.cache/sketch/sketch/sketch.ino.cpp.o
                0x0000000000000a6c                buzzer_init()
 .text._Z8playBuzzii
                0x0000000000000a7c       0x20 /home/arduino/ArduinoApps/microwasteanimals/.cache/sketch/sketch/sketch.ino.cpp.o
                0x0000000000000a7c                playBuzz(int, int)
 .text._Z9setBuzzerii
                0x0000000000000a9c        0x8 /home/arduino/ArduinoApps/microwasteanimals/.cache/sketch/sketch/sketch.ino.cpp.o
                0x0000000000000a9c                setBuzzer(int, int)
 .text._ZNSt12_Vector_baseIhSaIhEED2Ev
                0x0000000000000aa4       0x18 /home/arduino/ArduinoApps/microwasteanimals/.cache/sketch/sketch/sketch.ino.cpp.o
                0x0000000000000aa4                std::_Vector_base<unsigned char, std::allocator<unsigned char> >::~_Vector_base()
                0x0000000000000aa4                std::_Vector_base<unsigned char, std::allocator<unsigned char> >::~_Vector_base()
 .text.__tcf_2  0x0000000000000abc       0x14 /home/arduino/ArduinoApps/microwasteanimals/.cache/sketch/sketch/sketch.ino.cpp.o
 .text.__tcf_1  0x0000000000000ad0       0x14 /home/arduino/ArduinoApps/microwasteanimals/.cache/sketch/sketch/sketch.ino.cpp.o
 .text._ZNSt6vectorIhSaIhEE14_M_move_assignEOS1_St17integral_constantIbLb1EE.isra.0
                0x0000000000000ae4       0x34 /home/arduino/ArduinoApps/microwasteanimals/.cache/sketch/sketch/sketch.ino.cpp.o
 .text._ZNK7arduino7msgpack8Unpacker11getRawBytesIhEET_jj
                0x0000000000000b18       0x1e /home/arduino/ArduinoApps/microwasteanimals/.cache/sketch/sketch/sketch.ino.cpp.o
                0x0000000000000b18                unsigned char arduino::msgpack::Unpacker::getRawBytes<unsigned char>(unsigned int, unsigned int) const
 *fill*         0x0000000000000b36        0x2 
 .text._ZNK7arduino7msgpack8Unpacker7getTypeEj
                0x0000000000000b38       0x58 /home/arduino/ArduinoApps/microwasteanimals/.cache/sketch/sketch/sketch.ino.cpp.o
                0x0000000000000b38                arduino::msgpack::Unpacker::getType(unsigned int) const
 .text._ZNK7arduino7msgpack8Unpacker7getTypeEv
                0x0000000000000b90       0x10 /home/arduino/ArduinoApps/microwasteanimals/.cache/sketch/sketch/sketch.ino.cpp.o
                0x0000000000000b90                arduino::msgpack::Unpacker::getType() const
 .text._ZNK7arduino7msgpack8Unpacker7isArrayEv
                0x0000000000000ba0       0x20 /home/arduino/ArduinoApps/microwasteanimals/.cache/sketch/sketch/sketch.ino.cpp.o
                0x0000000000000ba0                arduino::msgpack::Unpacker::isArray() const
 .text._ZNK7arduino7msgpack8Unpacker5isIntEv
                0x0000000000000bc0       0x20 /home/arduino/ArduinoApps/microwasteanimals/.cache/sketch/sketch/sketch.ino.cpp.o
                0x0000000000000bc0                arduino::msgpack::Unpacker::isInt() const
 .text._ZN7arduino7msgpack8Unpacker9unpackNilEv
                0x0000000000000be0       0x3c /home/arduino/ArduinoApps/microwasteanimals/.cache/sketch/sketch/sketch.ino.cpp.o
                0x0000000000000be0                arduino::msgpack::Unpacker::unpackNil()
 .text._ZNK7arduino7msgpack8Unpacker5isMapEv
                0x0000000000000c1c       0x20 /home/arduino/ArduinoApps/microwasteanimals/.cache/sketch/sketch/sketch.ino.cpp.o
                0x0000000000000c1c                arduino::msgpack::Unpacker::isMap() const
 .text._ZNK7arduino7msgpack8Unpacker6isUIntEv
                0x0000000000000c3c       0x20 /home/arduino/ArduinoApps/microwasteanimals/.cache/sketch/sketch/sketch.ino.cpp.o
                0x0000000000000c3c                arduino::msgpack::Unpacker::isUInt() const
 .text._ZN7arduino7msgpack8Unpacker13unpackFloat32Ev
                0x0000000000000c5c       0x60 /home/arduino/ArduinoApps/microwasteanimals/.cache/sketch/sketch/sketch.ino.cpp.o
                0x0000000000000c5c                arduino::msgpack::Unpacker::unpackFloat32()
 *fill*         0x0000000000000cbc        0x4 
 .text._ZN7arduino7msgpack8Unpacker13unpackFloat64Ev
                0x0000000000000cc0       0x6c /home/arduino/ArduinoApps/microwasteanimals/.cache/sketch/sketch/sketch.ino.cpp.o
                0x0000000000000cc0                arduino::msgpack::Unpacker::unpackFloat64()
 .text._ZN7arduino7msgpack8Unpacker11unpackInt64Ev
                0x0000000000000d2c       0x60 /home/arduino/ArduinoApps/microwasteanimals/.cache/sketch/sketch/sketch.ino.cpp.o
                0x0000000000000d2c                arduino::msgpack::Unpacker::unpackInt64()
 .text._ZN7arduino7msgpack8Unpacker11unpackInt32Ev
                0x0000000000000d8c       0x58 /home/arduino/ArduinoApps/microwasteanimals/.cache/sketch/sketch/sketch.ino.cpp.o
                0x0000000000000d8c                arduino::msgpack::Unpacker::unpackInt32()
 .text._ZN7arduino7msgpack8Unpacker11unpackInt16Ev
                0x0000000000000de4       0x4c /home/arduino/ArduinoApps/microwasteanimals/.cache/sketch/sketch/sketch.ino.cpp.o
                0x0000000000000de4                arduino::msgpack::Unpacker::unpackInt16()
 .text._ZN7arduino7msgpack8Unpacker10unpackInt5Ev
                0x0000000000000e30       0x4c /home/arduino/ArduinoApps/microwasteanimals/.cache/sketch/sketch/sketch.ino.cpp.o
                0x0000000000000e30                arduino::msgpack::Unpacker::unpackInt5()
 .text._ZN7arduino7msgpack8Unpacker11unpackUInt7Ev
                0x0000000000000e7c       0x48 /home/arduino/ArduinoApps/microwasteanimals/.cache/sketch/sketch/sketch.ino.cpp.o
                0x0000000000000e7c                arduino::msgpack::Unpacker::unpackUInt7()
 .text._ZN7arduino7msgpack8Unpacker11unpackUInt8Ev
                0x0000000000000ec4       0x48 /home/arduino/ArduinoApps/microwasteanimals/.cache/sketch/sketch/sketch.ino.cpp.o
                0x0000000000000ec4                arduino::msgpack::Unpacker::unpackUInt8()
 .text._ZNK7arduino7msgpack8Unpacker11getRawBytesItEET_jj
                0x0000000000000f0c       0x26 /home/arduino/ArduinoApps/microwasteanimals/.cache/sketch/sketch/sketch.ino.cpp.o
                0x0000000000000f0c                unsigned short arduino::msgpack::Unpacker::getRawBytes<unsigned short>(unsigned int, unsigned int) const
 *fill*         0x0000000000000f32        0x2 
 .text._ZN7arduino7msgpack8Unpacker12unpackUInt16Ev
                0x0000000000000f34       0x48 /home/arduino/ArduinoApps/microwasteanimals/.cache/sketch/sketch/sketch.ino.cpp.o
                0x0000000000000f34                arduino::msgpack::Unpacker::unpackUInt16()
 .text._ZNK7arduino7msgpack8Unpacker11getRawBytesIjEET_jj
                0x0000000000000f7c       0x34 /home/arduino/ArduinoApps/microwasteanimals/.cache/sketch/sketch/sketch.ino.cpp.o
                0x0000000000000f7c                unsigned int arduino::msgpack::Unpacker::getRawBytes<unsigned int>(unsigned int, unsigned int) const
 .text._ZNK7arduino7msgpack8Unpacker14getElementSizeEj
                0x0000000000000fb0      0x11c /home/arduino/ArduinoApps/microwasteanimals/.cache/sketch/sketch/sketch.ino.cpp.o
                0x0000000000000fb0                arduino::msgpack::Unpacker::getElementSize(unsigned int) const
 .text._ZN7arduino7msgpack8Unpacker15unpackArraySizeEv
                0x00000000000010cc       0x78 /home/arduino/ArduinoApps/microwasteanimals/.cache/sketch/sketch/sketch.ino.cpp.o
                0x00000000000010cc                arduino::msgpack::Unpacker::unpackArraySize()
 .text._ZN7arduino7msgpack8Unpacker11deserializeINS0_4type9ArraySizeEJEEEbRT_DpOT0_.isra.0
                0x0000000000001144       0x40 /home/arduino/ArduinoApps/microwasteanimals/.cache/sketch/sketch/sketch.ino.cpp.o
 .text._ZN7arduino7msgpack8Unpacker12unpackUInt32Ev
                0x0000000000001184       0x48 /home/arduino/ArduinoApps/microwasteanimals/.cache/sketch/sketch/sketch.ino.cpp.o
                0x0000000000001184                arduino::msgpack::Unpacker::unpackUInt32()
 .text._ZN7arduino7msgpack8Unpacker13unpackMapSizeEv
                0x00000000000011cc       0x78 /home/arduino/ArduinoApps/microwasteanimals/.cache/sketch/sketch/sketch.ino.cpp.o
                0x00000000000011cc                arduino::msgpack::Unpacker::unpackMapSize()
 .text._ZNK7arduino7msgpack8Unpacker11getRawBytesIyEET_jj
                0x0000000000001244       0x3a /home/arduino/ArduinoApps/microwasteanimals/.cache/sketch/sketch/sketch.ino.cpp.o
                0x0000000000001244                unsigned long long arduino::msgpack::Unpacker::getRawBytes<unsigned long long>(unsigned int, unsigned int) const
 *fill*         0x000000000000127e        0x2 
 .text._ZN7arduino7msgpack8Unpacker12unpackUInt64Ev
                0x0000000000001280       0x4c /home/arduino/ArduinoApps/microwasteanimals/.cache/sketch/sketch/sketch.ino.cpp.o
                0x0000000000001280                arduino::msgpack::Unpacker::unpackUInt64()
 .text._ZNK7arduino7msgpack8Unpacker11getRawBytesIaEET_jj
                0x00000000000012cc       0x1e /home/arduino/ArduinoApps/microwasteanimals/.cache/sketch/sketch/sketch.ino.cpp.o
                0x00000000000012cc                signed char arduino::msgpack::Unpacker::getRawBytes<signed char>(unsigned int, unsigned int) const
 *fill*         0x00000000000012ea        0x2 
 .text._ZN7arduino7msgpack8Unpacker10unpackInt8Ev
                0x00000000000012ec       0x48 /home/arduino/ArduinoApps/microwasteanimals/.cache/sketch/sketch/sketch.ino.cpp.o
                0x00000000000012ec                arduino::msgpack::Unpacker::unpackInt8()
 .text._ZNK7arduino7msgpack8Unpacker13isTimestamp32Ev
                0x0000000000001334       0x2c /home/arduino/ArduinoApps/microwasteanimals/.cache/sketch/sketch/sketch.ino.cpp.o
                0x0000000000001334                arduino::msgpack::Unpacker::isTimestamp32() const
 .text._ZNK7arduino7msgpack8Unpacker13isTimestamp64Ev
                0x0000000000001360       0x2c /home/arduino/ArduinoApps/microwasteanimals/.cache/sketch/sketch/sketch.ino.cpp.o
                0x0000000000001360                arduino::msgpack::Unpacker::isTimestamp64() const
 .text._ZNK7arduino7msgpack8Unpacker13isTimestamp96Ev
                0x000000000000138c       0x40 /home/arduino/ArduinoApps/microwasteanimals/.cache/sketch/sketch/sketch.ino.cpp.o
                0x000000000000138c                arduino::msgpack::Unpacker::isTimestamp96() const
 .text._ZNK7arduino7msgpack8Unpacker11getRawBytesIcEET_jj
                0x00000000000013cc       0x1e /home/arduino/ArduinoApps/microwasteanimals/.cache/sketch/sketch/sketch.ino.cpp.o
                0x00000000000013cc                char arduino::msgpack::Unpacker::getRawBytes<char>(unsigned int, unsigned int) const
 *fill*         0x00000000000013ea        0x2 
 .text._ZN7arduino7msgpack8Unpacker11deserializeINS0_6object5nil_tEJEEEbRT_DpOT0_
                0x00000000000013ec       0x40 /home/arduino/ArduinoApps/microwasteanimals/.cache/sketch/sketch/sketch.ino.cpp.o
                0x00000000000013ec                bool arduino::msgpack::Unpacker::deserialize<arduino::msgpack::object::nil_t>(arduino::msgpack::object::nil_t&)
 .text._ZN7arduino7msgpack8Unpacker11deserializeIbJEEEbRT_DpOT0_
                0x000000000000142c       0x68 /home/arduino/ArduinoApps/microwasteanimals/.cache/sketch/sketch/sketch.ino.cpp.o
                0x000000000000142c                bool arduino::msgpack::Unpacker::deserialize<bool>(bool&)
 .text._ZN7arduino7msgpack8Unpacker11deserializeINS_6StringEJEEEbRT_DpOT0_
                0x0000000000001494      0x174 /home/arduino/ArduinoApps/microwasteanimals/.cache/sketch/sketch/sketch.ino.cpp.o
                0x0000000000001494                bool arduino::msgpack::Unpacker::deserialize<arduino::String>(arduino::String&)
 .text._ZN7arduino7msgpack8Unpacker11deserializeINS0_6object8timespecEJEEEbRT_DpOT0_
                0x0000000000001608       0xc4 /home/arduino/ArduinoApps/microwasteanimals/.cache/sketch/sketch/sketch.ino.cpp.o
                0x0000000000001608                bool arduino::msgpack::Unpacker::deserialize<arduino::msgpack::object::timespec>(arduino::msgpack::object::timespec&)
 .text._ZN17RpcDecoderManagerILj3EE10getDecoderER10ITransport
                0x00000000000016cc       0x7c /home/arduino/ArduinoApps/microwasteanimals/.cache/sketch/sketch/sketch.ino.cpp.o
                0x00000000000016cc                RpcDecoderManager<3u>::getDecoder(ITransport&)
 .text._ZNSt12_Vector_baseIjSaIjEED2Ev
                0x0000000000001748       0x18 /home/arduino/ArduinoApps/microwasteanimals/.cache/sketch/sketch/sketch.ino.cpp.o
                0x0000000000001748                std::_Vector_base<unsigned int, std::allocator<unsigned int> >::~_Vector_base()
                0x0000000000001748                std::_Vector_base<unsigned int, std::allocator<unsigned int> >::~_Vector_base()
 .text._ZN10RPCRequestILj256EED2Ev
                0x0000000000001760       0x2c /home/arduino/ArduinoApps/microwasteanimals/.cache/sketch/sketch/sketch.ino.cpp.o
                0x0000000000001760                RPCRequest<256u>::~RPCRequest()
                0x0000000000001760                RPCRequest<256u>::~RPCRequest()
 .text._ZNSt6vectorIjSaIjEE17_M_realloc_insertIJRjEEEvN9__gnu_cxx17__normal_iteratorIPjS1_EEDpOT_
                0x000000000000178c       0xdc /home/arduino/ArduinoApps/microwasteanimals/.cache/sketch/sketch/sketch.ino.cpp.o
                0x000000000000178c                void std::vector<unsigned int, std::allocator<unsigned int> >::_M_realloc_insert<unsigned int&>(__gnu_cxx::__normal_iterator<unsigned int*, std::vector<unsigned int, std::allocator<unsigned int> > >, unsigned int&)
 .text._ZN7arduino7msgpack8Unpacker4feedEPKhj
                0x0000000000001868       0x78 /home/arduino/ArduinoApps/microwasteanimals/.cache/sketch/sketch/sketch.ino.cpp.o
                0x0000000000001868                arduino::msgpack::Unpacker::feed(unsigned char const*, unsigned int)
 .text._ZN7RpcCallIJEE8setErrorEiN7arduino6StringE
                0x00000000000018e0       0x40 /home/arduino/ArduinoApps/microwasteanimals/.cache/sketch/sketch/sketch.ino.cpp.o
                0x00000000000018e0                RpcCall<>::setError(int, arduino::String)
 .text._ZN7RpcCallIJEEC2ERKN7arduino6StringEP9RPCClientP7k_mutexS8_
                0x0000000000001920       0x7c /home/arduino/ArduinoApps/microwasteanimals/.cache/sketch/sketch/sketch.ino.cpp.o
                0x0000000000001920                RpcCall<>::RpcCall(arduino::String const&, RPCClient*, k_mutex*, k_mutex*)
                0x0000000000001920                RpcCall<>::RpcCall(arduino::String const&, RPCClient*, k_mutex*, k_mutex*)
 .text._ZN7RpcCallIJEE6resultIbEEbRT_.part.0
                0x000000000000199c       0x34 /home/arduino/ArduinoApps/microwasteanimals/.cache/sketch/sketch/sketch.ino.cpp.o
 .text._ZN7RpcCallIJEE7isErrorEv
                0x00000000000019d0       0x34 /home/arduino/ArduinoApps/microwasteanimals/.cache/sketch/sketch/sketch.ino.cpp.o
                0x00000000000019d0                RpcCall<>::isError()
 .text._ZNKSt6vectorIhSaIhEE12_M_check_lenEjPKc
                0x0000000000001a04       0x38 /home/arduino/ArduinoApps/microwasteanimals/.cache/sketch/sketch/sketch.ino.cpp.o
                0x0000000000001a04                std::vector<unsigned char, std::allocator<unsigned char> >::_M_check_len(unsigned int, char const*) const
 .text._ZNSt6vectorIhSaIhEE12emplace_backIJhEEERhDpOT_.isra.0
                0x0000000000001a3c       0x90 /home/arduino/ArduinoApps/microwasteanimals/.cache/sketch/sketch/sketch.ino.cpp.o
 .text._ZN7arduino7msgpack6Packer11packRawByteERKNS0_4TypeE.isra.0
                0x0000000000001acc       0x18 /home/arduino/ArduinoApps/microwasteanimals/.cache/sketch/sketch/sketch.ino.cpp.o
 .text._ZN7arduino7msgpack6Packer7packNilEv
                0x0000000000001ae4       0x18 /home/arduino/ArduinoApps/microwasteanimals/.cache/sketch/sketch/sketch.ino.cpp.o
                0x0000000000001ae4                arduino::msgpack::Packer::packNil()
 .text._ZNSt6vectorIhSaIhEE12emplace_backIJRKhEEERhDpOT_.isra.0
                0x0000000000001afc       0x90 /home/arduino/ArduinoApps/microwasteanimals/.cache/sketch/sketch/sketch.ino.cpp.o
 .text._ZN7arduino7msgpack6Packer9packUInt8Eh
                0x0000000000001b8c       0x2c /home/arduino/ArduinoApps/microwasteanimals/.cache/sketch/sketch/sketch.ino.cpp.o
                0x0000000000001b8c                arduino::msgpack::Packer::packUInt8(unsigned char)
 .text._ZNSt6vectorIhSaIhEE12emplace_backIJRhEEES3_DpOT_.isra.0
                0x0000000000001bb8       0x90 /home/arduino/ArduinoApps/microwasteanimals/.cache/sketch/sketch/sketch.ino.cpp.o
 .text._ZN7arduino7msgpack6Packer15packRawReversedIjEEvRKT_
                0x0000000000001c48       0x1c /home/arduino/ArduinoApps/microwasteanimals/.cache/sketch/sketch/sketch.ino.cpp.o
                0x0000000000001c48                void arduino::msgpack::Packer::packRawReversed<unsigned int>(unsigned int const&)
 .text._ZN7arduino7msgpack6Packer10packUInt32Ej
                0x0000000000001c64       0x28 /home/arduino/ArduinoApps/microwasteanimals/.cache/sketch/sketch/sketch.ino.cpp.o
                0x0000000000001c64                arduino::msgpack::Packer::packUInt32(unsigned int)
 .text._ZN7arduino7msgpack6Packer15packRawReversedItEEvRKT_
                0x0000000000001c8c       0x1c /home/arduino/ArduinoApps/microwasteanimals/.cache/sketch/sketch/sketch.ino.cpp.o
                0x0000000000001c8c                void arduino::msgpack::Packer::packRawReversed<unsigned short>(unsigned short const&)
 .text._ZN7arduino7msgpack6Packer13packArraySizeEj
                0x0000000000001ca8       0x58 /home/arduino/ArduinoApps/microwasteanimals/.cache/sketch/sketch/sketch.ino.cpp.o
                0x0000000000001ca8                arduino::msgpack::Packer::packArraySize(unsigned int)
 .text._ZN7arduino7msgpack6Packer10packUInt16Et
                0x0000000000001d00       0x2c /home/arduino/ArduinoApps/microwasteanimals/.cache/sketch/sketch/sketch.ino.cpp.o
                0x0000000000001d00                arduino::msgpack::Packer::packUInt16(unsigned short)
 .text._ZN7arduino7msgpack6Packer11packIntegerIjEENSt9enable_ifIXaaaaaasrSt13is_arithmeticIT_E5valuesrSt11is_integralIS5_E5valuentsrSt7is_sameIS5_bE5valuentsrS9_INSt9remove_cvIS5_E4typeEPcE5valueEvE4typeERKS5_.isra.0
                0x0000000000001d2c       0x50 /home/arduino/ArduinoApps/microwasteanimals/.cache/sketch/sketch/sketch.ino.cpp.o
 .text._ZN7arduino7msgpack6Packer11packIntegerIiEENSt9enable_ifIXaaaaaasrSt13is_arithmeticIT_E5valuesrSt11is_integralIS5_E5valuentsrSt7is_sameIS5_bE5valuentsrS9_INSt9remove_cvIS5_E4typeEPcE5valueEvE4typeERKS5_.isra.0
                0x0000000000001d7c       0xb8 /home/arduino/ArduinoApps/microwasteanimals/.cache/sketch/sketch/sketch.ino.cpp.o
 .text._ZN7arduino7msgpack6Packer12packRawBytesEPKcj
                0x0000000000001e34       0x9c /home/arduino/ArduinoApps/microwasteanimals/.cache/sketch/sketch/sketch.ino.cpp.o
                0x0000000000001e34                arduino::msgpack::Packer::packRawBytes(char const*, unsigned int)
 .text._ZN7arduino7msgpack6Packer4packERKNS_6StringE
                0x0000000000001ed0       0x7c /home/arduino/ArduinoApps/microwasteanimals/.cache/sketch/sketch/sketch.ino.cpp.o
                0x0000000000001ed0                arduino::msgpack::Packer::pack(arduino::String const&)
 .text._ZN7arduino7msgpack6Packer9serializeI8RpcErrorJRNS0_6object5nil_tEEEENSt9enable_ifIXoooontsrSt10is_pointerIT_E5valuesrSt7is_sameIS9_PKcE5valuesrSB_IS9_PKNS_19__FlashStringHelperEE5valueEvE4typeERKS9_DpOT0_.constprop.0
                0x0000000000001f4c       0x38 /home/arduino/ArduinoApps/microwasteanimals/.cache/sketch/sketch/sketch.ino.cpp.o
 .text._ZN18RpcFunctionWrapperISt8functionIFivEEEclERN7arduino7msgpack8UnpackerERNS5_6PackerE
                0x0000000000001f84       0xa4 /home/arduino/ArduinoApps/microwasteanimals/.cache/sketch/sketch/sketch.ino.cpp.o
                0x0000000000001f84                RpcFunctionWrapper<std::function<int ()> >::operator()(arduino::msgpack::Unpacker&, arduino::msgpack::Packer&)
 .text._ZN7arduino7msgpack8Unpacker9unpackIntIiEENSt9enable_ifIXaaaaaaaasrSt13is_arithmeticIT_E5valuesrSt11is_integralIS5_E5valuentsrSt7is_sameIS5_bE5valuentsrS9_INSt9remove_cvIS5_E4typeEPcE5valuesrSt9is_signedIS5_E5valueES5_E4typeEv
                0x0000000000002028       0xd0 /home/arduino/ArduinoApps/microwasteanimals/.cache/sketch/sketch/sketch.ino.cpp.o
                0x0000000000002028                std::enable_if<(((std::is_arithmetic<int>::value&&std::is_integral<int>::value)&&(!std::is_same<int, bool>::value))&&(!std::is_same<std::remove_cv<int>::type, char*>::value))&&std::is_signed<int>::value, int>::type arduino::msgpack::Unpacker::unpackInt<int>()
 .text._ZN7arduino7msgpack8Unpacker11deserializeIiJEEEbRT_DpOT0_
                0x00000000000020f8       0x40 /home/arduino/ArduinoApps/microwasteanimals/.cache/sketch/sketch/sketch.ino.cpp.o
                0x00000000000020f8                bool arduino::msgpack::Unpacker::deserialize<int>(int&)
 .text._ZN7arduino7msgpack8Unpacker11unpackFloatIfEENSt9enable_ifIXaasrSt13is_arithmeticIT_E5valuesrSt17is_floating_pointIS5_E5valueES5_E4typeEv
                0x0000000000002138      0x118 /home/arduino/ArduinoApps/microwasteanimals/.cache/sketch/sketch/sketch.ino.cpp.o
                0x0000000000002138                std::enable_if<std::is_arithmetic<float>::value&&std::is_floating_point<float>::value, float>::type arduino::msgpack::Unpacker::unpackFloat<float>()
 .text._ZN7arduino7msgpack8Unpacker11unpackFloatIdEENSt9enable_ifIXaasrSt13is_arithmeticIT_E5valuesrSt17is_floating_pointIS5_E5valueES5_E4typeEv
                0x0000000000002250      0x118 /home/arduino/ArduinoApps/microwasteanimals/.cache/sketch/sketch/sketch.ino.cpp.o
                0x0000000000002250                std::enable_if<std::is_arithmetic<double>::value&&std::is_floating_point<double>::value, double>::type arduino::msgpack::Unpacker::unpackFloat<double>()
 .text._ZN7arduino7msgpack8Unpacker12unpackBinaryIhEENSt9enable_ifIXoosrSt7is_sameIT_cE5valuesrS4_IS5_hE5valueESt6vectorINS3_IXoosrS7_5valuesrS6_5valueES5_E4typeESaIS5_EEE4typeEv
                0x0000000000002368      0x114 /home/arduino/ArduinoApps/microwasteanimals/.cache/sketch/sketch/sketch.ino.cpp.o
                0x0000000000002368                std::enable_if<std::is_same<unsigned char, char>::value||std::is_same<unsigned char, unsigned char>::value, std::vector<std::enable_if<std::is_same<unsigned char, unsigned char>::value||std::is_same<unsigned char, char>::value, unsigned char>::type, std::allocator<unsigned char> > >::type arduino::msgpack::Unpacker::unpackBinary<unsigned char>()
 .text._ZN7arduino7msgpack8Unpacker11deserializeINS0_4type9ArraySizeEJRiEEEbRT_DpOT0_
                0x000000000000247c       0x44 /home/arduino/ArduinoApps/microwasteanimals/.cache/sketch/sketch/sketch.ino.cpp.o
                0x000000000000247c                bool arduino::msgpack::Unpacker::deserialize<arduino::msgpack::type::ArraySize, int&>(arduino::msgpack::type::ArraySize&, int&)
 .text._ZNK10RpcDecoderILj1024EE4sendEPKhj
                0x00000000000024c0       0x22 /home/arduino/ArduinoApps/microwasteanimals/.cache/sketch/sketch/sketch.ino.cpp.o
                0x00000000000024c0                RpcDecoder<1024u>::send(unsigned char const*, unsigned int) const
 *fill*         0x00000000000024e2        0x2 
 .text._ZN9RPCClient8send_rpcIJEEEbRKN7arduino6StringERjDpOT_.isra.0
                0x00000000000024e4       0x8c /home/arduino/ArduinoApps/microwasteanimals/.cache/sketch/sketch/sketch.ino.cpp.o
 .text._ZN9RPCClient8send_rpcIJRKN7arduino6StringEEEEbS4_RjDpOT_.isra.0
                0x0000000000002570       0x90 /home/arduino/ArduinoApps/microwasteanimals/.cache/sketch/sketch/sketch.ino.cpp.o
 .text._ZN11BridgeClass6notifyIJiEEEvN7arduino6StringEDpOT_
                0x0000000000002600       0xac /home/arduino/ArduinoApps/microwasteanimals/.cache/sketch/sketch/sketch.ino.cpp.o
                0x0000000000002600                void BridgeClass::notify<int>(arduino::String, int&&)
 .text._ZNK9RPCServer13send_responseILj256EEEbRK10RPCRequestIXT_EE.isra.0
                0x00000000000026ac       0x24 /home/arduino/ArduinoApps/microwasteanimals/.cache/sketch/sketch/sketch.ino.cpp.o
 .text._ZN7RpcCallIJRKN7arduino6StringEEE8setErrorEiS1_
                0x00000000000026d0       0x40 /home/arduino/ArduinoApps/microwasteanimals/.cache/sketch/sketch/sketch.ino.cpp.o
                0x00000000000026d0                RpcCall<arduino::String const&>::setError(int, arduino::String)
 .text._ZN7RpcCallIJRKN7arduino6StringEEEC2ES3_P9RPCClientP7k_mutexS8_S3_
                0x0000000000002710       0x80 /home/arduino/ArduinoApps/microwasteanimals/.cache/sketch/sketch/sketch.ino.cpp.o
                0x0000000000002710                RpcCall<arduino::String const&>::RpcCall(arduino::String const&, RPCClient*, k_mutex*, k_mutex*, arduino::String const&)
                0x0000000000002710                RpcCall<arduino::String const&>::RpcCall(arduino::String const&, RPCClient*, k_mutex*, k_mutex*, arduino::String const&)
 .text._ZN7RpcCallIJRKN7arduino6StringEEE7isErrorEv
                0x0000000000002790       0x34 /home/arduino/ArduinoApps/microwasteanimals/.cache/sketch/sketch/sketch.ino.cpp.o
                0x0000000000002790                RpcCall<arduino::String const&>::isError()
 .text._ZN10RpcDecoderILj1024EE7consumeEjj
                0x00000000000027c4       0x50 /home/arduino/ArduinoApps/microwasteanimals/.cache/sketch/sketch/sketch.ino.cpp.o
                0x00000000000027c4                RpcDecoder<1024u>::consume(unsigned int, unsigned int)
 .text._ZN10RpcDecoderILj1024EE7discardEv
                0x0000000000002814       0x2c /home/arduino/ArduinoApps/microwasteanimals/.cache/sketch/sketch/sketch.ino.cpp.o
                0x0000000000002814                RpcDecoder<1024u>::discard()
 .text._ZN7arduino7msgpack8Unpacker11deserializeI8RpcErrorJRNS0_6object5nil_tEEEEbRT_DpOT0_
                0x0000000000002840       0x90 /home/arduino/ArduinoApps/microwasteanimals/.cache/sketch/sketch/sketch.ino.cpp.o
                0x0000000000002840                bool arduino::msgpack::Unpacker::deserialize<RpcError, arduino::msgpack::object::nil_t&>(RpcError&, arduino::msgpack::object::nil_t&)
 .text._ZNK21RpcFunctionDispatcherILj100EE7isBoundERKN7arduino6StringE
                0x00000000000028d0       0x34 /home/arduino/ArduinoApps/microwasteanimals/.cache/sketch/sketch/sketch.ino.cpp.o
                0x00000000000028d0                RpcFunctionDispatcher<100u>::isBound(arduino::String const&) const
 .text._ZN7arduino7msgpack8Unpacker10unpackUIntIjEENSt9enable_ifIXaaaaaaaasrSt13is_arithmeticIT_E5valuesrSt11is_integralIS5_E5valuentsrSt7is_sameIS5_bE5valuentsrS9_INSt9remove_cvIS5_E4typeEPcE5valuentsrSt9is_signedIS5_E5valueES5_E4typeEv
                0x0000000000002904       0x80 /home/arduino/ArduinoApps/microwasteanimals/.cache/sketch/sketch/sketch.ino.cpp.o
                0x0000000000002904                std::enable_if<(((std::is_arithmetic<unsigned int>::value&&std::is_integral<unsigned int>::value)&&(!std::is_same<unsigned int, bool>::value))&&(!std::is_same<std::remove_cv<unsigned int>::type, char*>::value))&&(!std::is_signed<unsigned int>::value), unsigned int>::type arduino::msgpack::Unpacker::unpackUInt<unsigned int>()
 .text._ZN7arduino7msgpack8Unpacker11deserializeIjJRNS_6StringEEEEbRT_DpOT0_
                0x0000000000002984       0x44 /home/arduino/ArduinoApps/microwasteanimals/.cache/sketch/sketch/sketch.ino.cpp.o
                0x0000000000002984                bool arduino::msgpack::Unpacker::deserialize<unsigned int, arduino::String&>(unsigned int&, arduino::String&)
 .text._ZN10RpcDecoderILj1024EE16fetch_rpc_methodEv
                0x00000000000029c8       0xe8 /home/arduino/ArduinoApps/microwasteanimals/.cache/sketch/sketch/sketch.ino.cpp.o
                0x00000000000029c8                RpcDecoder<1024u>::fetch_rpc_method()
 .text._ZN10RPCRequestILj256EE22unpack_request_headersEv
                0x0000000000002ab0       0xb8 /home/arduino/ArduinoApps/microwasteanimals/.cache/sketch/sketch/sketch.ino.cpp.o
                0x0000000000002ab0                RPCRequest<256u>::unpack_request_headers()
 .text._ZN9RPCServer15process_requestILj256EEEvR10RPCRequestIXT_EE
                0x0000000000002b68      0x114 /home/arduino/ArduinoApps/microwasteanimals/.cache/sketch/sketch/sketch.ino.cpp.o
                0x0000000000002b68                void RPCServer::process_request<256u>(RPCRequest<256u>&)
 .text._ZN7arduino7msgpack8Unpacker11deserializeINS0_4type9ArraySizeEJRiRjEEEbRT_DpOT0_
                0x0000000000002c7c       0xa0 /home/arduino/ArduinoApps/microwasteanimals/.cache/sketch/sketch/sketch.ino.cpp.o
                0x0000000000002c7c                bool arduino::msgpack::Unpacker::deserialize<arduino::msgpack::type::ArraySize, int&, unsigned int&>(arduino::msgpack::type::ArraySize&, int&, unsigned int&)
 .text._ZN10RpcDecoderILj1024EE12get_responseIbEEbjRT_R8RpcError
                0x0000000000002d1c      0x17c /home/arduino/ArduinoApps/microwasteanimals/.cache/sketch/sketch/sketch.ino.cpp.o
                0x0000000000002d1c                bool RpcDecoder<1024u>::get_response<bool>(unsigned int, bool&, RpcError&)
 .text._ZN10RpcDecoderILj1024EE12get_responseIN7arduino6StringEEEbjRT_R8RpcError
                0x0000000000002e98      0x17c /home/arduino/ArduinoApps/microwasteanimals/.cache/sketch/sketch/sketch.ino.cpp.o
                0x0000000000002e98                bool RpcDecoder<1024u>::get_response<arduino::String>(unsigned int, arduino::String&, RpcError&)
 .text._ZN10RpcDecoderILj1024EE12get_responseIN7arduino7msgpack6object5nil_tEEEbjRT_R8RpcError
                0x0000000000003014      0x17c /home/arduino/ArduinoApps/microwasteanimals/.cache/sketch/sketch/sketch.ino.cpp.o
                0x0000000000003014                bool RpcDecoder<1024u>::get_response<arduino::msgpack::object::nil_t>(unsigned int, arduino::msgpack::object::nil_t&, RpcError&)
 .text._ZNSt14_Function_baseC2Ev
                0x0000000000003190        0xa /home/arduino/ArduinoApps/microwasteanimals/.cache/sketch/sketch/sketch.ino.cpp.o
                0x0000000000003190                std::_Function_base::_Function_base()
                0x0000000000003190                std::_Function_base::_Function_base()
 *fill*         0x000000000000319a        0x2 
 .text._Z4wrapIRFivESt8functionIS0_EEP18RpcFunctionWrapperIT0_EOT_
                0x000000000000319c       0x80 /home/arduino/ArduinoApps/microwasteanimals/.cache/sketch/sketch/sketch.ino.cpp.o
                0x000000000000319c                RpcFunctionWrapper<std::function<int ()> >* wrap<int (&)(), std::function<int ()> >(int (&)())
 .text._Z4wrapIRFviiESt8functionIS0_EEP18RpcFunctionWrapperIT0_EOT_
                0x000000000000321c       0x80 /home/arduino/ArduinoApps/microwasteanimals/.cache/sketch/sketch/sketch.ino.cpp.o
                0x000000000000321c                RpcFunctionWrapper<std::function<void (int, int)> >* wrap<void (&)(int, int), std::function<void (int, int)> >(void (&)(int, int))
 .text._Z4wrapIRFviESt8functionIS0_EEP18RpcFunctionWrapperIT0_EOT_
                0x000000000000329c       0x80 /home/arduino/ArduinoApps/microwasteanimals/.cache/sketch/sketch/sketch.ino.cpp.o
                0x000000000000329c                RpcFunctionWrapper<std::function<void (int)> >* wrap<void (&)(int), std::function<void (int)> >(void (&)(int))
 .text._ZNSt11__copy_moveILb0ELb1ESt26random_access_iterator_tagE8__copy_mIhEEPT_PKS3_S6_S4_
                0x000000000000331c       0x1c /home/arduino/ArduinoApps/microwasteanimals/.cache/sketch/sketch/sketch.ino.cpp.o
                0x000000000000331c                unsigned char* std::__copy_move<false, true, std::random_access_iterator_tag>::__copy_m<unsigned char>(unsigned char const*, unsigned char const*, unsigned char*)
 .text._ZNSt11__copy_moveILb1ELb1ESt26random_access_iterator_tagE8__copy_mIhEEPT_PKS3_S6_S4_
                0x0000000000003338       0x1c /home/arduino/ArduinoApps/microwasteanimals/.cache/sketch/sketch/sketch.ino.cpp.o
                0x0000000000003338                unsigned char* std::__copy_move<true, true, std::random_access_iterator_tag>::__copy_m<unsigned char>(unsigned char const*, unsigned char const*, unsigned char*)
 .text._ZN7arduino7msgpack6object3extC2EaPKhj
                0x0000000000003354      0x104 /home/arduino/ArduinoApps/microwasteanimals/.cache/sketch/sketch/sketch.ino.cpp.o
                0x0000000000003354                arduino::msgpack::object::ext::ext(signed char, unsigned char const*, unsigned int)
                0x0000000000003354                arduino::msgpack::object::ext::ext(signed char, unsigned char const*, unsigned int)
 .text._ZN7arduino7msgpack8Unpacker9unpackExtEv
                0x0000000000003458      0x178 /home/arduino/ArduinoApps/microwasteanimals/.cache/sketch/sketch/sketch.ino.cpp.o
                0x0000000000003458                arduino::msgpack::Unpacker::unpackExt()
 .text._ZN8RpcUtils6detail12unpackObjectERN7arduino7msgpack8UnpackerE
                0x00000000000035d0      0x2b4 /home/arduino/ArduinoApps/microwasteanimals/.cache/sketch/sketch/sketch.ino.cpp.o
                0x00000000000035d0                RpcUtils::detail::unpackObject(arduino::msgpack::Unpacker&)
 .text._ZN10RpcDecoderILj1024EE12parse_packetEv
                0x0000000000003884      0x134 /home/arduino/ArduinoApps/microwasteanimals/.cache/sketch/sketch/sketch.ino.cpp.o
                0x0000000000003884                RpcDecoder<1024u>::parse_packet()
 .text._ZN10RpcDecoderILj1024EE6decodeEv
                0x00000000000039b8       0x40 /home/arduino/ArduinoApps/microwasteanimals/.cache/sketch/sketch/sketch.ino.cpp.o
                0x00000000000039b8                RpcDecoder<1024u>::decode()
 .text._ZN9RPCServer7get_rpcILj256EEEbR10RPCRequestIXT_EEN7arduino6StringE
                0x00000000000039f8       0xc4 /home/arduino/ArduinoApps/microwasteanimals/.cache/sketch/sketch/sketch.ino.cpp.o
                0x00000000000039f8                bool RPCServer::get_rpc<256u>(RPCRequest<256u>&, arduino::String)
 .text._ZN11BridgeClass11update_safeEv
                0x0000000000003abc       0xb0 /home/arduino/ArduinoApps/microwasteanimals/.cache/sketch/sketch/sketch.ino.cpp.o
                0x0000000000003abc                BridgeClass::update_safe()
 .text._Z10__loopHookv
                0x0000000000003b6c       0x28 /home/arduino/ArduinoApps/microwasteanimals/.cache/sketch/sketch/sketch.ino.cpp.o
                0x0000000000003b6c                __loopHook()
 .text._ZN11BridgeClass6updateEv
                0x0000000000003b94       0xb0 /home/arduino/ArduinoApps/microwasteanimals/.cache/sketch/sketch/sketch.ino.cpp.o
                0x0000000000003b94                BridgeClass::update()
 .text._Z16updateEntryPointPvS_S_
                0x0000000000003c44       0x28 /home/arduino/ArduinoApps/microwasteanimals/.cache/sketch/sketch/sketch.ino.cpp.o
                0x0000000000003c44                updateEntryPoint(void*, void*, void*)
 .text.loop     0x0000000000003c6c       0x44 /home/arduino/ArduinoApps/microwasteanimals/.cache/sketch/sketch/sketch.ino.cpp.o
                0x0000000000003c6c                loop
 .text._ZN9RPCClient12get_responseIbEEbjRT_R8RpcError
                0x0000000000003cb0       0x40 /home/arduino/ArduinoApps/microwasteanimals/.cache/sketch/sketch/sketch.ino.cpp.o
                0x0000000000003cb0                bool RPCClient::get_response<bool>(unsigned int, bool&, RpcError&)
 .text._ZN7RpcCallIJEE6resultIbEEbRT_
                0x0000000000003cf0       0xf4 /home/arduino/ArduinoApps/microwasteanimals/.cache/sketch/sketch/sketch.ino.cpp.o
                0x0000000000003cf0                bool RpcCall<>::result<bool>(bool&)
 .text._ZN7RpcCallIJRKN7arduino6StringEEE6resultIbEEbRT_
                0x0000000000003de4      0x118 /home/arduino/ArduinoApps/microwasteanimals/.cache/sketch/sketch/sketch.ino.cpp.o
                0x0000000000003de4                bool RpcCall<arduino::String const&>::result<bool>(bool&)
 .text._ZN9RPCClient12get_responseIN7arduino7msgpack6object5nil_tEEEbjRT_R8RpcError
                0x0000000000003efc       0x40 /home/arduino/ArduinoApps/microwasteanimals/.cache/sketch/sketch/sketch.ino.cpp.o
                0x0000000000003efc                bool RPCClient::get_response<arduino::msgpack::object::nil_t>(unsigned int, arduino::msgpack::object::nil_t&, RpcError&)
 .text._ZN7RpcCallIJRKN7arduino6StringEEED2Ev
                0x0000000000003f3c      0x118 /home/arduino/ArduinoApps/microwasteanimals/.cache/sketch/sketch/sketch.ino.cpp.o
                0x0000000000003f3c                RpcCall<arduino::String const&>::~RpcCall()
                0x0000000000003f3c                RpcCall<arduino::String const&>::~RpcCall()
 .text._ZN11BridgeClass7provideIRFviEEEbRKN7arduino6StringEOT_.isra.0
                0x0000000000004054      0x108 /home/arduino/ArduinoApps/microwasteanimals/.cache/sketch/sketch/sketch.ino.cpp.o
 .text._ZN7RpcCallIJEED2Ev
                0x000000000000415c       0xfc /home/arduino/ArduinoApps/microwasteanimals/.cache/sketch/sketch/sketch.ino.cpp.o
                0x000000000000415c                RpcCall<>::~RpcCall()
                0x000000000000415c                RpcCall<>::~RpcCall()
 .text._ZN11BridgeClass5beginEm
                0x0000000000004258      0x1e0 /home/arduino/ArduinoApps/microwasteanimals/.cache/sketch/sketch/sketch.ino.cpp.o
                0x0000000000004258                BridgeClass::begin(unsigned long)
 .text._ZN7RpcCallIJEE6resultIN7arduino6StringEEEbRT_
                0x0000000000004438      0x114 /home/arduino/ArduinoApps/microwasteanimals/.cache/sketch/sketch/sketch.ino.cpp.o
                0x0000000000004438                bool RpcCall<>::result<arduino::String>(arduino::String&)
 .text._ZN8RpcUtils6detail9unpackMapERN7arduino7msgpack8UnpackerERj
                0x000000000000454c       0x80 /home/arduino/ArduinoApps/microwasteanimals/.cache/sketch/sketch/sketch.ino.cpp.o
                0x000000000000454c                RpcUtils::detail::unpackMap(arduino::msgpack::Unpacker&, unsigned int&)
 .text._ZN8RpcUtils6detail18deserialize_singleIiEEiRN7arduino7msgpack8UnpackerERT_
                0x00000000000045cc       0x44 /home/arduino/ArduinoApps/microwasteanimals/.cache/sketch/sketch/sketch.ino.cpp.o
                0x00000000000045cc                int RpcUtils::detail::deserialize_single<int>(arduino::msgpack::Unpacker&, int&)
 .text._ZN18RpcFunctionWrapperISt8functionIFviEEEclERN7arduino7msgpack8UnpackerERNS5_6PackerE
                0x0000000000004610      0x120 /home/arduino/ArduinoApps/microwasteanimals/.cache/sketch/sketch/sketch.ino.cpp.o
                0x0000000000004610                RpcFunctionWrapper<std::function<void (int)> >::operator()(arduino::msgpack::Unpacker&, arduino::msgpack::Packer&)
 .text._ZN18RpcFunctionWrapperISt8functionIFviiEEEclERN7arduino7msgpack8UnpackerERNS5_6PackerE
                0x0000000000004730      0x13c /home/arduino/ArduinoApps/microwasteanimals/.cache/sketch/sketch/sketch.ino.cpp.o
                0x0000000000004730                RpcFunctionWrapper<std::function<void (int, int)> >::operator()(arduino::msgpack::Unpacker&, arduino::msgpack::Packer&)
 .text._GLOBAL__sub_I_distance
                0x000000000000486c       0xe4 /home/arduino/ArduinoApps/microwasteanimals/.cache/sketch/sketch/sketch.ino.cpp.o
 .text._GLOBAL__sub_D_distance
                0x0000000000004950       0x2c /home/arduino/ArduinoApps/microwasteanimals/.cache/sketch/sketch/sketch.ino.cpp.o
 .text.setup    0x000000000000497c      0x3a8 /home/arduino/ArduinoApps/microwasteanimals/.cache/sketch/sketch/sketch.ino.cpp.o
                0x000000000000497c                setup
 .text._ZN7arduino5Print17availableForWriteEv
                0x0000000000004d24        0x4 /home/arduino/ArduinoApps/microwasteanimals/.cache/sketch/libraries/Wire/Wire.cpp.o
                0x0000000000004d24                arduino::Print::availableForWrite()
 .text._ZN7arduino9ZephyrI2C5writeEi
                0x0000000000004d28        0x8 /home/arduino/ArduinoApps/microwasteanimals/.cache/sketch/libraries/Wire/Wire.cpp.o
                0x0000000000004d28                arduino::ZephyrI2C::write(int)
 .text._ZN7arduino9ZephyrI2C5beginEv
                0x0000000000004d30        0x8 /home/arduino/ArduinoApps/microwasteanimals/.cache/sketch/libraries/Wire/Wire.cpp.o
                0x0000000000004d30                arduino::ZephyrI2C::begin()
 .text._ZN7arduino9ZephyrI2C15endTransmissionEv
                0x0000000000004d38        0x8 /home/arduino/ArduinoApps/microwasteanimals/.cache/sketch/libraries/Wire/Wire.cpp.o
                0x0000000000004d38                arduino::ZephyrI2C::endTransmission()
 .text._ZN7arduino9ZephyrI2C11requestFromEhj
                0x0000000000004d40       0x10 /home/arduino/ArduinoApps/microwasteanimals/.cache/sketch/libraries/Wire/Wire.cpp.o
                0x0000000000004d40                arduino::ZephyrI2C::requestFrom(unsigned char, unsigned int)
 .text._ZN7arduino9ZephyrI2C9availableEv
                0x0000000000004d50        0xe /home/arduino/ArduinoApps/microwasteanimals/.cache/sketch/libraries/Wire/Wire.cpp.o
                0x0000000000004d50                arduino::ZephyrI2C::available()
 .text._ZN7arduino9ZephyrI2C5flushEv
                0x0000000000004d5e        0x2 /home/arduino/ArduinoApps/microwasteanimals/.cache/sketch/libraries/Wire/Wire.cpp.o
                0x0000000000004d5e                arduino::ZephyrI2C::flush()
 .text._ZN7arduino9ZephyrI2C9onReceiveEPFviE
                0x0000000000004d60        0x6 /home/arduino/ArduinoApps/microwasteanimals/.cache/sketch/libraries/Wire/Wire.cpp.o
                0x0000000000004d60                arduino::ZephyrI2C::onReceive(void (*)(int))
 .text._ZN7arduino9ZephyrI2C9onRequestEPFvvE
                0x0000000000004d66        0x6 /home/arduino/ArduinoApps/microwasteanimals/.cache/sketch/libraries/Wire/Wire.cpp.o
                0x0000000000004d66                arduino::ZephyrI2C::onRequest(void (*)())
 .text._ZN7arduino9ZephyrI2C5writeEh
                0x0000000000004d6c       0x1c /home/arduino/ArduinoApps/microwasteanimals/.cache/sketch/libraries/Wire/Wire.cpp.o
                0x0000000000004d6c                arduino::ZephyrI2C::write(unsigned char)
 .text._ZN7arduino9ZephyrI2C5writeEPKhj
                0x0000000000004d88        0xc /home/arduino/ArduinoApps/microwasteanimals/.cache/sketch/libraries/Wire/Wire.cpp.o
                0x0000000000004d88                arduino::ZephyrI2C::write(unsigned char const*, unsigned int)
 .text._ZN7arduino9ZephyrI2C4readEv
                0x0000000000004d94       0x28 /home/arduino/ArduinoApps/microwasteanimals/.cache/sketch/libraries/Wire/Wire.cpp.o
                0x0000000000004d94                arduino::ZephyrI2C::read()
 .text._ZL28i2c_target_read_processed_cbP17i2c_target_configPh
                0x0000000000004dbc       0x18 /home/arduino/ArduinoApps/microwasteanimals/.cache/sketch/libraries/Wire/Wire.cpp.o
 .text._ZN7arduino9ZephyrI2C4peekEv
                0x0000000000004dd4       0x28 /home/arduino/ArduinoApps/microwasteanimals/.cache/sketch/libraries/Wire/Wire.cpp.o
                0x0000000000004dd4                arduino::ZephyrI2C::peek()
 .text._ZN7arduino9ZephyrI2C3endEv
                0x0000000000004dfc       0x32 /home/arduino/ArduinoApps/microwasteanimals/.cache/sketch/libraries/Wire/Wire.cpp.o
                0x0000000000004dfc                arduino::ZephyrI2C::end()
 *fill*         0x0000000000004e2e        0x2 
 .text._ZN7arduino9ZephyrI2C5beginEh
                0x0000000000004e30       0x20 /home/arduino/ArduinoApps/microwasteanimals/.cache/sketch/libraries/Wire/Wire.cpp.o
                0x0000000000004e30                arduino::ZephyrI2C::begin(unsigned char)
 .text._ZN7arduino9ZephyrI2C8setClockEj
                0x0000000000004e50       0x3c /home/arduino/ArduinoApps/microwasteanimals/.cache/sketch/libraries/Wire/Wire.cpp.o
                0x0000000000004e50                arduino::ZephyrI2C::setClock(unsigned int)
 .text._ZN7arduino9ZephyrI2C11requestFromEhjb
                0x0000000000004e8c       0x88 /home/arduino/ArduinoApps/microwasteanimals/.cache/sketch/libraries/Wire/Wire.cpp.o
                0x0000000000004e8c                arduino::ZephyrI2C::requestFrom(unsigned char, unsigned int, bool)
 .text._ZN7arduino9ZephyrI2C15endTransmissionEb
                0x0000000000004f14       0x74 /home/arduino/ArduinoApps/microwasteanimals/.cache/sketch/libraries/Wire/Wire.cpp.o
                0x0000000000004f14                arduino::ZephyrI2C::endTransmission(bool)
 .text._ZL29i2c_target_write_requested_cbP17i2c_target_config
                0x0000000000004f88        0xe /home/arduino/ArduinoApps/microwasteanimals/.cache/sketch/libraries/Wire/Wire.cpp.o
 .text._ZN7arduino9ZephyrI2C17beginTransmissionEh
                0x0000000000004f96       0x14 /home/arduino/ArduinoApps/microwasteanimals/.cache/sketch/libraries/Wire/Wire.cpp.o
                0x0000000000004f96                arduino::ZephyrI2C::beginTransmission(unsigned char)
 *fill*         0x0000000000004faa        0x2 
 .text._ZN7arduino9ZephyrI2CC2EPK6device
                0x0000000000004fac       0x4c /home/arduino/ArduinoApps/microwasteanimals/.cache/sketch/libraries/Wire/Wire.cpp.o
                0x0000000000004fac                arduino::ZephyrI2C::ZephyrI2C(device const*)
                0x0000000000004fac                arduino::ZephyrI2C::ZephyrI2C(device const*)
 .text._ZN7arduino9ZephyrI2C21writeReceivedCallbackEP17i2c_target_configh
                0x0000000000004ff8       0x44 /home/arduino/ArduinoApps/microwasteanimals/.cache/sketch/libraries/Wire/Wire.cpp.o
                0x0000000000004ff8                arduino::ZephyrI2C::writeReceivedCallback(i2c_target_config*, unsigned char)
 .text._ZL28i2c_target_write_received_cbP17i2c_target_configh
                0x000000000000503c       0x10 /home/arduino/ArduinoApps/microwasteanimals/.cache/sketch/libraries/Wire/Wire.cpp.o
 .text._ZN7arduino9ZephyrI2C21readRequestedCallbackEP17i2c_target_configPh
                0x000000000000504c       0x30 /home/arduino/ArduinoApps/microwasteanimals/.cache/sketch/libraries/Wire/Wire.cpp.o
                0x000000000000504c                arduino::ZephyrI2C::readRequestedCallback(i2c_target_config*, unsigned char*)
 .text._ZL28i2c_target_read_requested_cbP17i2c_target_configPh
                0x000000000000507c       0x10 /home/arduino/ArduinoApps/microwasteanimals/.cache/sketch/libraries/Wire/Wire.cpp.o
 .text._ZN7arduino9ZephyrI2C12stopCallbackEP17i2c_target_config
                0x000000000000508c       0x1c /home/arduino/ArduinoApps/microwasteanimals/.cache/sketch/libraries/Wire/Wire.cpp.o
                0x000000000000508c                arduino::ZephyrI2C::stopCallback(i2c_target_config*)
 .text._ZL18i2c_target_stop_cbP17i2c_target_config
                0x00000000000050a8        0xc /home/arduino/ArduinoApps/microwasteanimals/.cache/sketch/libraries/Wire/Wire.cpp.o
 .text._GLOBAL__sub_I__ZN7arduino9ZephyrI2CC2EPK6device
                0x00000000000050b4       0x94 /home/arduino/ArduinoApps/microwasteanimals/.cache/sketch/libraries/Wire/Wire.cpp.o
 .text._GLOBAL__sub_D__ZN7arduino9ZephyrI2CC2EPK6device
                0x0000000000005148       0x2c /home/arduino/ArduinoApps/microwasteanimals/.cache/sketch/libraries/Wire/Wire.cpp.o
 .text._ZN7arduino9ZephyrSPI14usingInterruptEi
                0x0000000000005174        0x2 /home/arduino/ArduinoApps/microwasteanimals/.cache/sketch/libraries/SPI/SPI.cpp.o
                0x0000000000005174                arduino::ZephyrSPI::notUsingInterrupt(int)
                0x0000000000005174                arduino::ZephyrSPI::usingInterrupt(int)
 .text._ZN7arduino9ZephyrSPI15attachInterruptEv
                0x0000000000005176        0x2 /home/arduino/ArduinoApps/microwasteanimals/.cache/sketch/libraries/SPI/SPI.cpp.o
                0x0000000000005176                arduino::ZephyrSPI::attachInterrupt()
                0x0000000000005176                arduino::ZephyrSPI::detachInterrupt()
 .text._ZN7arduino9ZephyrSPI5beginEv
                0x0000000000005178        0x6 /home/arduino/ArduinoApps/microwasteanimals/.cache/sketch/libraries/SPI/SPI.cpp.o
                0x0000000000005178                arduino::ZephyrSPI::begin()
 .text._ZN7arduino9ZephyrSPI3endEv
                0x000000000000517e        0xa /home/arduino/ArduinoApps/microwasteanimals/.cache/sketch/libraries/SPI/SPI.cpp.o
                0x000000000000517e                arduino::ZephyrSPI::end()
 .text._ZN7arduino9ZephyrSPID2Ev
                0x0000000000005188        0x2 /home/arduino/ArduinoApps/microwasteanimals/.cache/sketch/libraries/SPI/SPI.cpp.o
                0x0000000000005188                arduino::ZephyrSPI::~ZephyrSPI()
                0x0000000000005188                arduino::ZephyrSPI::~ZephyrSPI()
 *fill*         0x000000000000518a        0x2 
 .text._ZN7arduino9ZephyrSPID0Ev
                0x000000000000518c       0x14 /home/arduino/ArduinoApps/microwasteanimals/.cache/sketch/libraries/SPI/SPI.cpp.o
                0x000000000000518c                arduino::ZephyrSPI::~ZephyrSPI()
 .text._ZN7arduino9ZephyrSPI16beginTransactionENS_11SPISettingsE
                0x00000000000051a0       0x80 /home/arduino/ArduinoApps/microwasteanimals/.cache/sketch/libraries/SPI/SPI.cpp.o
                0x00000000000051a0                arduino::ZephyrSPI::beginTransaction(arduino::SPISettings)
 .text._ZN7arduino9ZephyrSPI14endTransactionEv
                0x0000000000005220        0xc /home/arduino/ArduinoApps/microwasteanimals/.cache/sketch/libraries/SPI/SPI.cpp.o
                0x0000000000005220                arduino::ZephyrSPI::endTransaction()
 .text._ZN7arduino9ZephyrSPI8transferEPvjPK10spi_config
                0x000000000000522c       0x2e /home/arduino/ArduinoApps/microwasteanimals/.cache/sketch/libraries/SPI/SPI.cpp.o
                0x000000000000522c                arduino::ZephyrSPI::transfer(void*, unsigned int, spi_config const*)
 *fill*         0x000000000000525a        0x2 
 .text._ZN7arduino9ZephyrSPI8transferEh
                0x000000000000525c       0x28 /home/arduino/ArduinoApps/microwasteanimals/.cache/sketch/libraries/SPI/SPI.cpp.o
                0x000000000000525c                arduino::ZephyrSPI::transfer(unsigned char)
 .text._ZN7arduino9ZephyrSPI10transfer16Et
                0x0000000000005284       0x28 /home/arduino/ArduinoApps/microwasteanimals/.cache/sketch/libraries/SPI/SPI.cpp.o
                0x0000000000005284                arduino::ZephyrSPI::transfer16(unsigned short)
 .text._ZN7arduino9ZephyrSPI8transferEPvj
                0x00000000000052ac       0x14 /home/arduino/ArduinoApps/microwasteanimals/.cache/sketch/libraries/SPI/SPI.cpp.o
                0x00000000000052ac                arduino::ZephyrSPI::transfer(void*, unsigned int)
 .text._GLOBAL__sub_I__ZN7arduino9ZephyrSPIC2EPK6device
                0x00000000000052c0       0x94 /home/arduino/ArduinoApps/microwasteanimals/.cache/sketch/libraries/SPI/SPI.cpp.o
 .text._GLOBAL__sub_D__ZN7arduino9ZephyrSPIC2EPK6device
                0x0000000000005354       0x2c /home/arduino/ArduinoApps/microwasteanimals/.cache/sketch/libraries/SPI/SPI.cpp.o
 .text._ZN7arduino5Print5flushEv
                0x0000000000005380        0x2 /home/arduino/ArduinoApps/microwasteanimals/.cache/sketch/libraries/Arduino_RouterBridge/singletons.cpp.o
                0x0000000000005380                arduino::Print::flush()
 .text._ZN13BridgeMonitorILj512EE5writeEh
                0x0000000000005382       0x18 /home/arduino/ArduinoApps/microwasteanimals/.cache/sketch/libraries/Arduino_RouterBridge/singletons.cpp.o
                0x0000000000005382                BridgeMonitor<512u>::write(unsigned char)
 *fill*         0x000000000000539a        0x2 
 .text.k_yield  0x000000000000539c        0x8 /home/arduino/ArduinoApps/microwasteanimals/.cache/sketch/libraries/Arduino_RouterBridge/singletons.cpp.o
 .text.k_mutex_lock
                0x00000000000053a4        0x8 /home/arduino/ArduinoApps/microwasteanimals/.cache/sketch/libraries/Arduino_RouterBridge/singletons.cpp.o
 .text._ZSt14__relocate_a_1IhhENSt9enable_ifIXsrSt24__is_bitwise_relocatableIT_vE5valueEPS2_E4typeES4_S4_S4_RSaIT0_E.isra.0
                0x00000000000053ac       0x20 /home/arduino/ArduinoApps/microwasteanimals/.cache/sketch/libraries/Arduino_RouterBridge/singletons.cpp.o
 .text._ZNSt12_Vector_baseIhSaIhEE11_M_allocateEj.isra.0
                0x00000000000053cc       0x20 /home/arduino/ArduinoApps/microwasteanimals/.cache/sketch/libraries/Arduino_RouterBridge/singletons.cpp.o
 .text.k_mutex_unlock.isra.0
                0x00000000000053ec        0x8 /home/arduino/ArduinoApps/microwasteanimals/.cache/sketch/libraries/Arduino_RouterBridge/singletons.cpp.o
 .text._ZN7RpcCallIJRN7arduino6StringEEE7isErrorEv.isra.0
                0x00000000000053f4       0x28 /home/arduino/ArduinoApps/microwasteanimals/.cache/sketch/libraries/Arduino_RouterBridge/singletons.cpp.o
 .text._ZN13BridgeMonitorILj512EE4readEv
                0x000000000000541c       0x68 /home/arduino/ArduinoApps/microwasteanimals/.cache/sketch/libraries/Arduino_RouterBridge/singletons.cpp.o
                0x000000000000541c                BridgeMonitor<512u>::read()
 .text._ZN13BridgeMonitorILj512EE4peekEv
                0x0000000000005484       0x44 /home/arduino/ArduinoApps/microwasteanimals/.cache/sketch/libraries/Arduino_RouterBridge/singletons.cpp.o
                0x0000000000005484                BridgeMonitor<512u>::peek()
 .text.k_msleep.constprop.0.isra.0
                0x00000000000054c8        0xc /home/arduino/ArduinoApps/microwasteanimals/.cache/sketch/libraries/Arduino_RouterBridge/singletons.cpp.o
 .text._ZNSt6vectorIhSaIhEE14_M_move_assignEOS1_St17integral_constantIbLb1EE.isra.0
                0x00000000000054d4       0x34 /home/arduino/ArduinoApps/microwasteanimals/.cache/sketch/libraries/Arduino_RouterBridge/singletons.cpp.o
 .text._ZNSt6vectorIhSaIhEE12emplace_backIJRKhEEERhDpOT_.isra.0
                0x0000000000005508       0x90 /home/arduino/ArduinoApps/microwasteanimals/.cache/sketch/libraries/Arduino_RouterBridge/singletons.cpp.o
 .text._ZNSt6vectorIhSaIhEE12emplace_backIJhEEERhDpOT_.isra.0
                0x0000000000005598       0x90 /home/arduino/ArduinoApps/microwasteanimals/.cache/sketch/libraries/Arduino_RouterBridge/singletons.cpp.o
 .text._ZN7arduino7msgpack8Unpacker11deserializeISt6vectorIhSaIhEEJEEEbRT_DpOT0_
                0x0000000000005628      0x13c /home/arduino/ArduinoApps/microwasteanimals/.cache/sketch/libraries/Arduino_RouterBridge/singletons.cpp.o
                0x0000000000005628                bool arduino::msgpack::Unpacker::deserialize<std::vector<unsigned char, std::allocator<unsigned char> >>(std::vector<unsigned char, std::allocator<unsigned char> >&)
 .text._ZN7arduino7msgpack6Packer11packRawByteERKNS0_4TypeE.isra.0
                0x0000000000005764       0x18 /home/arduino/ArduinoApps/microwasteanimals/.cache/sketch/libraries/Arduino_RouterBridge/singletons.cpp.o
 .text._ZNSt6vectorIhSaIhEE12emplace_backIJRhEEES3_DpOT_.isra.0
                0x000000000000577c       0x90 /home/arduino/ArduinoApps/microwasteanimals/.cache/sketch/libraries/Arduino_RouterBridge/singletons.cpp.o
 .text._ZN7arduino7msgpack6Packer11packIntegerIjEENSt9enable_ifIXaaaaaasrSt13is_arithmeticIT_E5valuesrSt11is_integralIS5_E5valuentsrSt7is_sameIS5_bE5valuentsrS9_INSt9remove_cvIS5_E4typeEPcE5valueEvE4typeERKS5_.isra.0
                0x000000000000580c       0x50 /home/arduino/ArduinoApps/microwasteanimals/.cache/sketch/libraries/Arduino_RouterBridge/singletons.cpp.o
 .text._ZN7arduino7msgpack6Packer11packIntegerIiEENSt9enable_ifIXaaaaaasrSt13is_arithmeticIT_E5valuesrSt11is_integralIS5_E5valuentsrSt7is_sameIS5_bE5valuentsrS9_INSt9remove_cvIS5_E4typeEPcE5valueEvE4typeERKS5_.isra.0
                0x000000000000585c       0xb8 /home/arduino/ArduinoApps/microwasteanimals/.cache/sketch/libraries/Arduino_RouterBridge/singletons.cpp.o
 .text._ZN9RPCClient8send_rpcIJRKN7arduino6StringEEEEbS4_RjDpOT_.isra.0
                0x0000000000005914       0x90 /home/arduino/ArduinoApps/microwasteanimals/.cache/sketch/libraries/Arduino_RouterBridge/singletons.cpp.o
 .text._ZN9RPCClient8send_rpcIJRKjEEEbRKN7arduino6StringERjDpOT_.isra.0
                0x00000000000059a4       0x94 /home/arduino/ArduinoApps/microwasteanimals/.cache/sketch/libraries/Arduino_RouterBridge/singletons.cpp.o
 .text._ZN7arduino7msgpack8Unpacker11deserializeIjJEEEbRT_DpOT0_
                0x0000000000005a38       0x40 /home/arduino/ArduinoApps/microwasteanimals/.cache/sketch/libraries/Arduino_RouterBridge/singletons.cpp.o
                0x0000000000005a38                bool arduino::msgpack::Unpacker::deserialize<unsigned int>(unsigned int&)
 .text._ZN11BridgeClass6notifyIJRN7arduino6StringEEEEvS2_DpOT_
                0x0000000000005a78       0xac /home/arduino/ArduinoApps/microwasteanimals/.cache/sketch/libraries/Arduino_RouterBridge/singletons.cpp.o
                0x0000000000005a78                void BridgeClass::notify<arduino::String&>(arduino::String, arduino::String&)
 .text._ZN7RpcCallIJRN7arduino6StringEEE8setErrorEiS1_
                0x0000000000005b24       0x40 /home/arduino/ArduinoApps/microwasteanimals/.cache/sketch/libraries/Arduino_RouterBridge/singletons.cpp.o
                0x0000000000005b24                RpcCall<arduino::String&>::setError(int, arduino::String)
 .text._ZN10RpcDecoderILj1024EE12get_responseIjEEbjRT_R8RpcError
                0x0000000000005b64      0x17c /home/arduino/ArduinoApps/microwasteanimals/.cache/sketch/libraries/Arduino_RouterBridge/singletons.cpp.o
                0x0000000000005b64                bool RpcDecoder<1024u>::get_response<unsigned int>(unsigned int, unsigned int&, RpcError&)
 .text._ZN13BridgeMonitorILj512EE5writeEPKhj
                0x0000000000005ce0      0x2b4 /home/arduino/ArduinoApps/microwasteanimals/.cache/sketch/libraries/Arduino_RouterBridge/singletons.cpp.o
                0x0000000000005ce0                BridgeMonitor<512u>::write(unsigned char const*, unsigned int)
 .text._ZN7RpcCallIJRjEE8setErrorEiN7arduino6StringE
                0x0000000000005f94       0x40 /home/arduino/ArduinoApps/microwasteanimals/.cache/sketch/libraries/Arduino_RouterBridge/singletons.cpp.o
                0x0000000000005f94                RpcCall<unsigned int&>::setError(int, arduino::String)
 .text._ZN7RpcCallIJRjEE7isErrorEv
                0x0000000000005fd4       0x34 /home/arduino/ArduinoApps/microwasteanimals/.cache/sketch/libraries/Arduino_RouterBridge/singletons.cpp.o
                0x0000000000005fd4                RpcCall<unsigned int&>::isError()
 .text._ZN10RpcDecoderILj1024EE12get_responseISt6vectorIhSaIhEEEEbjRT_R8RpcError
                0x0000000000006008      0x17c /home/arduino/ArduinoApps/microwasteanimals/.cache/sketch/libraries/Arduino_RouterBridge/singletons.cpp.o
                0x0000000000006008                bool RpcDecoder<1024u>::get_response<std::vector<unsigned char, std::allocator<unsigned char> > >(unsigned int, std::vector<unsigned char, std::allocator<unsigned char> >&, RpcError&)
 .text._ZN7RpcCallIJRjEE6resultISt6vectorIhSaIhEEEEbRT_
                0x0000000000006184      0x134 /home/arduino/ArduinoApps/microwasteanimals/.cache/sketch/libraries/Arduino_RouterBridge/singletons.cpp.o
                0x0000000000006184                bool RpcCall<unsigned int&>::result<std::vector<unsigned char, std::allocator<unsigned char> > >(std::vector<unsigned char, std::allocator<unsigned char> >&)
 .text._ZN13BridgeMonitorILj512EE5_readEj
                0x00000000000062b8      0x1f8 /home/arduino/ArduinoApps/microwasteanimals/.cache/sketch/libraries/Arduino_RouterBridge/singletons.cpp.o
                0x00000000000062b8                BridgeMonitor<512u>::_read(unsigned int)
 .text._ZN13BridgeMonitorILj512EE9availableEv
                0x00000000000064b0       0x44 /home/arduino/ArduinoApps/microwasteanimals/.cache/sketch/libraries/Arduino_RouterBridge/singletons.cpp.o
                0x00000000000064b0                BridgeMonitor<512u>::available()
 .text._GLOBAL__sub_I_Bridge
                0x00000000000064f4       0xf0 /home/arduino/ArduinoApps/microwasteanimals/.cache/sketch/libraries/Arduino_RouterBridge/singletons.cpp.o
 .text._GLOBAL__sub_D_Bridge
                0x00000000000065e4       0x2c /home/arduino/ArduinoApps/microwasteanimals/.cache/sketch/libraries/Arduino_RouterBridge/singletons.cpp.o
 .text._Z21__increaseI2CPriorityv
                0x0000000000006610        0x2 /home/arduino/ArduinoApps/microwasteanimals/.cache/sketch/libraries/Arduino_Modulino/Modulino.cpp.o
                0x0000000000006610                __increaseI2CPriority()
 *fill*         0x0000000000006612        0x2 
 .text._ZN15ModulinoHubPort6selectEv
                0x0000000000006614       0x30 /home/arduino/ArduinoApps/microwasteanimals/.cache/sketch/libraries/Arduino_Modulino/Modulino.cpp.o
                0x0000000000006614                ModulinoHubPort::select()
 .text._ZN15ModulinoHubPort5clearEv
                0x0000000000006644       0x2c /home/arduino/ArduinoApps/microwasteanimals/.cache/sketch/libraries/Arduino_Modulino/Modulino.cpp.o
                0x0000000000006644                ModulinoHubPort::clear()
 .text._GLOBAL__sub_I_Modulino
                0x0000000000006670       0xc8 /home/arduino/ArduinoApps/microwasteanimals/.cache/sketch/libraries/Arduino_Modulino/Modulino.cpp.o
 .text._GLOBAL__sub_D_Modulino
                0x0000000000006738       0x2c /home/arduino/ArduinoApps/microwasteanimals/.cache/sketch/libraries/Arduino_Modulino/Modulino.cpp.o
 .text._ZN8VL53L4CD6WaitMsEj
                0x0000000000006764       0x10 /home/arduino/ArduinoApps/microwasteanimals/.cache/sketch/libraries/STM32duino VL53L4CD/platform.cpp.o
                0x0000000000006764                VL53L4CD::WaitMs(unsigned int)
 .text._ZN8VL53L4CD16VL53L4CD_I2CReadEhtPhj
                0x0000000000006774       0xa2 /home/arduino/ArduinoApps/microwasteanimals/.cache/sketch/libraries/STM32duino VL53L4CD/platform.cpp.o
                0x0000000000006774                VL53L4CD::VL53L4CD_I2CRead(unsigned char, unsigned short, unsigned char*, unsigned int)
 *fill*         0x0000000000006816        0x2 
 .text._ZN8VL53L4CD16VL53L4CD_RdDWordEttPj
                0x0000000000006818       0x28 /home/arduino/ArduinoApps/microwasteanimals/.cache/sketch/libraries/STM32duino VL53L4CD/platform.cpp.o
                0x0000000000006818                VL53L4CD::VL53L4CD_RdDWord(unsigned short, unsigned short, unsigned int*)
 .text._ZN8VL53L4CD15VL53L4CD_RdWordEttPt
                0x0000000000006840       0x2c /home/arduino/ArduinoApps/microwasteanimals/.cache/sketch/libraries/STM32duino VL53L4CD/platform.cpp.o
                0x0000000000006840                VL53L4CD::VL53L4CD_RdWord(unsigned short, unsigned short, unsigned short*)
 .text._ZN8VL53L4CD15VL53L4CD_RdByteEttPh
                0x000000000000686c       0x14 /home/arduino/ArduinoApps/microwasteanimals/.cache/sketch/libraries/STM32duino VL53L4CD/platform.cpp.o
                0x000000000000686c                VL53L4CD::VL53L4CD_RdByte(unsigned short, unsigned short, unsigned char*)
 .text._ZN8VL53L4CD17VL53L4CD_I2CWriteEhtPhj
                0x0000000000006880       0x74 /home/arduino/ArduinoApps/microwasteanimals/.cache/sketch/libraries/STM32duino VL53L4CD/platform.cpp.o
                0x0000000000006880                VL53L4CD::VL53L4CD_I2CWrite(unsigned char, unsigned short, unsigned char*, unsigned int)
 .text._ZN8VL53L4CD15VL53L4CD_WrByteEtth
                0x00000000000068f4       0x1c /home/arduino/ArduinoApps/microwasteanimals/.cache/sketch/libraries/STM32duino VL53L4CD/platform.cpp.o
                0x00000000000068f4                VL53L4CD::VL53L4CD_WrByte(unsigned short, unsigned short, unsigned char)
 .text._ZN8VL53L4CD15VL53L4CD_WrWordEttt
                0x0000000000006910       0x1c /home/arduino/ArduinoApps/microwasteanimals/.cache/sketch/libraries/STM32duino VL53L4CD/platform.cpp.o
                0x0000000000006910                VL53L4CD::VL53L4CD_WrWord(unsigned short, unsigned short, unsigned short)
 .text._ZN8VL53L4CD16VL53L4CD_WrDWordEttj
                0x000000000000692c       0x1c /home/arduino/ArduinoApps/microwasteanimals/.cache/sketch/libraries/STM32duino VL53L4CD/platform.cpp.o
                0x000000000000692c                VL53L4CD::VL53L4CD_WrDWord(unsigned short, unsigned short, unsigned int)
 .text._GLOBAL__sub_I__ZN8VL53L4CD16VL53L4CD_RdDWordEttPj
                0x0000000000006948       0x64 /home/arduino/ArduinoApps/microwasteanimals/.cache/sketch/libraries/STM32duino VL53L4CD/platform.cpp.o
 .text._GLOBAL__sub_D__ZN8VL53L4CD16VL53L4CD_RdDWordEttPj
                0x00000000000069ac       0x2c /home/arduino/ArduinoApps/microwasteanimals/.cache/sketch/libraries/STM32duino VL53L4CD/platform.cpp.o
 .text._ZN8VL53L4CD22VL53L4CD_SetI2CAddressEh
                0x00000000000069d8       0x18 /home/arduino/ArduinoApps/microwasteanimals/.cache/sketch/libraries/STM32duino VL53L4CD/vl53l4cd_api.cpp.o
                0x00000000000069d8                VL53L4CD::VL53L4CD_SetI2CAddress(unsigned char)
 .text._ZN8VL53L4CD20VL53L4CD_GetSensorIdEPt
                0x00000000000069f0       0x18 /home/arduino/ArduinoApps/microwasteanimals/.cache/sketch/libraries/STM32duino VL53L4CD/vl53l4cd_api.cpp.o
                0x00000000000069f0                VL53L4CD::VL53L4CD_GetSensorId(unsigned short*)
 .text._ZN8VL53L4CD23VL53L4CD_ClearInterruptEv
                0x0000000000006a08       0x18 /home/arduino/ArduinoApps/microwasteanimals/.cache/sketch/libraries/STM32duino VL53L4CD/vl53l4cd_api.cpp.o
                0x0000000000006a08                VL53L4CD::VL53L4CD_ClearInterrupt()
 .text._ZN8VL53L4CD20VL53L4CD_StopRangingEv
                0x0000000000006a20       0x18 /home/arduino/ArduinoApps/microwasteanimals/.cache/sketch/libraries/STM32duino VL53L4CD/vl53l4cd_api.cpp.o
                0x0000000000006a20                VL53L4CD::VL53L4CD_StopRanging()
 .text._ZN8VL53L4CD26VL53L4CD_CheckForDataReadyEPh
                0x0000000000006a38       0x54 /home/arduino/ArduinoApps/microwasteanimals/.cache/sketch/libraries/STM32duino VL53L4CD/vl53l4cd_api.cpp.o
                0x0000000000006a38                VL53L4CD::VL53L4CD_CheckForDataReady(unsigned char*)
 .text._ZN8VL53L4CD21VL53L4CD_StartRangingEv
                0x0000000000006a8c       0x84 /home/arduino/ArduinoApps/microwasteanimals/.cache/sketch/libraries/STM32duino VL53L4CD/vl53l4cd_api.cpp.o
                0x0000000000006a8c                VL53L4CD::VL53L4CD_StartRanging()
 .text._ZN8VL53L4CD23VL53L4CD_SetRangeTimingEjj
                0x0000000000006b10      0x14c /home/arduino/ArduinoApps/microwasteanimals/.cache/sketch/libraries/STM32duino VL53L4CD/vl53l4cd_api.cpp.o
                0x0000000000006b10                VL53L4CD::VL53L4CD_SetRangeTiming(unsigned int, unsigned int)
 .text._ZN8VL53L4CD19VL53L4CD_SensorInitEv
                0x0000000000006c5c      0x134 /home/arduino/ArduinoApps/microwasteanimals/.cache/sketch/libraries/STM32duino VL53L4CD/vl53l4cd_api.cpp.o
                0x0000000000006c5c                VL53L4CD::VL53L4CD_SensorInit()
 .text._ZN8VL53L4CD18VL53L4CD_GetResultEP17VL53L4CD_Result_t
                0x0000000000006d90      0x108 /home/arduino/ArduinoApps/microwasteanimals/.cache/sketch/libraries/STM32duino VL53L4CD/vl53l4cd_api.cpp.o
                0x0000000000006d90                VL53L4CD::VL53L4CD_GetResult(VL53L4CD_Result_t*)
 .text._GLOBAL__sub_I__ZN8VL53L4CD21VL53L4CD_GetSWVersionEP18VL53L4CD_Version_t
                0x0000000000006e98       0x64 /home/arduino/ArduinoApps/microwasteanimals/.cache/sketch/libraries/STM32duino VL53L4CD/vl53l4cd_api.cpp.o
 .text._GLOBAL__sub_D__ZN8VL53L4CD21VL53L4CD_GetSWVersionEP18VL53L4CD_Version_t
                0x0000000000006efc       0x2c /home/arduino/ArduinoApps/microwasteanimals/.cache/sketch/libraries/STM32duino VL53L4CD/vl53l4cd_api.cpp.o
 .text._GLOBAL__sub_I__ZN8VL53L4CD24VL53L4CD_CalibrateOffsetEsPss
                0x0000000000006f28       0x64 /home/arduino/ArduinoApps/microwasteanimals/.cache/sketch/libraries/STM32duino VL53L4CD/vl53l4cd_calibration.cpp.o
 .text._GLOBAL__sub_D__ZN8VL53L4CD24VL53L4CD_CalibrateOffsetEsPss
                0x0000000000006f8c       0x2c /home/arduino/ArduinoApps/microwasteanimals/.cache/sketch/libraries/STM32duino VL53L4CD/vl53l4cd_calibration.cpp.o
 .text._ZN8VL53L4ED8_I2CReadEtPhj
                0x0000000000006fb8       0xa2 /home/arduino/ArduinoApps/microwasteanimals/.cache/sketch/libraries/STM32duino VL53L4ED/platform.cpp.o
                0x0000000000006fb8                VL53L4ED::_I2CRead(unsigned short, unsigned char*, unsigned int)
 .text._ZN8VL53L4ED9_I2CWriteEtPhj
                0x000000000000705a       0x72 /home/arduino/ArduinoApps/microwasteanimals/.cache/sketch/libraries/STM32duino VL53L4ED/platform.cpp.o
                0x000000000000705a                VL53L4ED::_I2CWrite(unsigned short, unsigned char*, unsigned int)
 .text._ZN8VL53L4ED15VL53L4ED_WrByteEth
                0x00000000000070cc       0x18 /home/arduino/ArduinoApps/microwasteanimals/.cache/sketch/libraries/STM32duino VL53L4ED/platform.cpp.o
                0x00000000000070cc                VL53L4ED::VL53L4ED_WrByte(unsigned short, unsigned char)
 .text._ZN8VL53L4ED15VL53L4ED_WrWordEtt
                0x00000000000070e4       0x18 /home/arduino/ArduinoApps/microwasteanimals/.cache/sketch/libraries/STM32duino VL53L4ED/platform.cpp.o
                0x00000000000070e4                VL53L4ED::VL53L4ED_WrWord(unsigned short, unsigned short)
 .text._ZN8VL53L4ED16VL53L4ED_WrDWordEtj
                0x00000000000070fc       0x18 /home/arduino/ArduinoApps/microwasteanimals/.cache/sketch/libraries/STM32duino VL53L4ED/platform.cpp.o
                0x00000000000070fc                VL53L4ED::VL53L4ED_WrDWord(unsigned short, unsigned int)
 .text._ZN8VL53L4ED15VL53L4ED_RdByteEtPh
                0x0000000000007114       0x10 /home/arduino/ArduinoApps/microwasteanimals/.cache/sketch/libraries/STM32duino VL53L4ED/platform.cpp.o
                0x0000000000007114                VL53L4ED::VL53L4ED_RdByte(unsigned short, unsigned char*)
 .text._ZN8VL53L4ED15VL53L4ED_RdWordEtPt
                0x0000000000007124       0x24 /home/arduino/ArduinoApps/microwasteanimals/.cache/sketch/libraries/STM32duino VL53L4ED/platform.cpp.o
                0x0000000000007124                VL53L4ED::VL53L4ED_RdWord(unsigned short, unsigned short*)
 .text._ZN8VL53L4ED16VL53L4ED_RdDWordEtPj
                0x0000000000007148       0x24 /home/arduino/ArduinoApps/microwasteanimals/.cache/sketch/libraries/STM32duino VL53L4ED/platform.cpp.o
                0x0000000000007148                VL53L4ED::VL53L4ED_RdDWord(unsigned short, unsigned int*)
 .text._ZN8VL53L4ED6WaitMsEj
                0x000000000000716c       0x14 /home/arduino/ArduinoApps/microwasteanimals/.cache/sketch/libraries/STM32duino VL53L4ED/platform.cpp.o
                0x000000000000716c                VL53L4ED::WaitMs(unsigned int)
 .text._GLOBAL__sub_I__ZN8VL53L4ED15VL53L4ED_WrByteEth
                0x0000000000007180       0x64 /home/arduino/ArduinoApps/microwasteanimals/.cache/sketch/libraries/STM32duino VL53L4ED/platform.cpp.o
 .text._GLOBAL__sub_D__ZN8VL53L4ED15VL53L4ED_WrByteEth