Archive member included to satisfy reference by file (symbol)

/home/arduino/ArduinoApps/microwasteanimals/.cache/sketch/core/core.a(Common.cpp.o)
                              /home/arduino/ArduinoApps/microwasteanimals/.cache/sketch/sketch/sketch.ino.cpp.o (map(long, long, long, long, long))
/home/arduino/ArduinoApps/microwasteanimals/.cache/sketch/core/core.a(Print.cpp.o)
                              /home/arduino/ArduinoApps/microwasteanimals/.cache/sketch/sketch/sketch.ino.cpp.o (arduino::Print::print(char const*))
/home/arduino/ArduinoApps/microwasteanimals/.cache/sketch/core/core.a(Stream.cpp.o)
                              /home/arduino/ArduinoApps/microwasteanimals/.cache/sketch/sketch/sketch.ino.cpp.o (arduino::Stream::setTimeout(unsigned long))
/home/arduino/ArduinoApps/microwasteanimals/.cache/sketch/core/core.a(String.cpp.o)
                              /home/arduino/ArduinoApps/microwasteanimals/.cache/sketch/sketch/sketch.ino.cpp.o (arduino::String::String(arduino::String&&))
/home/arduino/ArduinoApps/microwasteanimals/.cache/sketch/core/core.a(itoa.cpp.o)
                              /home/arduino/ArduinoApps/microwasteanimals/.cache/sketch/core/core.a(String.cpp.o) (dtostrf)
/home/arduino/ArduinoApps/microwasteanimals/.cache/sketch/core/core.a(llext_wrappers.c.o)
                              /home/arduino/ArduinoApps/microwasteanimals/.cache/sketch/sketch/sketch.ino.cpp.o (memcpy)
/home/arduino/ArduinoApps/microwasteanimals/.cache/sketch/core/core.a(main.cpp.o)
                              (main)
/home/arduino/ArduinoApps/microwasteanimals/.cache/sketch/core/core.a(new.cpp.o)
                              /home/arduino/ArduinoApps/microwasteanimals/.cache/sketch/sketch/sketch.ino.cpp.o (operator new(unsigned int))
/home/arduino/ArduinoApps/microwasteanimals/.cache/sketch/core/core.a(threads.cpp.o)
                              /home/arduino/ArduinoApps/microwasteanimals/.cache/sketch/core/core.a(main.cpp.o) (start_static_threads())
/home/arduino/ArduinoApps/microwasteanimals/.cache/sketch/core/core.a(zephyrCommon.cpp.o)
                              /home/arduino/ArduinoApps/microwasteanimals/.cache/sketch/libraries/Arduino_LPS22HB/BARO.cpp.o (yield)
/home/arduino/ArduinoApps/microwasteanimals/.cache/sketch/core/core.a(zephyrSerial.cpp.o)
                              /home/arduino/ArduinoApps/microwasteanimals/.cache/sketch/libraries/Arduino_RouterBridge/singletons.cpp.o (Serial2)
/home/arduino/.arduino15/packages/zephyr/tools/arm-zephyr-eabi/0.16.8/bin/../lib/gcc/arm-zephyr-eabi/12.2.0/../../../../arm-zephyr-eabi/lib/thumb/v8-m.main+fp/hard/libstdc++_nano.a(functexcept.o)
                              /home/arduino/ArduinoApps/microwasteanimals/.cache/sketch/sketch/sketch.ino.cpp.o (std::__throw_bad_alloc())
/home/arduino/.arduino15/packages/zephyr/tools/arm-zephyr-eabi/0.16.8/bin/../lib/gcc/arm-zephyr-eabi/12.2.0/../../../../arm-zephyr-eabi/lib/thumb/v8-m.main+fp/hard/libm_nano.a(lib_a-s_round.o)
                              /home/arduino/ArduinoApps/microwasteanimals/.cache/sketch/libraries/STM32duino VL53L4ED/vl53l4ed_api.cpp.o (round)

Discarded input sections

 .group         0x0000000000000000        0x8 /home/arduino/ArduinoApps/microwasteanimals/.cache/sketch/sketch/sketch.ino.cpp.o
 .group         0x0000000000000000        0x8 /home/arduino/ArduinoApps/microwasteanimals/.cache/sketch/sketch/sketch.ino.cpp.o
 .group         0x0000000000000000       0x10 /home/arduino/ArduinoApps/microwasteanimals/.cache/sketch/sketch/sketch.ino.cpp.o
 .group         0x0000000000000000       0x10 /home/arduino/ArduinoApps/microwasteanimals/.cache/sketch/sketch/sketch.ino.cpp.o
 .group         0x0000000000000000        0x8 /home/arduino/ArduinoApps/microwasteanimals/.cache/sketch/sketch/sketch.ino.cpp.o
 .group         0x0000000000000000       0x10 /home/arduino/ArduinoApps/microwasteanimals/.cache/sketch/sketch/sketch.ino.cpp.o
 .group         0x0000000000000000       0x10 /home/arduino/ArduinoApps/microwasteanimals/.cache/sketch/sketch/sketch.ino.cpp.o
 .group         0x0000000000000000       0x10 /home/arduino/ArduinoApps/microwasteanimals/.cache/sketch/sketch/sketch.ino.cpp.o
 .group         0x0000000000000000       0x10 /home/arduino/ArduinoApps/microwasteanimals/.cache/sketch/sketch/sketch.ino.cpp.o
 .group         0x0000000000000000       0x2c /home/arduino/ArduinoApps/microwasteanimals/.cache/sketch/sketch/sketch.ino.cpp.o
 .group         0x0000000000000000        0xc /home/arduino/ArduinoApps/microwasteanimals/.cache/sketch/sketch/sketch.ino.cpp.o
 .group         0x0000000000000000        0xc /home/arduino/ArduinoApps/microwasteanimals/.cache/sketch/sketch/sketch.ino.cpp.o
 .group         0x0000000000000000        0xc /home/arduino/ArduinoApps/microwasteanimals/.cache/sketch/sketch/sketch.ino.cpp.o
 .group         0x0000000000000000        0xc /home/arduino/ArduinoApps/microwasteanimals/.cache/sketch/sketch/sketch.ino.cpp.o
[...]
Memory Configuration

Name             Origin             Length             Attributes
*default*        0x0000000000000000 0xffffffffffffffff

Linker script and memory map

LOAD /home/arduino/.arduino15/packages/zephyr/tools/arm-zephyr-eabi/0.16.8/bin/../lib/gcc/arm-zephyr-eabi/12.2.0/../../../../arm-zephyr-eabi/lib/thumb/v8-m.main+fp/hard/libstdc++_nano.a
LOAD /home/arduino/.arduino15/packages/zephyr/tools/arm-zephyr-eabi/0.16.8/bin/../lib/gcc/arm-zephyr-eabi/12.2.0/../../../../arm-zephyr-eabi/lib/thumb/v8-m.main+fp/hard/libsupc++_nano.a
LOAD /home/arduino/.arduino15/packages/zephyr/tools/arm-zephyr-eabi/0.16.8/bin/../lib/gcc/arm-zephyr-eabi/12.2.0/../../../../arm-zephyr-eabi/lib/thumb/v8-m.main+fp/hard/libnosys.a
LOAD /home/arduino/ArduinoApps/microwasteanimals/.cache/sketch/sketch/sketch.ino.cpp.o
LOAD /home/arduino/ArduinoApps/microwasteanimals/.cache/sketch/libraries/Wire/Wire.cpp.o
LOAD /home/arduino/ArduinoApps/microwasteanimals/.cache/sketch/libraries/SPI/SPI.cpp.o
LOAD /home/arduino/ArduinoApps/microwasteanimals/.cache/sketch/libraries/Arduino_RouterBridge/singletons.cpp.o
LOAD /home/arduino/ArduinoApps/microwasteanimals/.cache/sketch/libraries/Arduino_Modulino/Modulino.cpp.o
LOAD /home/arduino/ArduinoApps/microwasteanimals/.cache/sketch/libraries/STM32duino VL53L4CD/platform.cpp.o
LOAD /home/arduino/ArduinoApps/microwasteanimals/.cache/sketch/libraries/STM32duino VL53L4CD/vl53l4cd_api.cpp.o
LOAD /home/arduino/ArduinoApps/microwasteanimals/.cache/sketch/libraries/STM32duino VL53L4CD/vl53l4cd_calibration.cpp.o
LOAD /home/arduino/ArduinoApps/microwasteanimals/.cache/sketch/libraries/STM32duino VL53L4ED/platform.cpp.o
LOAD /home/arduino/ArduinoApps/microwasteanimals/.cache/sketch/libraries/STM32duino VL53L4ED/vl53l4ed_api.cpp.o
LOAD /home/arduino/ArduinoApps/microwasteanimals/.cache/sketch/libraries/STM32duino VL53L4ED/vl53l4ed_calibration.cpp.o
LOAD /home/arduino/ArduinoApps/microwasteanimals/.cache/sketch/libraries/Arduino_LSM6DSOX/LSM6DSOX.cpp.o
LOAD /home/arduino/ArduinoApps/microwasteanimals/.cache/sketch/libraries/Arduino_LPS22HB/BARO.cpp.o
LOAD /home/arduino/ArduinoApps/microwasteanimals/.cache/sketch/libraries/Arduino_HS300x/HS300x.cpp.o
LOAD /home/arduino/ArduinoApps/microwasteanimals/.cache/sketch/libraries/Arduino_LTR381RGB/LTR381RGB.cpp.o
LOAD /home/arduino/ArduinoApps/microwasteanimals/.cache/sketch/core/analogReference.cpp.o
START GROUP
LOAD /home/arduino/ArduinoApps/microwasteanimals/.cache/sketch/core/core.a
LOAD /home/arduino/.arduino15/packages/zephyr/tools/arm-zephyr-eabi/0.16.8/bin/../lib/gcc/arm-zephyr-eabi/12.2.0/../../../../arm-zephyr-eabi/lib/thumb/v8-m.main+fp/hard/libstdc++_nano.a
LOAD /home/arduino/.arduino15/packages/zephyr/tools/arm-zephyr-eabi/0.16.8/bin/../lib/gcc/arm-zephyr-eabi/12.2.0/../../../../arm-zephyr-eabi/lib/thumb/v8-m.main+fp/hard/libsupc++_nano.a
LOAD /home/arduino/.arduino15/packages/zephyr/tools/arm-zephyr-eabi/0.16.8/bin/../lib/gcc/arm-zephyr-eabi/12.2.0/../../../../arm-zephyr-eabi/lib/thumb/v8-m.main+fp/hard/libm_nano.a
END GROUP

.rodata         0x0000000000000000      0x3c4
 *(.rodata._ZL12arduino_pins)
 .rodata._ZL12arduino_pins
                0x0000000000000000      0x230 /home/arduino/ArduinoApps/microwasteanimals/.cache/sketch/core/core.a(zephyrCommon.cpp.o)
 *(.rodata._ZTV13BridgeMonitorILj512EE)
 .rodata._ZTV13BridgeMonitorILj512EE
                0x0000000000000230       0x24 /home/arduino/ArduinoApps/microwasteanimals/.cache/sketch/libraries/Arduino_RouterBridge/singletons.cpp.o
                0x0000000000000230                vtable for BridgeMonitor<512u>
 *(.rodata._ZTV14ModulinoBuzzer)
 .rodata._ZTV14ModulinoBuzzer
                0x0000000000000254       0x18 /home/arduino/ArduinoApps/microwasteanimals/.cache/sketch/sketch/sketch.ino.cpp.o
                0x0000000000000254                vtable for ModulinoBuzzer
 *(.rodata._ZTV14ModulinoPixels)
 .rodata._ZTV14ModulinoPixels
                0x000000000000026c       0x18 /home/arduino/ArduinoApps/microwasteanimals/.cache/sketch/sketch/sketch.ino.cpp.o
                0x000000000000026c                vtable for ModulinoPixels
 *(.rodata._ZTV15SerialTransport)
 .rodata._ZTV15SerialTransport
                0x0000000000000284       0x20 /home/arduino/ArduinoApps/microwasteanimals/.cache/sketch/sketch/sketch.ino.cpp.o
                0x0000000000000284                vtable for SerialTransport
 *(.rodata._ZTV16ModulinoDistance)
 .rodata._ZTV16ModulinoDistance
                0x00000000000002a4       0x18 /home/arduino/ArduinoApps/microwasteanimals/.cache/sketch/sketch/sketch.ino.cpp.o
                0x00000000000002a4                vtable for ModulinoDistance
 *(.rodata._ZTV8VL53L4CD)
 .rodata._ZTV8VL53L4CD
                0x00000000000002bc       0x20 /home/arduino/ArduinoApps/microwasteanimals/.cache/sketch/sketch/sketch.ino.cpp.o
                0x00000000000002bc                vtable for VL53L4CD
 *(.rodata._ZTV8VL53L4ED)
 .rodata._ZTV8VL53L4ED
                0x00000000000002dc       0x20 /home/arduino/ArduinoApps/microwasteanimals/.cache/sketch/sketch/sketch.ino.cpp.o
                0x00000000000002dc                vtable for VL53L4ED
 *(.rodata._ZTVN7arduino12ZephyrSerialE)
 .rodata._ZTVN7arduino12ZephyrSerialE
                0x00000000000002fc       0x38 /home/arduino/ArduinoApps/microwasteanimals/.cache/sketch/core/core.a(zephyrSerial.cpp.o)
                0x00000000000002fc                vtable for arduino::ZephyrSerial
 *(.rodata._ZTVN7arduino9ZephyrI2CE)
 .rodata._ZTVN7arduino9ZephyrI2CE
                0x0000000000000334       0x54 /home/arduino/ArduinoApps/microwasteanimals/.cache/sketch/libraries/Wire/Wire.cpp.o
                0x0000000000000334                vtable for arduino::ZephyrI2C
 *(.rodata._ZTVN7arduino9ZephyrSPIE)
 .rodata._ZTVN7arduino9ZephyrSPIE
                0x0000000000000388       0x3c /home/arduino/ArduinoApps/microwasteanimals/.cache/sketch/libraries/SPI/SPI.cpp.o
                0x0000000000000388                vtable for arduino::ZephyrSPI

.llext.rodata.noreloc
                0x00000000000003c4      0x3f4
 *(.rodata)
 .rodata        0x00000000000003c4       0x18 /home/arduino/ArduinoApps/microwasteanimals/.cache/sketch/libraries/STM32duino VL53L4CD/vl53l4cd_api.cpp.o
 .rodata        0x00000000000003dc       0x18 /home/arduino/ArduinoApps/microwasteanimals/.cache/sketch/libraries/STM32duino VL53L4ED/vl53l4ed_api.cpp.o
 *(.rodata._GLOBAL__sub_I_distance.str1.1)
 .rodata._GLOBAL__sub_I_distance.str1.1
                0x00000000000003f4       0x15 /home/arduino/ArduinoApps/microwasteanimals/.cache/sketch/sketch/sketch.ino.cpp.o
 *(.rodata._Z11getDistancev.str1.1)
 .rodata._Z11getDistancev.str1.1
                0x0000000000000409       0x5a /home/arduino/ArduinoApps/microwasteanimals/.cache/sketch/sketch/sketch.ino.cpp.o
 *(.rodata._ZL30VL53L4CD_DEFAULT_CONFIGURATION)
 .rodata._ZL30VL53L4CD_DEFAULT_CONFIGURATION
                0x0000000000000463       0x5b /home/arduino/ArduinoApps/microwasteanimals/.cache/sketch/libraries/STM32duino VL53L4CD/vl53l4cd_api.cpp.o
 *(.rodata._ZL30VL53L4ED_DEFAULT_CONFIGURATION)
 .rodata._ZL30VL53L4ED_DEFAULT_CONFIGURATION
                0x00000000000004be       0x5b /home/arduino/ArduinoApps/microwasteanimals/.cache/sketch/libraries/STM32duino VL53L4ED/vl53l4ed_api.cpp.o
 *(.rodata._ZN10RpcDecoderILj1024EE12get_responseIN7arduino7msgpack6object5nil_tEEEbjRT_R8RpcError.str1.1)
 .rodata._ZN10RpcDecoderILj1024EE12get_responseIN7arduino7msgpack6object5nil_tEEEbjRT_R8RpcError.str1.1
                0x0000000000000519       0x7b /home/arduino/ArduinoApps/microwasteanimals/.cache/sketch/libraries/Arduino_RouterBridge/singletons.cpp.o
 *(.rodata._ZN10RpcDecoderILj1024EE12get_responseIbEEbjRT_R8RpcError.str1.1)
 .rodata._ZN10RpcDecoderILj1024EE12get_responseIbEEbjRT_R8RpcError.str1.1
                0x0000000000000594       0x7b /home/arduino/ArduinoApps/microwasteanimals/.cache/sketch/sketch/sketch.ino.cpp.o
 *(.rodata._ZN11BridgeClass11update_safeEv.str1.1)
 .rodata._ZN11BridgeClass11update_safeEv.str1.1
                0x000000000000060f        0x9 /home/arduino/ArduinoApps/microwasteanimals/.cache/sketch/sketch/sketch.ino.cpp.o
 *(.rodata._ZN11BridgeClass5beginEm.str1.1)
 .rodata._ZN11BridgeClass5beginEm.str1.1
                0x0000000000000618       0x45 /home/arduino/ArduinoApps/microwasteanimals/.cache/sketch/sketch/sketch.ino.cpp.o
 *(.rodata._ZN13BridgeMonitorILj512EE5_readEj.str1.1)
 .rodata._ZN13BridgeMonitorILj512EE5_readEj.str1.1
                0x000000000000065d        0x9 /home/arduino/ArduinoApps/microwasteanimals/.cache/sketch/libraries/Arduino_RouterBridge/singletons.cpp.o
 *(.rodata._ZN13BridgeMonitorILj512EE5beginEmt.isra.0.str1.1)
 .rodata._ZN13BridgeMonitorILj512EE5beginEmt.isra.0.str1.1
                0x0000000000000666       0x18 /home/arduino/ArduinoApps/microwasteanimals/.cache/sketch/sketch/sketch.ino.cpp.o
 *(.rodata._ZN13BridgeMonitorILj512EE5writeEPKhj.str1.1)
 .rodata._ZN13BridgeMonitorILj512EE5writeEPKhj.str1.1
                0x000000000000067e       0x49 /home/arduino/ArduinoApps/microwasteanimals/.cache/sketch/libraries/Arduino_RouterBridge/singletons.cpp.o
 *(.rodata._ZN7RpcCallIJEE6resultIbEEbRT_.part.0.str1.1)
 .rodata._ZN7RpcCallIJEE6resultIbEEbRT_.part.0.str1.1
                0x00000000000006c7       0x21 /home/arduino/ArduinoApps/microwasteanimals/.cache/sketch/sketch/sketch.ino.cpp.o
 *(.rodata._ZN7RpcCallIJEEC2ERKN7arduino6StringEP9RPCClientP7k_mutexS8_.str1.1)
 .rodata._ZN7RpcCallIJEEC2ERKN7arduino6StringEP9RPCClientP7k_mutexS8_.str1.1
                0x00000000000006e8       0x1e /home/arduino/ArduinoApps/microwasteanimals/.cache/sketch/sketch/sketch.ino.cpp.o
 *(.rodata._ZN7arduino5Print7printlnEv.str1.1)
 .rodata._ZN7arduino5Print7printlnEv.str1.1
                0x0000000000000706        0x3 /home/arduino/ArduinoApps/microwasteanimals/.cache/sketch/core/core.a(Print.cpp.o)
 *(.rodata._ZN7arduino7msgpack6object3extC2EaPKhj.str1.1)
 .rodata._ZN7arduino7msgpack6object3extC2EaPKhj.str1.1
                0x0000000000000709       0x28 /home/arduino/ArduinoApps/microwasteanimals/.cache/sketch/sketch/sketch.ino.cpp.o
 *(.rodata._ZN8RpcErrorC2Ev.str1.1)
 .rodata._ZN8RpcErrorC2Ev.str1.1
                0x0000000000000731        0x1 /home/arduino/ArduinoApps/microwasteanimals/.cache/sketch/sketch/sketch.ino.cpp.o
 .rodata._ZN8RpcErrorC2Ev.str1.1
                0x0000000000000732        0x1 /home/arduino/ArduinoApps/microwasteanimals/.cache/sketch/libraries/Arduino_RouterBridge/singletons.cpp.o
 *(.rodata._ZNSt6vectorIjSaIjEE17_M_realloc_insertIJRjEEEvN9__gnu_cxx17__normal_iteratorIPjS1_EEDpOT_.str1.1)
 .rodata._ZNSt6vectorIjSaIjEE17_M_realloc_insertIJRjEEEvN9__gnu_cxx17__normal_iteratorIPjS1_EEDpOT_.str1.1
                0x0000000000000733       0x1a /home/arduino/ArduinoApps/microwasteanimals/.cache/sketch/sketch/sketch.ino.cpp.o
 .rodata._ZNSt6vectorIjSaIjEE17_M_realloc_insertIJRjEEEvN9__gnu_cxx17__normal_iteratorIPjS1_EEDpOT_.str1.1
                0x000000000000074d       0x1a /home/arduino/ArduinoApps/microwasteanimals/.cache/sketch/libraries/Arduino_RouterBridge/singletons.cpp.o
 *(.rodata.str1.1)
 .rodata.str1.1
                0x0000000000000767       0x51 /home/arduino/ArduinoApps/microwasteanimals/.cache/sketch/core/core.a(main.cpp.o)

.rel.rodata
 *(.rel.rodata)
 *(.rel.rodata.*)

.rela.rodata
 *(.rela.rodata)
 *(.rela.rodata.*)

/DISCARD/
 *(.ARM.attributes)
 *(.ARM.attributes.*)
 *(.ARM.exidx)
 *(.ARM.exidx.*)
 *(.ARM.extidx)
 *(.ARM.extidx.*)
 *(.ARM.extab)
 *(.ARM.extab.*)
 *(.comment)
 *(.comment.*)
 *(.llvmbc)
 *(.llvmcmd)
 *(.eh_frame)
 *stdexcept.o()
 *eh_*.o()
 *cow-stdexcept.o()
 *cow-string-inst.o()

.text           0x0000000000000000     0x7558
 *(.text)
 *(.stub)
 *(.text*)
 .text._ZN15SerialTransport9availableEv
                0x0000000000000000       0x12 /home/arduino/ArduinoApps/microwasteanimals/.cache/sketch/sketch/sketch.ino.cpp.o
                0x0000000000000000                SerialTransport::available()
 .text._ZN15SerialTransport5writeEPKhj
                0x0000000000000012       0x10 /home/arduino/ArduinoApps/microwasteanimals/.cache/sketch/sketch/sketch.ino.cpp.o
                0x0000000000000012                SerialTransport::write(unsigned char const*, unsigned int)
 .text._ZN8VL53L4CDD2Ev
                0x0000000000000022        0x2 /home/arduino/ArduinoApps/microwasteanimals/.cache/sketch/sketch/sketch.ino.cpp.o
                0x0000000000000022                VL53L4CD::~VL53L4CD()
                0x0000000000000022                VL53L4CD::~VL53L4CD()
 .text._ZN8VL53L4EDD2Ev
                0x0000000000000024        0x2 /home/arduino/ArduinoApps/microwasteanimals/.cache/sketch/sketch/sketch.ino.cpp.o
                0x0000000000000024                VL53L4ED::~VL53L4ED()
                0x0000000000000024                VL53L4ED::~VL53L4ED()
 .text._ZN6Module8discoverEv
                0x0000000000000026        0x4 /home/arduino/ArduinoApps/microwasteanimals/.cache/sketch/sketch/sketch.ino.cpp.o
                0x0000000000000026                Module::discover()
 .text._ZN16ModulinoDistanceD2Ev
                0x000000000000002a        0x2 /home/arduino/ArduinoApps/microwasteanimals/.cache/sketch/sketch/sketch.ino.cpp.o
                0x000000000000002a                ModulinoDistance::~ModulinoDistance()
                0x000000000000002a                ModulinoDistance::~ModulinoDistance()
 .text._ZN14ModulinoPixelsD2Ev
                0x000000000000002c        0x2 /home/arduino/ArduinoApps/microwasteanimals/.cache/sketch/sketch/sketch.ino.cpp.o
                0x000000000000002c                ModulinoPixels::~ModulinoPixels()
                0x000000000000002c                ModulinoPixels::~ModulinoPixels()
 .text._ZN14ModulinoBuzzerD2Ev
                0x000000000000002e        0x2 /home/arduino/ArduinoApps/microwasteanimals/.cache/sketch/sketch/sketch.ino.cpp.o
                0x000000000000002e                ModulinoBuzzer::~ModulinoBuzzer()
                0x000000000000002e                ModulinoBuzzer::~ModulinoBuzzer()
 .text._ZN15SerialTransportD2Ev
                0x0000000000000030        0x2 /home/arduino/ArduinoApps/microwasteanimals/.cache/sketch/sketch/sketch.ino.cpp.o
                0x0000000000000030                SerialTransport::~SerialTransport()
                0x0000000000000030                SerialTransport::~SerialTransport()
 *fill*         0x0000000000000032        0x2 
 .text.k_yield  0x0000000000000034        0x8 /home/arduino/ArduinoApps/microwasteanimals/.cache/sketch/sketch/sketch.ino.cpp.o
 .text.k_mutex_lock
                0x000000000000003c        0x8 /home/arduino/ArduinoApps/microwasteanimals/.cache/sketch/sketch/sketch.ino.cpp.o
 .text.__tcf_0  0x0000000000000044       0x10 /home/arduino/ArduinoApps/microwasteanimals/.cache/sketch/sketch/sketch.ino.cpp.o
 .text._ZN15SerialTransport4readEPhj
                0x0000000000000054       0x28 /home/arduino/ArduinoApps/microwasteanimals/.cache/sketch/sketch/sketch.ino.cpp.o
                0x0000000000000054                SerialTransport::read(unsigned char*, unsigned int)
 .text._ZN15SerialTransport9read_byteERh
                0x000000000000007c       0x20 /home/arduino/ArduinoApps/microwasteanimals/.cache/sketch/sketch/sketch.ino.cpp.o
                0x000000000000007c                SerialTransport::read_byte(unsigned char&)
 .text._ZN8VL53L4CDD0Ev
                0x000000000000009c       0x14 /home/arduino/ArduinoApps/microwasteanimals/.cache/sketch/sketch/sketch.ino.cpp.o
                0x000000000000009c                VL53L4CD::~VL53L4CD()
 .text._ZN8VL53L4EDD0Ev
                0x00000000000000b0       0x14 /home/arduino/ArduinoApps/microwasteanimals/.cache/sketch/sketch/sketch.ino.cpp.o
                0x00000000000000b0                VL53L4ED::~VL53L4ED()
 .text._ZN16ModulinoDistanceD0Ev
                0x00000000000000c4       0x14 /home/arduino/ArduinoApps/microwasteanimals/.cache/sketch/sketch/sketch.ino.cpp.o
                0x00000000000000c4                ModulinoDistance::~ModulinoDistance()
 .text._ZN14ModulinoPixelsD0Ev
                0x00000000000000d8       0x14 /home/arduino/ArduinoApps/microwasteanimals/.cache/sketch/sketch/sketch.ino.cpp.o
                0x00000000000000d8                ModulinoPixels::~ModulinoPixels()
 .text._ZN14ModulinoBuzzerD0Ev
                0x00000000000000ec       0x14 /home/arduino/ArduinoApps/microwasteanimals/.cache/sketch/sketch/sketch.ino.cpp.o
                0x00000000000000ec                ModulinoBuzzer::~ModulinoBuzzer()
 .text._ZN15SerialTransportD0Ev
                0x0000000000000100       0x14 /home/arduino/ArduinoApps/microwasteanimals/.cache/sketch/sketch/sketch.ino.cpp.o
                0x0000000000000100                SerialTransport::~SerialTransport()
 .text._ZN8VL53L4CD3endEv
                0x0000000000000114       0x18 /home/arduino/ArduinoApps/microwasteanimals/.cache/sketch/sketch/sketch.ino.cpp.o
                0x0000000000000114                VL53L4CD::end()
 .text._ZN8VL53L4CD5beginEv
                0x000000000000012c       0x28 /home/arduino/ArduinoApps/microwasteanimals/.cache/sketch/sketch/sketch.ino.cpp.o
                0x000000000000012c                VL53L4CD::begin()
 .text._ZN8VL53L4ED3endEv
                0x0000000000000154       0x18 /home/arduino/ArduinoApps/microwasteanimals/.cache/sketch/sketch/sketch.ino.cpp.o
                0x0000000000000154                VL53L4ED::end()
 .text._ZN8VL53L4ED5beginEv
                0x000000000000016c       0x28 /home/arduino/ArduinoApps/microwasteanimals/.cache/sketch/sketch/sketch.ino.cpp.o
                0x000000000000016c                VL53L4ED::begin()
 .text._ZNK6Module7printToERN7arduino5PrintE
                0x0000000000000194       0x10 /home/arduino/ArduinoApps/microwasteanimals/.cache/sketch/sketch/sketch.ino.cpp.o
                0x0000000000000194                Module::printTo(arduino::Print&) const
 .text._ZSt14__relocate_a_1IhhENSt9enable_ifIXsrSt24__is_bitwise_relocatableIT_vE5valueEPS2_E4typeES4_S4_S4_RSaIT0_E.isra.0
                0x00000000000001a4       0x20 /home/arduino/ArduinoApps/microwasteanimals/.cache/sketch/sketch/sketch.ino.cpp.o
 .text._ZNSt12_Vector_baseIhSaIhEE11_M_allocateEj.isra.0
                0x00000000000001c4       0x20 /home/arduino/ArduinoApps/microwasteanimals/.cache/sketch/sketch/sketch.ino.cpp.o
 .text._ZN6Module5writeEPhi.isra.0
                0x00000000000001e4       0x60 /home/arduino/ArduinoApps/microwasteanimals/.cache/sketch/sketch/sketch.ino.cpp.o
 .text._ZN6Module5beginEv.isra.0
                0x0000000000000244       0x16 /home/arduino/ArduinoApps/microwasteanimals/.cache/sketch/sketch/sketch.ino.cpp.o
 *fill*         0x000000000000025a        0x2 
 .text.k_mutex_unlock.isra.0
                0x000000000000025c        0x8 /home/arduino/ArduinoApps/microwasteanimals/.cache/sketch/sketch/sketch.ino.cpp.o
 .text.k_mutex_init.isra.0
                0x0000000000000264        0x8 /home/arduino/ArduinoApps/microwasteanimals/.cache/sketch/sketch/sketch.ino.cpp.o
 .text.k_sleep.isra.0
                0x000000000000026c        0x8 /home/arduino/ArduinoApps/microwasteanimals/.cache/sketch/sketch/sketch.ino.cpp.o
 .text.k_msleep.constprop.0.isra.0
                0x0000000000000274        0xc /home/arduino/ArduinoApps/microwasteanimals/.cache/sketch/sketch/sketch.ino.cpp.o
 .text._ZN8VL53L4ED11VL53L4ED_OnEv
                0x0000000000000280       0x24 /home/arduino/ArduinoApps/microwasteanimals/.cache/sketch/sketch/sketch.ino.cpp.o
                0x0000000000000280                VL53L4ED::VL53L4ED_On()
 .text._ZN8VL53L4ED12VL53L4ED_OffEv
                0x00000000000002a4       0x24 /home/arduino/ArduinoApps/microwasteanimals/.cache/sketch/sketch/sketch.ino.cpp.o
                0x00000000000002a4                VL53L4ED::VL53L4ED_Off()
 .text._ZN8VL53L4CD11VL53L4CD_OnEv
                0x00000000000002c8       0x24 /home/arduino/ArduinoApps/microwasteanimals/.cache/sketch/sketch/sketch.ino.cpp.o
                0x00000000000002c8                VL53L4CD::VL53L4CD_On()
 .text._ZN8VL53L4CD12VL53L4CD_OffEv
                0x00000000000002ec       0x24 /home/arduino/ArduinoApps/microwasteanimals/.cache/sketch/sketch/sketch.ino.cpp.o
                0x00000000000002ec                VL53L4CD::VL53L4CD_Off()
 .text._ZN7arduino7msgpack8Unpacker11deserializeEv
                0x0000000000000310       0x16 /home/arduino/ArduinoApps/microwasteanimals/.cache/sketch/sketch/sketch.ino.cpp.o
                0x0000000000000310                arduino::msgpack::Unpacker::deserialize()
 .text._ZN7arduino7msgpack8Unpacker5clearEv
                0x0000000000000326       0x14 /home/arduino/ArduinoApps/microwasteanimals/.cache/sketch/sketch/sketch.ino.cpp.o
                0x0000000000000326                arduino::msgpack::Unpacker::clear()
 .text._ZNK7arduino7msgpack8Unpacker13getRawBytePtrEjj
                0x000000000000033a       0x1e /home/arduino/ArduinoApps/microwasteanimals/.cache/sketch/sketch/sketch.ino.cpp.o
                0x000000000000033a                arduino::msgpack::Unpacker::getRawBytePtr(unsigned int, unsigned int) const
 .text._ZN8RpcErrorC2Ev
                0x0000000000000358       0x2c /home/arduino/ArduinoApps/microwasteanimals/.cache/sketch/sketch/sketch.ino.cpp.o
                0x0000000000000358                RpcError::RpcError()
                0x0000000000000358                RpcError::RpcError()
 .text._ZN7arduino7msgpack8UnpackerC2Ev
                0x0000000000000384       0x10 /home/arduino/ArduinoApps/microwasteanimals/.cache/sketch/sketch/sketch.ino.cpp.o
                0x0000000000000384                arduino::msgpack::Unpacker::Unpacker()
                0x0000000000000384                arduino::msgpack::Unpacker::Unpacker()
 .text._ZN10RPCRequestILj256EEC2Ev
                0x0000000000000394       0x4c /home/arduino/ArduinoApps/microwasteanimals/.cache/sketch/sketch/sketch.ino.cpp.o
                0x0000000000000394                RPCRequest<256u>::RPCRequest()
                0x0000000000000394                RPCRequest<256u>::RPCRequest()
 .text._ZN11BridgeClass10is_startedEv
                0x00000000000003e0       0x2c /home/arduino/ArduinoApps/microwasteanimals/.cache/sketch/sketch/sketch.ino.cpp.o
                0x00000000000003e0                BridgeClass::is_started()
 .text._ZN6Module4scanEh
                0x000000000000040c       0x40 /home/arduino/ArduinoApps/microwasteanimals/.cache/sketch/sketch/sketch.ino.cpp.o
                0x000000000000040c                Module::scan(unsigned char)
 .text._ZN14ModulinoPixels8discoverEv
                0x000000000000044c       0x1c /home/arduino/ArduinoApps/microwasteanimals/.cache/sketch/sketch/sketch.ino.cpp.o
                0x000000000000044c                ModulinoPixels::discover()
 .text._ZN14ModulinoBuzzer8discoverEv
                0x0000000000000468       0x18 /home/arduino/ArduinoApps/microwasteanimals/.cache/sketch/sketch/sketch.ino.cpp.o
                0x0000000000000468                ModulinoBuzzer::discover()
 .text._ZN14ModulinoPixels3setEi13ModulinoColorh
                0x0000000000000480       0x48 /home/arduino/ArduinoApps/microwasteanimals/.cache/sketch/sketch/sketch.ino.cpp.o
                0x0000000000000480                ModulinoPixels::set(int, ModulinoColor, unsigned char)
 .text._Z13distance_initv
                0x00000000000004c8      0x1c0 /home/arduino/ArduinoApps/microwasteanimals/.cache/sketch/sketch/sketch.ino.cpp.o
                0x00000000000004c8                distance_init()
 .text._Z11getDistancev
                0x0000000000000688       0xf8 /home/arduino/ArduinoApps/microwasteanimals/.cache/sketch/sketch/sketch.ino.cpp.o
                0x0000000000000688                getDistance()
 .text._Z9leds_initv
                0x0000000000000780       0x10 /home/arduino/ArduinoApps/microwasteanimals/.cache/sketch/sketch/sketch.ino.cpp.o
                0x0000000000000780                leds_init()
 .text._Z7setLeds13ModulinoColori
                0x0000000000000790       0x40 /home/arduino/ArduinoApps/microwasteanimals/.cache/sketch/sketch/sketch.ino.cpp.o
                0x0000000000000790                setLeds(ModulinoColor, int)
 .text._Z11buzzer_initv
                0x00000000000007d0       0x10 /home/arduino/ArduinoApps/microwasteanimals/.cache/sketch/sketch/sketch.ino.cpp.o
                0x00000000000007d0                buzzer_init()
 .text._Z8playBuzzii
                0x00000000000007e0       0x20 /home/arduino/ArduinoApps/microwasteanimals/.cache/sketch/sketch/sketch.ino.cpp.o
                0x00000000000007e0                playBuzz(int, int)
 .text.loop     0x0000000000000800       0x8c /home/arduino/ArduinoApps/microwasteanimals/.cache/sketch/sketch/sketch.ino.cpp.o
                0x0000000000000800                loop
 .text._ZNSt12_Vector_baseIhSaIhEED2Ev
                0x000000000000088c       0x18 /home/arduino/ArduinoApps/microwasteanimals/.cache/sketch/sketch/sketch.ino.cpp.o
                0x000000000000088c                std::_Vector_base<unsigned char, std::allocator<unsigned char> >::~_Vector_base()
                0x000000000000088c                std::_Vector_base<unsigned char, std::allocator<unsigned char> >::~_Vector_base()
 .text.__tcf_2  0x00000000000008a4       0x14 /home/arduino/ArduinoApps/microwasteanimals/.cache/sketch/sketch/sketch.ino.cpp.o
 .text.__tcf_1  0x00000000000008b8       0x14 /home/arduino/ArduinoApps/microwasteanimals/.cache/sketch/sketch/sketch.ino.cpp.o
 .text._ZNSt6vectorIhSaIhEE14_M_move_assignEOS1_St17integral_constantIbLb1EE.isra.0
                0x00000000000008cc       0x34 /home/arduino/ArduinoApps/microwasteanimals/.cache/sketch/sketch/sketch.ino.cpp.o
 .text._ZNK7arduino7msgpack8Unpacker11getRawBytesIhEET_jj
                0x0000000000000900       0x1e /home/arduino/ArduinoApps/microwasteanimals/.cache/sketch/sketch/sketch.ino.cpp.o
                0x0000000000000900                unsigned char arduino::msgpack::Unpacker::getRawBytes<unsigned char>(unsigned int, unsigned int) const
 *fill*         0x000000000000091e        0x2 
 .text._ZNK7arduino7msgpack8Unpacker7getTypeEj
                0x0000000000000920       0x58 /home/arduino/ArduinoApps/microwasteanimals/.cache/sketch/sketch/sketch.ino.cpp.o
                0x0000000000000920                arduino::msgpack::Unpacker::getType(unsigned int) const
 .text._ZNK7arduino7msgpack8Unpacker7getTypeEv
                0x0000000000000978       0x10 /home/arduino/ArduinoApps/microwasteanimals/.cache/sketch/sketch/sketch.ino.cpp.o
                0x0000000000000978                arduino::msgpack::Unpacker::getType() const
 .text._ZNK7arduino7msgpack8Unpacker7isArrayEv
                0x0000000000000988       0x20 /home/arduino/ArduinoApps/microwasteanimals/.cache/sketch/sketch/sketch.ino.cpp.o
                0x0000000000000988                arduino::msgpack::Unpacker::isArray() const
 .text._ZN7arduino7msgpack8Unpacker11unpackInt32Ev
                0x00000000000009a8       0x58 /home/arduino/ArduinoApps/microwasteanimals/.cache/sketch/sketch/sketch.ino.cpp.o
                0x00000000000009a8                arduino::msgpack::Unpacker::unpackInt32()
 .text._ZN7arduino7msgpack8Unpacker11unpackInt64Ev
                0x0000000000000a00       0x60 /home/arduino/ArduinoApps/microwasteanimals/.cache/sketch/sketch/sketch.ino.cpp.o
                0x0000000000000a00                arduino::msgpack::Unpacker::unpackInt64()
 .text._ZN7arduino7msgpack8Unpacker9unpackNilEv
                0x0000000000000a60       0x3c /home/arduino/ArduinoApps/microwasteanimals/.cache/sketch/sketch/sketch.ino.cpp.o
                0x0000000000000a60                arduino::msgpack::Unpacker::unpackNil()
 .text._ZNK7arduino7msgpack8Unpacker5isMapEv
                0x0000000000000a9c       0x20 /home/arduino/ArduinoApps/microwasteanimals/.cache/sketch/sketch/sketch.ino.cpp.o
                0x0000000000000a9c                arduino::msgpack::Unpacker::isMap() const
 .text._ZNK7arduino7msgpack8Unpacker6isUIntEv
                0x0000000000000abc       0x20 /home/arduino/ArduinoApps/microwasteanimals/.cache/sketch/sketch/sketch.ino.cpp.o
                0x0000000000000abc                arduino::msgpack::Unpacker::isUInt() const
 .text._ZNK7arduino7msgpack8Unpacker5isIntEv
                0x0000000000000adc       0x20 /home/arduino/ArduinoApps/microwasteanimals/.cache/sketch/sketch/sketch.ino.cpp.o
                0x0000000000000adc                arduino::msgpack::Unpacker::isInt() const
 .text._ZN7arduino7msgpack8Unpacker13unpackFloat32Ev
                0x0000000000000afc       0x60 /home/arduino/ArduinoApps/microwasteanimals/.cache/sketch/sketch/sketch.ino.cpp.o
                0x0000000000000afc                arduino::msgpack::Unpacker::unpackFloat32()
 .text._ZN7arduino7msgpack8Unpacker11unpackInt16Ev
                0x0000000000000b5c       0x4c /home/arduino/ArduinoApps/microwasteanimals/.cache/sketch/sketch/sketch.ino.cpp.o
                0x0000000000000b5c                arduino::msgpack::Unpacker::unpackInt16()
 .text._ZN7arduino7msgpack8Unpacker13unpackFloat64Ev
                0x0000000000000ba8       0x6c /home/arduino/ArduinoApps/microwasteanimals/.cache/sketch/sketch/sketch.ino.cpp.o
                0x0000000000000ba8                arduino::msgpack::Unpacker::unpackFloat64()
 .text._ZN7arduino7msgpack8Unpacker10unpackInt5Ev
                0x0000000000000c14       0x4c /home/arduino/ArduinoApps/microwasteanimals/.cache/sketch/sketch/sketch.ino.cpp.o
                0x0000000000000c14                arduino::msgpack::Unpacker::unpackInt5()
 .text._ZN7arduino7msgpack8Unpacker11unpackUInt7Ev
                0x0000000000000c60       0x48 /home/arduino/ArduinoApps/microwasteanimals/.cache/sketch/sketch/sketch.ino.cpp.o
                0x0000000000000c60                arduino::msgpack::Unpacker::unpackUInt7()
 .text._ZN7arduino7msgpack8Unpacker11unpackUInt8Ev
                0x0000000000000ca8       0x48 /home/arduino/ArduinoApps/microwasteanimals/.cache/sketch/sketch/sketch.ino.cpp.o
                0x0000000000000ca8                arduino::msgpack::Unpacker::unpackUInt8()
 .text._ZNK7arduino7msgpack8Unpacker11getRawBytesItEET_jj
                0x0000000000000cf0       0x26 /home/arduino/ArduinoApps/microwasteanimals/.cache/sketch/sketch/sketch.ino.cpp.o
                0x0000000000000cf0                unsigned short arduino::msgpack::Unpacker::getRawBytes<unsigned short>(unsigned int, unsigned int) const
 *fill*         0x0000000000000d16        0x2 
 .text._ZN7arduino7msgpack8Unpacker12unpackUInt16Ev
                0x0000000000000d18       0x48 /home/arduino/ArduinoApps/microwasteanimals/.cache/sketch/sketch/sketch.ino.cpp.o
                0x0000000000000d18                arduino::msgpack::Unpacker::unpackUInt16()
 .text._ZNK7arduino7msgpack8Unpacker11getRawBytesIjEET_jj
                0x0000000000000d60       0x34 /home/arduino/ArduinoApps/microwasteanimals/.cache/sketch/sketch/sketch.ino.cpp.o
                0x0000000000000d60                unsigned int arduino::msgpack::Unpacker::getRawBytes<unsigned int>(unsigned int, unsigned int) const
 .text._ZNK7arduino7msgpack8Unpacker14getElementSizeEj
                0x0000000000000d94      0x11c /home/arduino/ArduinoApps/microwasteanimals/.cache/sketch/sketch/sketch.ino.cpp.o
                0x0000000000000d94                arduino::msgpack::Unpacker::getElementSize(unsigned int) const
 .text._ZN7arduino7msgpack8Unpacker15unpackArraySizeEv
                0x0000000000000eb0       0x78 /home/arduino/ArduinoApps/microwasteanimals/.cache/sketch/sketch/sketch.ino.cpp.o
                0x0000000000000eb0                arduino::msgpack::Unpacker::unpackArraySize()
 .text._ZN7arduino7msgpack8Unpacker11deserializeINS0_4type9ArraySizeEJEEEbRT_DpOT0_.isra.0
                0x0000000000000f28       0x40 /home/arduino/ArduinoApps/microwasteanimals/.cache/sketch/sketch/sketch.ino.cpp.o
 .text._ZN7arduino7msgpack8Unpacker12unpackUInt32Ev
                0x0000000000000f68       0x48 /home/arduino/ArduinoApps/microwasteanimals/.cache/sketch/sketch/sketch.ino.cpp.o
                0x0000000000000f68                arduino::msgpack::Unpacker::unpackUInt32()
 .text._ZN7arduino7msgpack8Unpacker13unpackMapSizeEv
                0x0000000000000fb0       0x78 /home/arduino/ArduinoApps/microwasteanimals/.cache/sketch/sketch/sketch.ino.cpp.o
                0x0000000000000fb0                arduino::msgpack::Unpacker::unpackMapSize()
 .text._ZNK7arduino7msgpack8Unpacker11getRawBytesIyEET_jj
                0x0000000000001028       0x3a /home/arduino/ArduinoApps/microwasteanimals/.cache/sketch/sketch/sketch.ino.cpp.o
                0x0000000000001028                unsigned long long arduino::msgpack::Unpacker::getRawBytes<unsigned long long>(unsigned int, unsigned int) const
 *fill*         0x0000000000001062        0x2 
 .text._ZN7arduino7msgpack8Unpacker12unpackUInt64Ev
                0x0000000000001064       0x4c /home/arduino/ArduinoApps/microwasteanimals/.cache/sketch/sketch/sketch.ino.cpp.o
                0x0000000000001064                arduino::msgpack::Unpacker::unpackUInt64()
 .text._ZNK7arduino7msgpack8Unpacker11getRawBytesIaEET_jj
                0x00000000000010b0       0x1e /home/arduino/ArduinoApps/microwasteanimals/.cache/sketch/sketch/sketch.ino.cpp.o
                0x00000000000010b0                signed char arduino::msgpack::Unpacker::getRawBytes<signed char>(unsigned int, unsigned int) const
 *fill*         0x00000000000010ce        0x2 
 .text._ZN7arduino7msgpack8Unpacker10unpackInt8Ev
                0x00000000000010d0       0x48 /home/arduino/ArduinoApps/microwasteanimals/.cache/sketch/sketch/sketch.ino.cpp.o
                0x00000000000010d0                arduino::msgpack::Unpacker::unpackInt8()
 .text._ZNK7arduino7msgpack8Unpacker13isTimestamp32Ev
                0x0000000000001118       0x2c /home/arduino/ArduinoApps/microwasteanimals/.cache/sketch/sketch/sketch.ino.cpp.o
                0x0000000000001118                arduino::msgpack::Unpacker::isTimestamp32() const
 .text._ZNK7arduino7msgpack8Unpacker13isTimestamp64Ev
                0x0000000000001144       0x2c /home/arduino/ArduinoApps/microwasteanimals/.cache/sketch/sketch/sketch.ino.cpp.o
                0x0000000000001144                arduino::msgpack::Unpacker::isTimestamp64() const
 .text._ZNK7arduino7msgpack8Unpacker13isTimestamp96Ev
                0x0000000000001170       0x40 /home/arduino/ArduinoApps/microwasteanimals/.cache/sketch/sketch/sketch.ino.cpp.o
                0x0000000000001170                arduino::msgpack::Unpacker::isTimestamp96() const
 .text._ZNK7arduino7msgpack8Unpacker11getRawBytesIcEET_jj
                0x00000000000011b0       0x1e /home/arduino/ArduinoApps/microwasteanimals/.cache/sketch/sketch/sketch.ino.cpp.o
                0x00000000000011b0                char arduino::msgpack::Unpacker::getRawBytes<char>(unsigned int, unsigned int) const
 *fill*         0x00000000000011ce        0x2 
 .text._ZN7arduino7msgpack8Unpacker11deserializeINS0_6object5nil_tEJEEEbRT_DpOT0_
                0x00000000000011d0       0x40 /home/arduino/ArduinoApps/microwasteanimals/.cache/sketch/sketch/sketch.ino.cpp.o
                0x00000000000011d0                bool arduino::msgpack::Unpacker::deserialize<arduino::msgpack::object::nil_t>(arduino::msgpack::object::nil_t&)
 .text._ZN7arduino7msgpack8Unpacker11deserializeIbJEEEbRT_DpOT0_
                0x0000000000001210       0x68 /home/arduino/ArduinoApps/microwasteanimals/.cache/sketch/sketch/sketch.ino.cpp.o
                0x0000000000001210                bool arduino::msgpack::Unpacker::deserialize<bool>(bool&)
 .text._ZN7arduino7msgpack8Unpacker11deserializeINS_6StringEJEEEbRT_DpOT0_
                0x0000000000001278      0x174 /home/arduino/ArduinoApps/microwasteanimals/.cache/sketch/sketch/sketch.ino.cpp.o
                0x0000000000001278                bool arduino::msgpack::Unpacker::deserialize<arduino::String>(arduino::String&)
 .text._ZN7arduino7msgpack8Unpacker11deserializeINS0_6object8timespecEJEEEbRT_DpOT0_
                0x00000000000013ec       0xc4 /home/arduino/ArduinoApps/microwasteanimals/.cache/sketch/sketch/sketch.ino.cpp.o
                0x00000000000013ec                bool arduino::msgpack::Unpacker::deserialize<arduino::msgpack::object::timespec>(arduino::msgpack::object::timespec&)
 .text._ZN17RpcDecoderManagerILj3EE10getDecoderER10ITransport
                0x00000000000014b0       0x7c /home/arduino/ArduinoApps/microwasteanimals/.cache/sketch/sketch/sketch.ino.cpp.o
                0x00000000000014b0                RpcDecoderManager<3u>::getDecoder(ITransport&)
 .text._ZNSt12_Vector_baseIjSaIjEED2Ev
                0x000000000000152c       0x18 /home/arduino/ArduinoApps/microwasteanimals/.cache/sketch/sketch/sketch.ino.cpp.o
                0x000000000000152c                std::_Vector_base<unsigned int, std::allocator<unsigned int> >::~_Vector_base()
                0x000000000000152c                std::_Vector_base<unsigned int, std::allocator<unsigned int> >::~_Vector_base()
 .text._ZN10RPCRequestILj256EED2Ev
                0x0000000000001544       0x2c /home/arduino/ArduinoApps/microwasteanimals/.cache/sketch/sketch/sketch.ino.cpp.o
                0x0000000000001544                RPCRequest<256u>::~RPCRequest()
                0x0000000000001544                RPCRequest<256u>::~RPCRequest()
 .text._ZNSt6vectorIjSaIjEE17_M_realloc_insertIJRjEEEvN9__gnu_cxx17__normal_iteratorIPjS1_EEDpOT_
                0x0000000000001570       0xdc /home/arduino/ArduinoApps/microwasteanimals/.cache/sketch/sketch/sketch.ino.cpp.o
                0x0000000000001570                void std::vector<unsigned int, std::allocator<unsigned int> >::_M_realloc_insert<unsigned int&>(__gnu_cxx::__normal_iterator<unsigned int*, std::vector<unsigned int, std::allocator<unsigned int> > >, unsigned int&)
 .text._ZN7arduino7msgpack8Unpacker4feedEPKhj
                0x000000000000164c       0x78 /home/arduino/ArduinoApps/microwasteanimals/.cache/sketch/sketch/sketch.ino.cpp.o
                0x000000000000164c                arduino::msgpack::Unpacker::feed(unsigned char const*, unsigned int)
 .text._ZN7RpcCallIJEE8setErrorEiN7arduino6StringE
                0x00000000000016c4       0x40 /home/arduino/ArduinoApps/microwasteanimals/.cache/sketch/sketch/sketch.ino.cpp.o
                0x00000000000016c4                RpcCall<>::setError(int, arduino::String)
 .text._ZN7RpcCallIJEEC2ERKN7arduino6StringEP9RPCClientP7k_mutexS8_
                0x0000000000001704       0x7c /home/arduino/ArduinoApps/microwasteanimals/.cache/sketch/sketch/sketch.ino.cpp.o
                0x0000000000001704                RpcCall<>::RpcCall(arduino::String const&, RPCClient*, k_mutex*, k_mutex*)
                0x0000000000001704                RpcCall<>::RpcCall(arduino::String const&, RPCClient*, k_mutex*, k_mutex*)
 .text._ZN7RpcCallIJEE6resultIbEEbRT_.part.0
                0x0000000000001780       0x34 /home/arduino/ArduinoApps/microwasteanimals/.cache/sketch/sketch/sketch.ino.cpp.o
 .text._ZN7RpcCallIJEE7isErrorEv
                0x00000000000017b4       0x34 /home/arduino/ArduinoApps/microwasteanimals/.cache/sketch/sketch/sketch.ino.cpp.o
                0x00000000000017b4                RpcCall<>::isError()
 .text._ZNKSt6vectorIhSaIhEE12_M_check_lenEjPKc
                0x00000000000017e8       0x38 /home/arduino/ArduinoApps/microwasteanimals/.cache/sketch/sketch/sketch.ino.cpp.o
                0x00000000000017e8                std::vector<unsigned char, std::allocator<unsigned char> >::_M_check_len(unsigned int, char const*) const
 .text._ZNSt6vectorIhSaIhEE12emplace_backIJhEEERhDpOT_.isra.0
                0x0000000000001820       0x90 /home/arduino/ArduinoApps/microwasteanimals/.cache/sketch/sketch/sketch.ino.cpp.o
 .text._ZN7arduino7msgpack6Packer11packRawByteERKNS0_4TypeE.isra.0
                0x00000000000018b0       0x18 /home/arduino/ArduinoApps/microwasteanimals/.cache/sketch/sketch/sketch.ino.cpp.o
 .text._ZNSt6vectorIhSaIhEE12emplace_backIJRKhEEERhDpOT_.isra.0
                0x00000000000018c8       0x90 /home/arduino/ArduinoApps/microwasteanimals/.cache/sketch/sketch/sketch.ino.cpp.o
 .text._ZN7arduino7msgpack6Packer9packUInt8Eh
                0x0000000000001958       0x2c /home/arduino/ArduinoApps/microwasteanimals/.cache/sketch/sketch/sketch.ino.cpp.o
                0x0000000000001958                arduino::msgpack::Packer::packUInt8(unsigned char)
 .text._ZNSt6vectorIhSaIhEE12emplace_backIJRhEEES3_DpOT_.isra.0
                0x0000000000001984       0x90 /home/arduino/ArduinoApps/microwasteanimals/.cache/sketch/sketch/sketch.ino.cpp.o
 .text._ZN7arduino7msgpack6Packer15packRawReversedIjEEvRKT_
                0x0000000000001a14       0x1c /home/arduino/ArduinoApps/microwasteanimals/.cache/sketch/sketch/sketch.ino.cpp.o
                0x0000000000001a14                void arduino::msgpack::Packer::packRawReversed<unsigned int>(unsigned int const&)
 .text._ZN7arduino7msgpack6Packer10packUInt32Ej
                0x0000000000001a30       0x28 /home/arduino/ArduinoApps/microwasteanimals/.cache/sketch/sketch/sketch.ino.cpp.o
                0x0000000000001a30                arduino::msgpack::Packer::packUInt32(unsigned int)
 .text._ZN7arduino7msgpack6Packer15packRawReversedItEEvRKT_
                0x0000000000001a58       0x1c /home/arduino/ArduinoApps/microwasteanimals/.cache/sketch/sketch/sketch.ino.cpp.o
                0x0000000000001a58                void arduino::msgpack::Packer::packRawReversed<unsigned short>(unsigned short const&)
 .text._ZN7arduino7msgpack6Packer13packArraySizeEj
                0x0000000000001a74       0x58 /home/arduino/ArduinoApps/microwasteanimals/.cache/sketch/sketch/sketch.ino.cpp.o
                0x0000000000001a74                arduino::msgpack::Packer::packArraySize(unsigned int)
 .text._ZN7arduino7msgpack6Packer10packUInt16Et
                0x0000000000001acc       0x2c /home/arduino/ArduinoApps/microwasteanimals/.cache/sketch/sketch/sketch.ino.cpp.o
                0x0000000000001acc                arduino::msgpack::Packer::packUInt16(unsigned short)
 .text._ZN7arduino7msgpack6Packer11packIntegerIjEENSt9enable_ifIXaaaaaasrSt13is_arithmeticIT_E5valuesrSt11is_integralIS5_E5valuentsrSt7is_sameIS5_bE5valuentsrS9_INSt9remove_cvIS5_E4typeEPcE5valueEvE4typeERKS5_.isra.0
                0x0000000000001af8       0x50 /home/arduino/ArduinoApps/microwasteanimals/.cache/sketch/sketch/sketch.ino.cpp.o
 .text._ZN7arduino7msgpack6Packer11packIntegerIiEENSt9enable_ifIXaaaaaasrSt13is_arithmeticIT_E5valuesrSt11is_integralIS5_E5valuentsrSt7is_sameIS5_bE5valuentsrS9_INSt9remove_cvIS5_E4typeEPcE5valueEvE4typeERKS5_.isra.0
                0x0000000000001b48       0xb8 /home/arduino/ArduinoApps/microwasteanimals/.cache/sketch/sketch/sketch.ino.cpp.o
 .text._ZN7arduino7msgpack6Packer12packRawBytesEPKcj
                0x0000000000001c00       0x9c /home/arduino/ArduinoApps/microwasteanimals/.cache/sketch/sketch/sketch.ino.cpp.o
                0x0000000000001c00                arduino::msgpack::Packer::packRawBytes(char const*, unsigned int)
 .text._ZN7arduino7msgpack6Packer4packERKNS_6StringE
                0x0000000000001c9c       0x7c /home/arduino/ArduinoApps/microwasteanimals/.cache/sketch/sketch/sketch.ino.cpp.o
                0x0000000000001c9c                arduino::msgpack::Packer::pack(arduino::String const&)
 .text._ZN7arduino7msgpack8Unpacker9unpackIntIiEENSt9enable_ifIXaaaaaaaasrSt13is_arithmeticIT_E5valuesrSt11is_integralIS5_E5valuentsrSt7is_sameIS5_bE5valuentsrS9_INSt9remove_cvIS5_E4typeEPcE5valuesrSt9is_signedIS5_E5valueES5_E4typeEv
                0x0000000000001d18       0xd0 /home/arduino/ArduinoApps/microwasteanimals/.cache/sketch/sketch/sketch.ino.cpp.o
                0x0000000000001d18                std::enable_if<(((std::is_arithmetic<int>::value&&std::is_integral<int>::value)&&(!std::is_same<int, bool>::value))&&(!std::is_same<std::remove_cv<int>::type, char*>::value))&&std::is_signed<int>::value, int>::type arduino::msgpack::Unpacker::unpackInt<int>()
 .text._ZN7arduino7msgpack8Unpacker11deserializeIiJEEEbRT_DpOT0_
                0x0000000000001de8       0x40 /home/arduino/ArduinoApps/microwasteanimals/.cache/sketch/sketch/sketch.ino.cpp.o
                0x0000000000001de8                bool arduino::msgpack::Unpacker::deserialize<int>(int&)
 .text._ZN7arduino7msgpack8Unpacker11unpackFloatIfEENSt9enable_ifIXaasrSt13is_arithmeticIT_E5valuesrSt17is_floating_pointIS5_E5valueES5_E4typeEv
                0x0000000000001e28      0x118 /home/arduino/ArduinoApps/microwasteanimals/.cache/sketch/sketch/sketch.ino.cpp.o
                0x0000000000001e28                std::enable_if<std::is_arithmetic<float>::value&&std::is_floating_point<float>::value, float>::type arduino::msgpack::Unpacker::unpackFloat<float>()
 .text._ZN7arduino7msgpack8Unpacker11unpackFloatIdEENSt9enable_ifIXaasrSt13is_arithmeticIT_E5valuesrSt17is_floating_pointIS5_E5valueES5_E4typeEv
                0x0000000000001f40      0x118 /home/arduino/ArduinoApps/microwasteanimals/.cache/sketch/sketch/sketch.ino.cpp.o
                0x0000000000001f40                std::enable_if<std::is_arithmetic<double>::value&&std::is_floating_point<double>::value, double>::type arduino::msgpack::Unpacker::unpackFloat<double>()
 .text._ZN7arduino7msgpack8Unpacker12unpackBinaryIhEENSt9enable_ifIXoosrSt7is_sameIT_cE5valuesrS4_IS5_hE5valueESt6vectorINS3_IXoosrS7_5valuesrS6_5valueES5_E4typeESaIS5_EEE4typeEv
                0x0000000000002058      0x114 /home/arduino/ArduinoApps/microwasteanimals/.cache/sketch/sketch/sketch.ino.cpp.o
                0x0000000000002058                std::enable_if<std::is_same<unsigned char, char>::value||std::is_same<unsigned char, unsigned char>::value, std::vector<std::enable_if<std::is_same<unsigned char, unsigned char>::value||std::is_same<unsigned char, char>::value, unsigned char>::type, std::allocator<unsigned char> > >::type arduino::msgpack::Unpacker::unpackBinary<unsigned char>()
 .text._ZN7arduino7msgpack8Unpacker11deserializeINS0_4type9ArraySizeEJRiEEEbRT_DpOT0_
                0x000000000000216c       0x44 /home/arduino/ArduinoApps/microwasteanimals/.cache/sketch/sketch/sketch.ino.cpp.o
                0x000000000000216c                bool arduino::msgpack::Unpacker::deserialize<arduino::msgpack::type::ArraySize, int&>(arduino::msgpack::type::ArraySize&, int&)
 .text._ZNK10RpcDecoderILj1024EE4sendEPKhj
                0x00000000000021b0       0x22 /home/arduino/ArduinoApps/microwasteanimals/.cache/sketch/sketch/sketch.ino.cpp.o
                0x00000000000021b0                RpcDecoder<1024u>::send(unsigned char const*, unsigned int) const
 *fill*         0x00000000000021d2        0x2 
 .text._ZN9RPCClient8send_rpcIJEEEbRKN7arduino6StringERjDpOT_.isra.0
                0x00000000000021d4       0x8c /home/arduino/ArduinoApps/microwasteanimals/.cache/sketch/sketch/sketch.ino.cpp.o
 .text._ZN11BridgeClass6notifyIJiEEEvN7arduino6StringEDpOT_
                0x0000000000002260       0xac /home/arduino/ArduinoApps/microwasteanimals/.cache/sketch/sketch/sketch.ino.cpp.o
                0x0000000000002260                void BridgeClass::notify<int>(arduino::String, int&&)
 .text._ZNK9RPCServer13send_responseILj256EEEbRK10RPCRequestIXT_EE.isra.0
                0x000000000000230c       0x24 /home/arduino/ArduinoApps/microwasteanimals/.cache/sketch/sketch/sketch.ino.cpp.o
 .text._ZN10RpcDecoderILj1024EE7consumeEjj
                0x0000000000002330       0x50 /home/arduino/ArduinoApps/microwasteanimals/.cache/sketch/sketch/sketch.ino.cpp.o
                0x0000000000002330                RpcDecoder<1024u>::consume(unsigned int, unsigned int)
 .text._ZN10RpcDecoderILj1024EE7discardEv
                0x0000000000002380       0x2c /home/arduino/ArduinoApps/microwasteanimals/.cache/sketch/sketch/sketch.ino.cpp.o
                0x0000000000002380                RpcDecoder<1024u>::discard()
 .text._ZN7arduino7msgpack8Unpacker11deserializeI8RpcErrorJRNS0_6object5nil_tEEEEbRT_DpOT0_
                0x00000000000023ac       0x90 /home/arduino/ArduinoApps/microwasteanimals/.cache/sketch/sketch/sketch.ino.cpp.o
                0x00000000000023ac                bool arduino::msgpack::Unpacker::deserialize<RpcError, arduino::msgpack::object::nil_t&>(RpcError&, arduino::msgpack::object::nil_t&)
 .text._ZN7arduino7msgpack8Unpacker10unpackUIntIjEENSt9enable_ifIXaaaaaaaasrSt13is_arithmeticIT_E5valuesrSt11is_integralIS5_E5valuentsrSt7is_sameIS5_bE5valuentsrS9_INSt9remove_cvIS5_E4typeEPcE5valuentsrSt9is_signedIS5_E5valueES5_E4typeEv
                0x000000000000243c       0x80 /home/arduino/ArduinoApps/microwasteanimals/.cache/sketch/sketch/sketch.ino.cpp.o
                0x000000000000243c                std::enable_if<(((std::is_arithmetic<unsigned int>::value&&std::is_integral<unsigned int>::value)&&(!std::is_same<unsigned int, bool>::value))&&(!std::is_same<std::remove_cv<unsigned int>::type, char*>::value))&&(!std::is_signed<unsigned int>::value), unsigned int>::type arduino::msgpack::Unpacker::unpackUInt<unsigned int>()
 .text._ZN7arduino7msgpack8Unpacker11deserializeIjJRNS_6StringEEEEbRT_DpOT0_
                0x00000000000024bc       0x44 /home/arduino/ArduinoApps/microwasteanimals/.cache/sketch/sketch/sketch.ino.cpp.o
                0x00000000000024bc                bool arduino::msgpack::Unpacker::deserialize<unsigned int, arduino::String&>(unsigned int&, arduino::String&)
 .text._ZN10RpcDecoderILj1024EE16fetch_rpc_methodEv
                0x0000000000002500       0xe8 /home/arduino/ArduinoApps/microwasteanimals/.cache/sketch/sketch/sketch.ino.cpp.o
                0x0000000000002500                RpcDecoder<1024u>::fetch_rpc_method()
 .text._ZN10RPCRequestILj256EE22unpack_request_headersEv
                0x00000000000025e8       0xb8 /home/arduino/ArduinoApps/microwasteanimals/.cache/sketch/sketch/sketch.ino.cpp.o
                0x00000000000025e8                RPCRequest<256u>::unpack_request_headers()
 .text._ZN9RPCServer15process_requestILj256EEEvR10RPCRequestIXT_EE
                0x00000000000026a0      0x138 /home/arduino/ArduinoApps/microwasteanimals/.cache/sketch/sketch/sketch.ino.cpp.o
                0x00000000000026a0                void RPCServer::process_request<256u>(RPCRequest<256u>&)
 .text._ZN7arduino7msgpack8Unpacker11deserializeINS0_4type9ArraySizeEJRiRjEEEbRT_DpOT0_
                0x00000000000027d8       0xa0 /home/arduino/ArduinoApps/microwasteanimals/.cache/sketch/sketch/sketch.ino.cpp.o
                0x00000000000027d8                bool arduino::msgpack::Unpacker::deserialize<arduino::msgpack::type::ArraySize, int&, unsigned int&>(arduino::msgpack::type::ArraySize&, int&, unsigned int&)
 .text._ZN10RpcDecoderILj1024EE12get_responseIbEEbjRT_R8RpcError
                0x0000000000002878      0x17c /home/arduino/ArduinoApps/microwasteanimals/.cache/sketch/sketch/sketch.ino.cpp.o
                0x0000000000002878                bool RpcDecoder<1024u>::get_response<bool>(unsigned int, bool&, RpcError&)
 .text._ZN10RpcDecoderILj1024EE12get_responseIN7arduino6StringEEEbjRT_R8RpcError
                0x00000000000029f4      0x17c /home/arduino/ArduinoApps/microwasteanimals/.cache/sketch/sketch/sketch.ino.cpp.o
                0x00000000000029f4                bool RpcDecoder<1024u>::get_response<arduino::String>(unsigned int, arduino::String&, RpcError&)
 .text._ZN10RpcDecoderILj1024EE12get_responseIN7arduino7msgpack6object5nil_tEEEbjRT_R8RpcError
                0x0000000000002b70      0x17c /home/arduino/ArduinoApps/microwasteanimals/.cache/sketch/sketch/sketch.ino.cpp.o
                0x0000000000002b70                bool RpcDecoder<1024u>::get_response<arduino::msgpack::object::nil_t>(unsigned int, arduino::msgpack::object::nil_t&, RpcError&)
 .text._ZNSt11__copy_moveILb0ELb1ESt26random_access_iterator_tagE8__copy_mIhEEPT_PKS3_S6_S4_
                0x0000000000002cec       0x1c /home/arduino/ArduinoApps/microwasteanimals/.cache/sketch/sketch/sketch.ino.cpp.o
                0x0000000000002cec                unsigned char* std::__copy_move<false, true, std::random_access_iterator_tag>::__copy_m<unsigned char>(unsigned char const*, unsigned char const*, unsigned char*)
 .text._ZNSt11__copy_moveILb1ELb1ESt26random_access_iterator_tagE8__copy_mIhEEPT_PKS3_S6_S4_
                0x0000000000002d08       0x1c /home/arduino/ArduinoApps/microwasteanimals/.cache/sketch/sketch/sketch.ino.cpp.o
                0x0000000000002d08                unsigned char* std::__copy_move<true, true, std::random_access_iterator_tag>::__copy_m<unsigned char>(unsigned char const*, unsigned char const*, unsigned char*)
 .text._ZN7arduino7msgpack6object3extC2EaPKhj
                0x0000000000002d24      0x104 /home/arduino/ArduinoApps/microwasteanimals/.cache/sketch/sketch/sketch.ino.cpp.o
                0x0000000000002d24                arduino::msgpack::object::ext::ext(signed char, unsigned char const*, unsigned int)
                0x0000000000002d24                arduino::msgpack::object::ext::ext(signed char, unsigned char const*, unsigned int)
 .text._ZN7arduino7msgpack8Unpacker9unpackExtEv
                0x0000000000002e28      0x178 /home/arduino/ArduinoApps/microwasteanimals/.cache/sketch/sketch/sketch.ino.cpp.o
                0x0000000000002e28                arduino::msgpack::Unpacker::unpackExt()
 .text._ZN8RpcUtils6detail12unpackObjectERN7arduino7msgpack8UnpackerE
                0x0000000000002fa0      0x2b4 /home/arduino/ArduinoApps/microwasteanimals/.cache/sketch/sketch/sketch.ino.cpp.o
                0x0000000000002fa0                RpcUtils::detail::unpackObject(arduino::msgpack::Unpacker&)
 .text._ZN10RpcDecoderILj1024EE12parse_packetEv
                0x0000000000003254      0x134 /home/arduino/ArduinoApps/microwasteanimals/.cache/sketch/sketch/sketch.ino.cpp.o
                0x0000000000003254                RpcDecoder<1024u>::parse_packet()
 .text._ZN10RpcDecoderILj1024EE6decodeEv
                0x0000000000003388       0x40 /home/arduino/ArduinoApps/microwasteanimals/.cache/sketch/sketch/sketch.ino.cpp.o
                0x0000000000003388                RpcDecoder<1024u>::decode()
 .text._ZN9RPCServer7get_rpcILj256EEEbR10RPCRequestIXT_EEN7arduino6StringE
                0x00000000000033c8       0xc4 /home/arduino/ArduinoApps/microwasteanimals/.cache/sketch/sketch/sketch.ino.cpp.o
                0x00000000000033c8                bool RPCServer::get_rpc<256u>(RPCRequest<256u>&, arduino::String)
 .text._ZN11BridgeClass11update_safeEv
                0x000000000000348c       0xb0 /home/arduino/ArduinoApps/microwasteanimals/.cache/sketch/sketch/sketch.ino.cpp.o
                0x000000000000348c                BridgeClass::update_safe()
 .text._Z10__loopHookv
                0x000000000000353c       0x28 /home/arduino/ArduinoApps/microwasteanimals/.cache/sketch/sketch/sketch.ino.cpp.o
                0x000000000000353c                __loopHook()
 .text._ZN11BridgeClass6updateEv
                0x0000000000003564       0xb0 /home/arduino/ArduinoApps/microwasteanimals/.cache/sketch/sketch/sketch.ino.cpp.o
                0x0000000000003564                BridgeClass::update()
 .text._Z16updateEntryPointPvS_S_
                0x0000000000003614       0x28 /home/arduino/ArduinoApps/microwasteanimals/.cache/sketch/sketch/sketch.ino.cpp.o
                0x0000000000003614                updateEntryPoint(void*, void*, void*)
 .text._ZN7RpcCallIJEE6resultIbEEbRT_
                0x000000000000363c      0x114 /home/arduino/ArduinoApps/microwasteanimals/.cache/sketch/sketch/sketch.ino.cpp.o
                0x000000000000363c                bool RpcCall<>::result<bool>(bool&)
 .text._ZN7RpcCallIJEED2Ev
                0x0000000000003750      0x120 /home/arduino/ArduinoApps/microwasteanimals/.cache/sketch/sketch/sketch.ino.cpp.o
                0x0000000000003750                RpcCall<>::~RpcCall()
                0x0000000000003750                RpcCall<>::~RpcCall()
 .text._ZN11BridgeClass5beginEm
                0x0000000000003870      0x1e0 /home/arduino/ArduinoApps/microwasteanimals/.cache/sketch/sketch/sketch.ino.cpp.o
                0x0000000000003870                BridgeClass::begin(unsigned long)
 .text._ZN7RpcCallIJEE6resultIN7arduino6StringEEEbRT_
                0x0000000000003a50      0x114 /home/arduino/ArduinoApps/microwasteanimals/.cache/sketch/sketch/sketch.ino.cpp.o
                0x0000000000003a50                bool RpcCall<>::result<arduino::String>(arduino::String&)
 .text._ZN13BridgeMonitorILj512EE5beginEmt.isra.0
                0x0000000000003b64      0x130 /home/arduino/ArduinoApps/microwasteanimals/.cache/sketch/sketch/sketch.ino.cpp.o
 .text._ZN8RpcUtils6detail9unpackMapERN7arduino7msgpack8UnpackerERj
                0x0000000000003c94       0x80 /home/arduino/ArduinoApps/microwasteanimals/.cache/sketch/sketch/sketch.ino.cpp.o
                0x0000000000003c94                RpcUtils::detail::unpackMap(arduino::msgpack::Unpacker&, unsigned int&)
 .text._GLOBAL__sub_I_distance
                0x0000000000003d14       0xd4 /home/arduino/ArduinoApps/microwasteanimals/.cache/sketch/sketch/sketch.ino.cpp.o
 .text._GLOBAL__sub_D_distance
                0x0000000000003de8       0x2c /home/arduino/ArduinoApps/microwasteanimals/.cache/sketch/sketch/sketch.ino.cpp.o
 .text.setup    0x0000000000003e14       0x60 /home/arduino/ArduinoApps/microwasteanimals/.cache/sketch/sketch/sketch.ino.cpp.o
                0x0000000000003e14                setup
 .text._ZN7arduino5Print17availableForWriteEv
                0x0000000000003e74        0x4 /home/arduino/ArduinoApps/microwasteanimals/.cache/sketch/libraries/Wire/Wire.cpp.o
                0x0000000000003e74                arduino::Print::availableForWrite()
 .text._ZN7arduino9ZephyrI2C5writeEi
                0x0000000000003e78        0x8 /home/arduino/ArduinoApps/microwasteanimals/.cache/sketch/libraries/Wire/Wire.cpp.o
                0x0000000000003e78                arduino::ZephyrI2C::write(int)
 .text._ZN7arduino9ZephyrI2C5beginEv
                0x0000000000003e80        0x8 /home/arduino/ArduinoApps/microwasteanimals/.cache/sketch/libraries/Wire/Wire.cpp.o
                0x0000000000003e80                arduino::ZephyrI2C::begin()
 .text._ZN7arduino9ZephyrI2C15endTransmissionEv
                0x0000000000003e88        0x8 /home/arduino/ArduinoApps/microwasteanimals/.cache/sketch/libraries/Wire/Wire.cpp.o
                0x0000000000003e88                arduino::ZephyrI2C::endTransmission()
 .text._ZN7arduino9ZephyrI2C11requestFromEhj
                0x0000000000003e90       0x10 /home/arduino/ArduinoApps/microwasteanimals/.cache/sketch/libraries/Wire/Wire.cpp.o
                0x0000000000003e90                arduino::ZephyrI2C::requestFrom(unsigned char, unsigned int)
 .text._ZN7arduino9ZephyrI2C9availableEv
                0x0000000000003ea0        0xe /home/arduino/ArduinoApps/microwasteanimals/.cache/sketch/libraries/Wire/Wire.cpp.o
                0x0000000000003ea0                arduino::ZephyrI2C::available()
 .text._ZN7arduino9ZephyrI2C5flushEv
                0x0000000000003eae        0x2 /home/arduino/ArduinoApps/microwasteanimals/.cache/sketch/libraries/Wire/Wire.cpp.o
                0x0000000000003eae                arduino::ZephyrI2C::flush()
 .text._ZN7arduino9ZephyrI2C9onReceiveEPFviE
                0x0000000000003eb0        0x6 /home/arduino/ArduinoApps/microwasteanimals/.cache/sketch/libraries/Wire/Wire.cpp.o
                0x0000000000003eb0                arduino::ZephyrI2C::onReceive(void (*)(int))
 .text._ZN7arduino9ZephyrI2C9onRequestEPFvvE
                0x0000000000003eb6        0x6 /home/arduino/ArduinoApps/microwasteanimals/.cache/sketch/libraries/Wire/Wire.cpp.o
                0x0000000000003eb6                arduino::ZephyrI2C::onRequest(void (*)())
 .text._ZN7arduino9ZephyrI2C5writeEh
                0x0000000000003ebc       0x1c /home/arduino/ArduinoApps/microwasteanimals/.cache/sketch/libraries/Wire/Wire.cpp.o
                0x0000000000003ebc                arduino::ZephyrI2C::write(unsigned char)
 .text._ZN7arduino9ZephyrI2C5writeEPKhj
                0x0000000000003ed8        0xc /home/arduino/ArduinoApps/microwasteanimals/.cache/sketch/libraries/Wire/Wire.cpp.o
                0x0000000000003ed8                arduino::ZephyrI2C::write(unsigned char const*, unsigned int)
 .text._ZN7arduino9ZephyrI2C4readEv
                0x0000000000003ee4       0x28 /home/arduino/ArduinoApps/microwasteanimals/.cache/sketch/libraries/Wire/Wire.cpp.o
                0x0000000000003ee4                arduino::ZephyrI2C::read()
 .text._ZL28i2c_target_read_processed_cbP17i2c_target_configPh
                0x0000000000003f0c       0x18 /home/arduino/ArduinoApps/microwasteanimals/.cache/sketch/libraries/Wire/Wire.cpp.o
 .text._ZN7arduino9ZephyrI2C4peekEv
                0x0000000000003f24       0x28 /home/arduino/ArduinoApps/microwasteanimals/.cache/sketch/libraries/Wire/Wire.cpp.o
                0x0000000000003f24                arduino::ZephyrI2C::peek()
 .text._ZN7arduino9ZephyrI2C3endEv
                0x0000000000003f4c       0x32 /home/arduino/ArduinoApps/microwasteanimals/.cache/sketch/libraries/Wire/Wire.cpp.o
                0x0000000000003f4c                arduino::ZephyrI2C::end()
 *fill*         0x0000000000003f7e        0x2 
 .text._ZN7arduino9ZephyrI2C5beginEh
                0x0000000000003f80       0x20 /home/arduino/ArduinoApps/microwasteanimals/.cache/sketch/libraries/Wire/Wire.cpp.o
                0x0000000000003f80                arduino::ZephyrI2C::begin(unsigned char)
 .text._ZN7arduino9ZephyrI2C8setClockEj
                0x0000000000003fa0       0x3c /home/arduino/ArduinoApps/microwasteanimals/.cache/sketch/libraries/Wire/Wire.cpp.o
                0x0000000000003fa0                arduino::ZephyrI2C::setClock(unsigned int)
 .text._ZN7arduino9ZephyrI2C11requestFromEhjb
                0x0000000000003fdc       0x88 /home/arduino/ArduinoApps/microwasteanimals/.cache/sketch/libraries/Wire/Wire.cpp.o
                0x0000000000003fdc                arduino::ZephyrI2C::requestFrom(unsigned char, unsigned int, bool)
 .text._ZN7arduino9ZephyrI2C15endTransmissionEb
                0x0000000000004064       0x74 /home/arduino/ArduinoApps/microwasteanimals/.cache/sketch/libraries/Wire/Wire.cpp.o
                0x0000000000004064                arduino::ZephyrI2C::endTransmission(bool)
 .text._ZL29i2c_target_write_requested_cbP17i2c_target_config
                0x00000000000040d8        0xe /home/arduino/ArduinoApps/microwasteanimals/.cache/sketch/libraries/Wire/Wire.cpp.o
 .text._ZN7arduino9ZephyrI2C17beginTransmissionEh
                0x00000000000040e6       0x14 /home/arduino/ArduinoApps/microwasteanimals/.cache/sketch/libraries/Wire/Wire.cpp.o
                0x00000000000040e6                arduino::ZephyrI2C::beginTransmission(unsigned char)
 *fill*         0x00000000000040fa        0x2 
 .text._ZN7arduino9ZephyrI2CC2EPK6device
                0x00000000000040fc       0x4c /home/arduino/ArduinoApps/microwasteanimals/.cache/sketch/libraries/Wire/Wire.cpp.o
                0x00000000000040fc                arduino::ZephyrI2C::ZephyrI2C(device const*)
                0x00000000000040fc                arduino::ZephyrI2C::ZephyrI2C(device const*)
 .text._ZN7arduino9ZephyrI2C21writeReceivedCallbackEP17i2c_target_configh
                0x0000000000004148       0x44 /home/arduino/ArduinoApps/microwasteanimals/.cache/sketch/libraries/Wire/Wire.cpp.o
                0x0000000000004148                arduino::ZephyrI2C::writeReceivedCallback(i2c_target_config*, unsigned char)
 .text._ZL28i2c_target_write_received_cbP17i2c_target_configh
                0x000000000000418c       0x10 /home/arduino/ArduinoApps/microwasteanimals/.cache/sketch/libraries/Wire/Wire.cpp.o
 .text._ZN7arduino9ZephyrI2C21readRequestedCallbackEP17i2c_target_configPh
                0x000000000000419c       0x30 /home/arduino/ArduinoApps/microwasteanimals/.cache/sketch/libraries/Wire/Wire.cpp.o
                0x000000000000419c                arduino::ZephyrI2C::readRequestedCallback(i2c_target_config*, unsigned char*)
 .text._ZL28i2c_target_read_requested_cbP17i2c_target_configPh
                0x00000000000041cc       0x10 /home/arduino/ArduinoApps/microwasteanimals/.cache/sketch/libraries/Wire/Wire.cpp.o
 .text._ZN7arduino9ZephyrI2C12stopCallbackEP17i2c_target_config
                0x00000000000041dc       0x1c /home/arduino/ArduinoApps/microwasteanimals/.cache/sketch/libraries/Wire/Wire.cpp.o
                0x00000000000041dc                arduino::ZephyrI2C::stopCallback(i2c_target_config*)
 .text._ZL18i2c_target_stop_cbP17i2c_target_config
                0x00000000000041f8        0xc /home/arduino/ArduinoApps/microwasteanimals/.cache/sketch/libraries/Wire/Wire.cpp.o
 .text._GLOBAL__sub_I__ZN7arduino9ZephyrI2CC2EPK6device
                0x0000000000004204       0x94 /home/arduino/ArduinoApps/microwasteanimals/.cache/sketch/libraries/Wire/Wire.cpp.o
 .text._GLOBAL__sub_D__ZN7arduino9ZephyrI2CC2EPK6device
                0x0000000000004298       0x2c /home/arduino/ArduinoApps/microwasteanimals/.cache/sketch/libraries/Wire/Wire.cpp.o
 .text._ZN7arduino9ZephyrSPI14usingInterruptEi
                0x00000000000042c4        0x2 /home/arduino/ArduinoApps/microwasteanimals/.cache/sketch/libraries/SPI/SPI.cpp.o
                0x00000000000042c4                arduino::ZephyrSPI::notUsingInterrupt(int)
                0x00000000000042c4                arduino::ZephyrSPI::usingInterrupt(int)
 .text._ZN7arduino9ZephyrSPI15attachInterruptEv
                0x00000000000042c6        0x2 /home/arduino/ArduinoApps/microwasteanimals/.cache/sketch/libraries/SPI/SPI.cpp.o
                0x00000000000042c6                arduino::ZephyrSPI::attachInterrupt()
                0x00000000000042c6                arduino::ZephyrSPI::detachInterrupt()
 .text._ZN7arduino9ZephyrSPI5beginEv
                0x00000000000042c8        0x6 /home/arduino/ArduinoApps/microwasteanimals/.cache/sketch/libraries/SPI/SPI.cpp.o
                0x00000000000042c8                arduino::ZephyrSPI::begin()
 .text._ZN7arduino9ZephyrSPI3endEv
                0x00000000000042ce        0xa /home/arduino/ArduinoApps/microwasteanimals/.cache/sketch/libraries/SPI/SPI.cpp.o
                0x00000000000042ce                arduino::ZephyrSPI::end()
 .text._ZN7arduino9ZephyrSPID2Ev
                0x00000000000042d8        0x2 /home/arduino/ArduinoApps/microwasteanimals/.cache/sketch/libraries/SPI/SPI.cpp.o
                0x00000000000042d8                arduino::ZephyrSPI::~ZephyrSPI()
                0x00000000000042d8                arduino::ZephyrSPI::~ZephyrSPI()
 *fill*         0x00000000000042da        0x2 
 .text._ZN7arduino9ZephyrSPID0Ev
                0x00000000000042dc       0x14 /home/arduino/ArduinoApps/microwasteanimals/.cache/sketch/libraries/SPI/SPI.cpp.o
                0x00000000000042dc                arduino::ZephyrSPI::~ZephyrSPI()
 .text._ZN7arduino9ZephyrSPI16beginTransactionENS_11SPISettingsE
                0x00000000000042f0       0x80 /home/arduino/ArduinoApps/microwasteanimals/.cache/sketch/libraries/SPI/SPI.cpp.o
                0x00000000000042f0                arduino::ZephyrSPI::beginTransaction(arduino::SPISettings)
 .text._ZN7arduino9ZephyrSPI14endTransactionEv
                0x0000000000004370        0xc /home/arduino/ArduinoApps/microwasteanimals/.cache/sketch/libraries/SPI/SPI.cpp.o
                0x0000000000004370                arduino::ZephyrSPI::endTransaction()
 .text._ZN7arduino9ZephyrSPI8transferEPvjPK10spi_config
                0x000000000000437c       0x2e /home/arduino/ArduinoApps/microwasteanimals/.cache/sketch/libraries/SPI/SPI.cpp.o
                0x000000000000437c                arduino::ZephyrSPI::transfer(void*, unsigned int, spi_config const*)
 *fill*         0x00000000000043aa        0x2 
 .text._ZN7arduino9ZephyrSPI8transferEh
                0x00000000000043ac       0x28 /home/arduino/ArduinoApps/microwasteanimals/.cache/sketch/libraries/SPI/SPI.cpp.o
                0x00000000000043ac                arduino::ZephyrSPI::transfer(unsigned char)
 .text._ZN7arduino9ZephyrSPI10transfer16Et
                0x00000000000043d4       0x28 /home/arduino/ArduinoApps/microwasteanimals/.cache/sketch/libraries/SPI/SPI.cpp.o
                0x00000000000043d4                arduino::ZephyrSPI::transfer16(unsigned short)
 .text._ZN7arduino9ZephyrSPI8transferEPvj
                0x00000000000043fc       0x14 /home/arduino/ArduinoApps/microwasteanimals/.cache/sketch/libraries/SPI/SPI.cpp.o
                0x00000000000043fc                arduino::ZephyrSPI::transfer(void*, unsigned int)
 .text._GLOBAL__sub_I__ZN7arduino9ZephyrSPIC2EPK6device
                0x0000000000004410       0x94 /home/arduino/ArduinoApps/microwasteanimals/.cache/sketch/libraries/SPI/SPI.cpp.o
 .text._GLOBAL__sub_D__ZN7arduino9ZephyrSPIC2EPK6device
                0x00000000000044a4       0x2c /home/arduino/ArduinoApps/microwasteanimals/.cache/sketch/libraries/SPI/SPI.cpp.o
 .text._ZN7arduino5Print5flushEv
                0x00000000000044d0        0x2 /home/arduino/ArduinoApps/microwasteanimals/.cache/sketch/libraries/Arduino_RouterBridge/singletons.cpp.o
                0x00000000000044d0                arduino::Print::flush()
 .text._ZN13BridgeMonitorILj512EE5writeEh
                0x00000000000044d2       0x18 /home/arduino/ArduinoApps/microwasteanimals/.cache/sketch/libraries/Arduino_RouterBridge/singletons.cpp.o
                0x00000000000044d2                BridgeMonitor<512u>::write(unsigned char)
 *fill*         0x00000000000044ea        0x2 
 .text.k_yield  0x00000000000044ec        0x8 /home/arduino/ArduinoApps/microwasteanimals/.cache/sketch/libraries/Arduino_RouterBridge/singletons.cpp.o
 .text.k_mutex_lock
                0x00000000000044f4        0x8 /home/arduino/ArduinoApps/microwasteanimals/.cache/sketch/libraries/Arduino_RouterBridge/singletons.cpp.o
 .text._ZSt14__relocate_a_1IhhENSt9enable_ifIXsrSt24__is_bitwise_relocatableIT_vE5valueEPS2_E4typeES4_S4_S4_RSaIT0_E.isra.0
                0x00000000000044fc       0x20 /home/arduino/ArduinoApps/microwasteanimals/.cache/sketch/libraries/Arduino_RouterBridge/singletons.cpp.o
 .text._ZNSt12_Vector_baseIhSaIhEE11_M_allocateEj.isra.0
                0x000000000000451c       0x20 /home/arduino/ArduinoApps/microwasteanimals/.cache/sketch/libraries/Arduino_RouterBridge/singletons.cpp.o
 .text.k_mutex_unlock.isra.0
                0x000000000000453c        0x8 /home/arduino/ArduinoApps/microwasteanimals/.cache/sketch/libraries/Arduino_RouterBridge/singletons.cpp.o
 .text._ZN7RpcCallIJRN7arduino6StringEEE7isErrorEv.isra.0
                0x0000000000004544       0x28 /home/arduino/ArduinoApps/microwasteanimals/.cache/sketch/libraries/Arduino_RouterBridge/singletons.cpp.o
 .text._ZN13BridgeMonitorILj512EE4readEv
                0x000000000000456c       0x68 /home/arduino/ArduinoApps/microwasteanimals/.cache/sketch/libraries/Arduino_RouterBridge/singletons.cpp.o
                0x000000000000456c                BridgeMonitor<512u>::read()
 .text._ZN13BridgeMonitorILj512EE4peekEv
                0x00000000000045d4       0x44 /home/arduino/ArduinoApps/microwasteanimals/.cache/sketch/libraries/Arduino_RouterBridge/singletons.cpp.o
                0x00000000000045d4                BridgeMonitor<512u>::peek()
 .text.k_msleep.constprop.0.isra.0
                0x0000000000004618        0xc /home/arduino/ArduinoApps/microwasteanimals/.cache/sketch/libraries/Arduino_RouterBridge/singletons.cpp.o
 .text._ZNSt6vectorIhSaIhEE14_M_move_assignEOS1_St17integral_constantIbLb1EE.isra.0
                0x0000000000004624       0x34 /home/arduino/ArduinoApps/microwasteanimals/.cache/sketch/libraries/Arduino_RouterBridge/singletons.cpp.o
 .text._ZNSt6vectorIhSaIhEE12emplace_backIJRKhEEERhDpOT_.isra.0
                0x0000000000004658       0x90 /home/arduino/ArduinoApps/microwasteanimals/.cache/sketch/libraries/Arduino_RouterBridge/singletons.cpp.o
 .text._ZNSt6vectorIhSaIhEE12emplace_backIJhEEERhDpOT_.isra.0
                0x00000000000046e8       0x90 /home/arduino/ArduinoApps/microwasteanimals/.cache/sketch/libraries/Arduino_RouterBridge/singletons.cpp.o
 .text._ZN7arduino7msgpack8Unpacker11deserializeISt6vectorIhSaIhEEJEEEbRT_DpOT0_
                0x0000000000004778      0x13c /home/arduino/ArduinoApps/microwasteanimals/.cache/sketch/libraries/Arduino_RouterBridge/singletons.cpp.o
                0x0000000000004778                bool arduino::msgpack::Unpacker::deserialize<std::vector<unsigned char, std::allocator<unsigned char> >>(std::vector<unsigned char, std::allocator<unsigned char> >&)
 .text._ZN7arduino7msgpack6Packer11packRawByteERKNS0_4TypeE.isra.0
                0x00000000000048b4       0x18 /home/arduino/ArduinoApps/microwasteanimals/.cache/sketch/libraries/Arduino_RouterBridge/singletons.cpp.o
 .text._ZNSt6vectorIhSaIhEE12emplace_backIJRhEEES3_DpOT_.isra.0
                0x00000000000048cc       0x90 /home/arduino/ArduinoApps/microwasteanimals/.cache/sketch/libraries/Arduino_RouterBridge/singletons.cpp.o
 .text._ZN7arduino7msgpack6Packer11packIntegerIjEENSt9enable_ifIXaaaaaasrSt13is_arithmeticIT_E5valuesrSt11is_integralIS5_E5valuentsrSt7is_sameIS5_bE5valuentsrS9_INSt9remove_cvIS5_E4typeEPcE5valueEvE4typeERKS5_.isra.0
                0x000000000000495c       0x50 /home/arduino/ArduinoApps/microwasteanimals/.cache/sketch/libraries/Arduino_RouterBridge/singletons.cpp.o
 .text._ZN7arduino7msgpack6Packer11packIntegerIiEENSt9enable_ifIXaaaaaasrSt13is_arithmeticIT_E5valuesrSt11is_integralIS5_E5valuentsrSt7is_sameIS5_bE5valuentsrS9_INSt9remove_cvIS5_E4typeEPcE5valueEvE4typeERKS5_.isra.0
                0x00000000000049ac       0xb8 /home/arduino/ArduinoApps/microwasteanimals/.cache/sketch/libraries/Arduino_RouterBridge/singletons.cpp.o
 .text._ZN9RPCClient8send_rpcIJRKN7arduino6StringEEEEbS4_RjDpOT_.isra.0
                0x0000000000004a64       0x90 /home/arduino/ArduinoApps/microwasteanimals/.cache/sketch/libraries/Arduino_RouterBridge/singletons.cpp.o
 .text._ZN9RPCClient8send_rpcIJRKjEEEbRKN7arduino6StringERjDpOT_.isra.0
                0x0000000000004af4       0x94 /home/arduino/ArduinoApps/microwasteanimals/.cache/sketch/libraries/Arduino_RouterBridge/singletons.cpp.o
 .text._ZN7arduino7msgpack8Unpacker11deserializeIjJEEEbRT_DpOT0_
                0x0000000000004b88       0x40 /home/arduino/ArduinoApps/microwasteanimals/.cache/sketch/libraries/Arduino_RouterBridge/singletons.cpp.o
                0x0000000000004b88                bool arduino::msgpack::Unpacker::deserialize<unsigned int>(unsigned int&)
 .text._ZN9RPCClient12get_responseIN7arduino7msgpack6object5nil_tEEEbjRT_R8RpcError
                0x0000000000004bc8       0x40 /home/arduino/ArduinoApps/microwasteanimals/.cache/sketch/libraries/Arduino_RouterBridge/singletons.cpp.o
                0x0000000000004bc8                bool RPCClient::get_response<arduino::msgpack::object::nil_t>(unsigned int, arduino::msgpack::object::nil_t&, RpcError&)
 .text._ZN11BridgeClass6notifyIJRN7arduino6StringEEEEvS2_DpOT_
                0x0000000000004c08       0xac /home/arduino/ArduinoApps/microwasteanimals/.cache/sketch/libraries/Arduino_RouterBridge/singletons.cpp.o
                0x0000000000004c08                void BridgeClass::notify<arduino::String&>(arduino::String, arduino::String&)
 .text._ZN7RpcCallIJRN7arduino6StringEEE8setErrorEiS1_
                0x0000000000004cb4       0x40 /home/arduino/ArduinoApps/microwasteanimals/.cache/sketch/libraries/Arduino_RouterBridge/singletons.cpp.o
                0x0000000000004cb4                RpcCall<arduino::String&>::setError(int, arduino::String)
 .text._ZN10RpcDecoderILj1024EE12get_responseIjEEbjRT_R8RpcError
                0x0000000000004cf4      0x17c /home/arduino/ArduinoApps/microwasteanimals/.cache/sketch/libraries/Arduino_RouterBridge/singletons.cpp.o
                0x0000000000004cf4                bool RpcDecoder<1024u>::get_response<unsigned int>(unsigned int, unsigned int&, RpcError&)
 .text._ZN13BridgeMonitorILj512EE5writeEPKhj
                0x0000000000004e70      0x2b4 /home/arduino/ArduinoApps/microwasteanimals/.cache/sketch/libraries/Arduino_RouterBridge/singletons.cpp.o
                0x0000000000004e70                BridgeMonitor<512u>::write(unsigned char const*, unsigned int)
 .text._ZN7RpcCallIJRjEE8setErrorEiN7arduino6StringE
                0x0000000000005124       0x40 /home/arduino/ArduinoApps/microwasteanimals/.cache/sketch/libraries/Arduino_RouterBridge/singletons.cpp.o
                0x0000000000005124                RpcCall<unsigned int&>::setError(int, arduino::String)
 .text._ZN7RpcCallIJRjEE7isErrorEv
                0x0000000000005164       0x34 /home/arduino/ArduinoApps/microwasteanimals/.cache/sketch/libraries/Arduino_RouterBridge/singletons.cpp.o
                0x0000000000005164                RpcCall<unsigned int&>::isError()
 .text._ZN10RpcDecoderILj1024EE12get_responseISt6vectorIhSaIhEEEEbjRT_R8RpcError
                0x0000000000005198      0x17c /home/arduino/ArduinoApps/microwasteanimals/.cache/sketch/libraries/Arduino_RouterBridge/singletons.cpp.o
                0x0000000000005198                bool RpcDecoder<1024u>::get_response<std::vector<unsigned char, std::allocator<unsigned char> > >(unsigned int, std::vector<unsigned char, std::allocator<unsigned char> >&, RpcError&)
 .text._ZN7RpcCallIJRjEE6resultISt6vectorIhSaIhEEEEbRT_
                0x0000000000005314      0x134 /home/arduino/ArduinoApps/microwasteanimals/.cache/sketch/libraries/Arduino_RouterBridge/singletons.cpp.o
                0x0000000000005314                bool RpcCall<unsigned int&>::result<std::vector<unsigned char, std::allocator<unsigned char> > >(std::vector<unsigned char, std::allocator<unsigned char> >&)
 .text._ZN13BridgeMonitorILj512EE5_readEj
                0x0000000000005448      0x1f8 /home/arduino/ArduinoApps/microwasteanimals/.cache/sketch/libraries/Arduino_RouterBridge/singletons.cpp.o
                0x0000000000005448                BridgeMonitor<512u>::_read(unsigned int)
 .text._ZN13BridgeMonitorILj512EE9availableEv
                0x0000000000005640       0x44 /home/arduino/ArduinoApps/microwasteanimals/.cache/sketch/libraries/Arduino_RouterBridge/singletons.cpp.o
                0x0000000000005640                BridgeMonitor<512u>::available()
 .text._GLOBAL__sub_I_Bridge
                0x0000000000005684       0xf0 /home/arduino/ArduinoApps/microwasteanimals/.cache/sketch/libraries/Arduino_RouterBridge/singletons.cpp.o
 .text._GLOBAL__sub_D_Bridge
                0x0000000000005774       0x2c /home/arduino/ArduinoApps/microwasteanimals/.cache/sketch/libraries/Arduino_RouterBridge/singletons.cpp.o
 .text._Z21__increaseI2CPriorityv
                0x00000000000057a0        0x2 /home/arduino/ArduinoApps/microwasteanimals/.cache/sketch/libraries/Arduino_Modulino/Modulino.cpp.o
                0x00000000000057a0                __increaseI2CPriority()
 *fill*         0x00000000000057a2        0x2 
 .text._ZN15ModulinoHubPort6selectEv
                0x00000000000057a4       0x30 /home/arduino/ArduinoApps/microwasteanimals/.cache/sketch/libraries/Arduino_Modulino/Modulino.cpp.o
                0x00000000000057a4                ModulinoHubPort::select()
 .text._ZN15ModulinoHubPort5clearEv
                0x00000000000057d4       0x2c /home/arduino/ArduinoApps/microwasteanimals/.cache/sketch/libraries/Arduino_Modulino/Modulino.cpp.o
                0x00000000000057d4                ModulinoHubPort::clear()
 .text._GLOBAL__sub_I_Modulino
                0x0000000000005800       0xc8 /home/arduino/ArduinoApps/microwasteanimals/.cache/sketch/libraries/Arduino_Modulino/Modulino.cpp.o
 .text._GLOBAL__sub_D_Modulino
                0x00000000000058c8       0x2c /home/arduino/ArduinoApps/microwasteanimals/.cache/sketch/libraries/Arduino_Modulino/Modulino.cpp.o
 .text._ZN8VL53L4CD6WaitMsEj
                0x00000000000058f4       0x10 /home/arduino/ArduinoApps/microwasteanimals/.cache/sketch/libraries/STM32duino VL53L4CD/platform.cpp.o
                0x00000000000058f4                VL53L4CD::WaitMs(unsigned int)
 .text._ZN8VL53L4CD16VL53L4CD_I2CReadEhtPhj
                0x0000000000005904       0xa2 /home/arduino/ArduinoApps/microwasteanimals/.cache/sketch/libraries/STM32duino VL53L4CD/platform.cpp.o
                0x0000000000005904                VL53L4CD::VL53L4CD_I2CRead(unsigned char, unsigned short, unsigned char*, unsigned int)
 *fill*         0x00000000000059a6        0x2 
 .text._ZN8VL53L4CD16VL53L4CD_RdDWordEttPj
                0x00000000000059a8       0x28 /home/arduino/ArduinoApps/microwasteanimals/.cache/sketch/libraries/STM32duino VL53L4CD/platform.cpp.o
                0x00000000000059a8                VL53L4CD::VL53L4CD_RdDWord(unsigned short, unsigned short, unsigned int*)
 .text._ZN8VL53L4CD15VL53L4CD_RdWordEttPt
                0x00000000000059d0       0x2c /home/arduino/ArduinoApps/microwasteanimals/.cache/sketch/libraries/STM32duino VL53L4CD/platform.cpp.o
                0x00000000000059d0                VL53L4CD::VL53L4CD_RdWord(unsigned short, unsigned short, unsigned short*)
 .text._ZN8VL53L4CD15VL53L4CD_RdByteEttPh
                0x00000000000059fc       0x14 /home/arduino/ArduinoApps/microwasteanimals/.cache/sketch/libraries/STM32duino VL53L4CD/platform.cpp.o
                0x00000000000059fc                VL53L4CD::VL53L4CD_RdByte(unsigned short, unsigned short, unsigned char*)
 .text._ZN8VL53L4CD17VL53L4CD_I2CWriteEhtPhj
                0x0000000000005a10       0x74 /home/arduino/ArduinoApps/microwasteanimals/.cache/sketch/libraries/STM32duino VL53L4CD/platform.cpp.o
                0x0000000000005a10                VL53L4CD::VL53L4CD_I2CWrite(unsigned char, unsigned short, unsigned char*, unsigned int)
 .text._ZN8VL53L4CD15VL53L4CD_WrByteEtth
                0x0000000000005a84       0x1c /home/arduino/ArduinoApps/microwasteanimals/.cache/sketch/libraries/STM32duino VL53L4CD/platform.cpp.o
                0x0000000000005a84                VL53L4CD::VL53L4CD_WrByte(unsigned short, unsigned short, unsigned char)
 .text._ZN8VL53L4CD15VL53L4CD_WrWordEttt
                0x0000000000005aa0       0x1c /home/arduino/ArduinoApps/microwasteanimals/.cache/sketch/libraries/STM32duino VL53L4CD/platform.cpp.o
                0x0000000000005aa0                VL53L4CD::VL53L4CD_WrWord(unsigned short, unsigned short, unsigned short)
 .text._ZN8VL53L4CD16VL53L4CD_WrDWordEttj
                0x0000000000005abc       0x1c /home/arduino/ArduinoApps/microwasteanimals/.cache/sketch/libraries/STM32duino VL53L4CD/platform.cpp.o
                0x0000000000005abc                VL53L4CD::VL53L4CD_WrDWord(unsigned short, unsigned short, unsigned int)
 .text._GLOBAL__sub_I__ZN8VL53L4CD16VL53L4CD_RdDWordEttPj
                0x0000000000005ad8       0x64 /home/arduino/ArduinoApps/microwasteanimals/.cache/sketch/libraries/STM32duino VL53L4CD/platform.cpp.o
 .text._GLOBAL__sub_D__ZN8VL53L4CD16VL53L4CD_RdDWordEttPj
                0x0000000000005b3c       0x2c /home/arduino/ArduinoApps/microwasteanimals/.cache/sketch/libraries/STM32duino VL53L4CD/platform.cpp.o
 .text._ZN8VL53L4CD22VL53L4CD_SetI2CAddressEh
                0x0000000000005b68       0x18 /home/arduino/ArduinoApps/microwasteanimals/.cache/sketch/libraries/STM32duino VL53L4CD/vl53l4cd_api.cpp.o
                0x0000000000005b68                VL53L4CD::VL53L4CD_SetI2CAddress(unsigned char)
 .text._ZN8VL53L4CD20VL53L4CD_GetSensorIdEPt
                0x0000000000005b80       0x18 /home/arduino/ArduinoApps/microwasteanimals/.cache/sketch/libraries/STM32duino VL53L4CD/vl53l4cd_api.cpp.o
                0x0000000000005b80                VL53L4CD::VL53L4CD_GetSensorId(unsigned short*)
 .text._ZN8VL53L4CD23VL53L4CD_ClearInterruptEv
                0x0000000000005b98       0x18 /home/arduino/ArduinoApps/microwasteanimals/.cache/sketch/libraries/STM32duino VL53L4CD/vl53l4cd_api.cpp.o
                0x0000000000005b98                VL53L4CD::VL53L4CD_ClearInterrupt()
 .text._ZN8VL53L4CD20VL53L4CD_StopRangingEv
                0x0000000000005bb0       0x18 /home/arduino/ArduinoApps/microwasteanimals/.cache/sketch/libraries/STM32duino VL53L4CD/vl53l4cd_api.cpp.o
                0x0000000000005bb0                VL53L4CD::VL53L4CD_StopRanging()
 .text._ZN8VL53L4CD26VL53L4CD_CheckForDataReadyEPh
                0x0000000000005bc8       0x54 /home/arduino/ArduinoApps/microwasteanimals/.cache/sketch/libraries/STM32duino VL53L4CD/vl53l4cd_api.cpp.o
                0x0000000000005bc8                VL53L4CD::VL53L4CD_CheckForDataReady(unsigned char*)
 .text._ZN8VL53L4CD21VL53L4CD_StartRangingEv
                0x0000000000005c1c       0x84 /home/arduino/ArduinoApps/microwasteanimals/.cache/sketch/libraries/STM32duino VL53L4CD/vl53l4cd_api.cpp.o
                0x0000000000005c1c                VL53L4CD::VL53L4CD_StartRanging()
 .text._ZN8VL53L4CD23VL53L4CD_SetRangeTimingEjj
                0x0000000000005ca0      0x14c /home/arduino/ArduinoApps/microwasteanimals/.cache/sketch/libraries/STM32duino VL53L4CD/vl53l4cd_api.cpp.o
                0x0000000000005ca0                VL53L4CD::VL53L4CD_SetRangeTiming(unsigned int, unsigned int)
 .text._ZN8VL53L4CD19VL53L4CD_SensorInitEv
                0x0000000000005dec      0x134 /home/arduino/ArduinoApps/microwasteanimals/.cache/sketch/libraries/STM32duino VL53L4CD/vl53l4cd_api.cpp.o
                0x0000000000005dec                VL53L4CD::VL53L4CD_SensorInit()
 .text._ZN8VL53L4CD18VL53L4CD_GetResultEP17VL53L4CD_Result_t
                0x0000000000005f20      0x108 /home/arduino/ArduinoApps/microwasteanimals/.cache/sketch/libraries/STM32duino VL53L4CD/vl53l4cd_api.cpp.o
                0x0000000000005f20                VL53L4CD::VL53L4CD_GetResult(VL53L4CD_Result_t*)
 .text._GLOBAL__sub_I__ZN8VL53L4CD21VL53L4CD_GetSWVersionEP18VL53L4CD_Version_t
                0x0000000000006028       0x64 /home/arduino/ArduinoApps/microwasteanimals/.cache/sketch/libraries/STM32duino VL53L4CD/vl53l4cd_api.cpp.o
 .text._GLOBAL__sub_D__ZN8VL53L4CD21VL53L4CD_GetSWVersionEP18VL53L4CD_Version_t
                0x000000000000608c       0x2c /home/arduino/ArduinoApps/microwasteanimals/.cache/sketch/libraries/STM32duino VL53L4CD/vl53l4cd_api.cpp.o
 .text._GLOBAL__sub_I__ZN8VL53L4CD24VL53L4CD_CalibrateOffsetEsPss
                0x00000000000060b8       0x64 /home/arduino/ArduinoApps/microwasteanimals/.cache/sketch/libraries/STM32duino VL53L4CD/vl53l4cd_calibration.cpp.o
 .text._GLOBAL__sub_D__ZN8VL53L4CD24VL53L4CD_CalibrateOffsetEsPss
                0x000000000000611c       0x2c /home/arduino/ArduinoApps/microwasteanimals/.cache/sketch/libraries/STM32duino VL53L4CD/vl53l4cd_calibration.cpp.o
 .text._ZN8VL53L4ED8_I2CReadEtPhj
                0x0000000000006148       0xa2 /home/arduino/ArduinoApps/microwasteanimals/.cache/sketch/libraries/STM32duino VL53L4ED/platform.cpp.o
                0x0000000000006148                VL53L4ED::_I2CRead(unsigned short, unsigned char*, unsigned int)
 .text._ZN8VL53L4ED9_I2CWriteEtPhj
                0x00000000000061ea       0x72 /home/arduino/ArduinoApps/microwasteanimals/.cache/sketch/libraries/STM32duino VL53L4ED/platform.cpp.o
                0x00000000000061ea                VL53L4ED::_I2CWrite(unsigned short, unsigned char*, unsigned int)
 .text._ZN8VL53L4ED15VL53L4ED_WrByteEth
                0x000000000000625c       0x18 /home/arduino/ArduinoApps/microwasteanimals/.cache/sketch/libraries/STM32duino VL53L4ED/platform.cpp.o
                0x000000000000625c                VL53L4ED::VL53L4ED_WrByte(unsigned short, unsigned char)
 .text._ZN8VL53L4ED15VL53L4ED_WrWordEtt
                0x0000000000006274       0x18 /home/arduino/ArduinoApps/microwasteanimals/.cache/sketch/libraries/STM32duino VL53L4ED/platform.cpp.o
                0x0000000000006274                VL53L4ED::VL53L4ED_WrWord(unsigned short, unsigned short)
 .text._ZN8VL53L4ED16VL53L4ED_WrDWordEtj
                0x000000000000628c       0x18 /home/arduino/ArduinoApps/microwasteanimals/.cache/sketch/libraries/STM32duino VL53L4ED/platform.cpp.o
                0x000000000000628c                VL53L4ED::VL53L4ED_WrDWord(unsigned short, unsigned int)
 .text._ZN8VL53L4ED15VL53L4ED_RdByteEtPh
                0x00000000000062a4       0x10 /home/arduino/ArduinoApps/microwasteanimals/.cache/sketch/libraries/STM32duino VL53L4ED/platform.cpp.o
                0x00000000000062a4                VL53L4ED::VL53L4ED_RdByte(unsigned short, unsigned char*)
 .text._ZN8VL53L4ED15VL53L4ED_RdWordEtPt
                0x00000000000062b4       0x24 /home/arduino/ArduinoApps/microwasteanimals/.cache/sketch/libraries/STM32duino VL53L4ED/platform.cpp.o
                0x00000000000062b4                VL53L4ED::VL53L4ED_RdWord(unsigned short, unsigned short*)
 .text._ZN8VL53L4ED16VL53L4ED_RdDWordEtPj
                0x00000000000062d8       0x24 /home/arduino/ArduinoApps/microwasteanimals/.cache/sketch/libraries/STM32duino VL53L4ED/platform.cpp.o
                0x00000000000062d8                VL53L4ED::VL53L4ED_RdDWord(unsigned short, unsigned int*)
 .text._ZN8VL53L4ED6WaitMsEj
                0x00000000000062fc       0x14 /home/arduino/ArduinoApps/microwasteanimals/.cache/sketch/libraries/STM32duino VL53L4ED/platform.cpp.o
                0x00000000000062fc                VL53L4ED::WaitMs(unsigned int)
 .text._GLOBAL__sub_I__ZN8VL53L4ED15VL53L4ED_WrByteEth
                0x0000000000006310       0x64 /home/arduino/ArduinoApps/microwasteanimals/.cache/sketch/libraries/STM32duino VL53L4ED/platform.cpp.o
 .text._GLOBAL__sub_D__ZN8VL53L4ED15VL53L4ED_WrByteEth
                0x0000000000006374       0x2c /home/arduino/ArduinoApps/microwasteanimals/.cache/sketch/libraries/STM32duino VL53L4ED/platform.cpp.o
 .text._ZN8VL53L4ED22VL53L4ED_SetI2CAddressEh
                0x00000000000063a0       0x18 /home/arduino/ArduinoApps/microwasteanimals/.cache/sketch/libraries/STM32duino VL53L4ED/vl53l4ed_api.cpp.o
                0x00000000000063a0                VL53L4ED::VL53L4ED_SetI2CAddress(unsigned char)
 .text._ZN8VL53L4ED20VL53L4ED_GetSensorIdEPt
                0x00000000000063b8       0x10 /home/arduino/ArduinoApps/microwasteanimals/.cache/sketch/libraries/STM32duino VL53L4ED/vl53l4ed_api.cpp.o
                0x00000000000063b8                VL53L4ED::VL53L4ED_GetSensorId(unsigned short*)
 .text._ZN8VL53L4ED23VL53L4ED_ClearInterruptEv
                0x00000000000063c8        0xc /home/arduino/ArduinoApps/microwasteanimals/.cache/sketch/libraries/STM32duino VL53L4ED/vl53l4ed_api.cpp.o
                0x00000000000063c8                VL53L4ED::VL53L4ED_ClearInterrupt()
 .text._ZN8VL53L4ED21VL53L4ED_StartRangingEv
                0x00000000000063d4       0x30 /home/arduino/ArduinoApps/microwasteanimals/.cache/sketch/libraries/STM32duino VL53L4ED/vl53l4ed_api.cpp.o
                0x00000000000063d4                VL53L4ED::VL53L4ED_StartRanging()
 .text._ZN8VL53L4ED20VL53L4ED_StopRangingEv
                0x0000000000006404        0xc /home/arduino/ArduinoApps/microwasteanimals/.cache/sketch/libraries/STM32duino VL53L4ED/vl53l4ed_api.cpp.o
                0x0000000000006404                VL53L4ED::VL53L4ED_StopRanging()
 .text._ZN8VL53L4ED26VL53L4ED_CheckForDataReadyEPh
                0x0000000000006410       0x50 /home/arduino/ArduinoApps/microwasteanimals/.cache/sketch/libraries/STM32duino VL53L4ED/vl53l4ed_api.cpp.o
                0x0000000000006410                VL53L4ED::VL53L4ED_CheckForDataReady(unsigned char*)
 .text._ZN8VL53L4ED23VL53L4ED_SetRangeTimingEjj
                0x0000000000006460      0x13c /home/arduino/ArduinoApps/microwasteanimals/.cache/sketch/libraries/STM32duino VL53L4ED/vl53l4ed_api.cpp.o
                0x0000000000006460                VL53L4ED::VL53L4ED_SetRangeTiming(unsigned int, unsigned int)
 .text._ZN8VL53L4ED19VL53L4ED_SensorInitEv
                0x000000000000659c      0x128 /home/arduino/ArduinoApps/microwasteanimals/.cache/sketch/libraries/STM32duino VL53L4ED/vl53l4ed_api.cpp.o
                0x000000000000659c                VL53L4ED::VL53L4ED_SensorInit()
 .text._ZN8VL53L4ED18VL53L4ED_GetResultEP22VL53L4ED_ResultsData_t
                0x00000000000066c4       0xec /home/arduino/ArduinoApps/microwasteanimals/.cache/sketch/libraries/STM32duino VL53L4ED/vl53l4ed_api.cpp.o
                0x00000000000066c4                VL53L4ED::VL53L4ED_GetResult(VL53L4ED_ResultsData_t*)
 .text._GLOBAL__sub_I__ZN8VL53L4ED21VL53L4ED_GetSWVersionEP18VL53L4ED_Version_t
                0x00000000000067b0       0x64 /home/arduino/ArduinoApps/microwasteanimals/.cache/sketch/libraries/STM32duino VL53L4ED/vl53l4ed_api.cpp.o
 .text._GLOBAL__sub_D__ZN8VL53L4ED21VL53L4ED_GetSWVersionEP18VL53L4ED_Version_t
                0x0000000000006814       0x2c /home/arduino/ArduinoApps/microwasteanimals/.cache/sketch/libraries/STM32duino VL53L4ED/vl53l4ed_api.cpp.o
 .text._GLOBAL__sub_I__ZN8VL53L4ED24VL53L4ED_CalibrateOffsetEsPss
                0x0000000000006840       0x64 /home/arduino/ArduinoApps/microwasteanimals/.cache/sketch/libraries/STM32duino VL53L4ED/vl53l4ed_calibration.cpp.o
 .text._GLOBAL__sub_D__ZN8VL53L4ED24VL53L4ED_CalibrateOffsetEsPss
                0x00000000000068a4       0x2c /home/arduino/ArduinoApps/microwasteanimals/.cache/sketch/libraries/STM32duino VL53L4ED/vl53l4ed_calibration.cpp.o
 .text._GLOBAL__sub_I__ZN13LSM6DSOXClassC2ERN7arduino9ZephyrI2CEh
                0x00000000000068d0       0x88 /home/arduino/ArduinoApps/microwasteanimals/.cache/sketch/libraries/Arduino_LSM6DSOX/LSM6DSOX.cpp.o
 .text._GLOBAL__sub_D__ZN13LSM6DSOXClassC2ERN7arduino9ZephyrI2CEh
                0x0000000000006958       0x2c /home/arduino/ArduinoApps/microwasteanimals/.cache/sketch/libraries/Arduino_LSM6DSOX/LSM6DSOX.cpp.o
 .text._GLOBAL__sub_I__ZN12LPS22HBClassC2ERN7arduino9ZephyrI2CE
                0x0000000000006984       0x74 /home/arduino/ArduinoApps/microwasteanimals/.cache/sketch/libraries/Arduino_LPS22HB/BARO.cpp.o
 .text._GLOBAL__sub_D__ZN12LPS22HBClassC2ERN7arduino9ZephyrI2CE
                0x00000000000069f8       0x2c /home/arduino/ArduinoApps/microwasteanimals/.cache/sketch/libraries/Arduino_LPS22HB/BARO.cpp.o
 .text._GLOBAL__sub_I__ZN11HS300xClass15_measurementReqEv
                0x0000000000006a24       0x74 /home/arduino/ArduinoApps/microwasteanimals/.cache/sketch/libraries/Arduino_HS300x/HS300x.cpp.o
 .text._GLOBAL__sub_D__ZN11HS300xClass15_measurementReqEv
                0x0000000000006a98       0x2c /home/arduino/ArduinoApps/microwasteanimals/.cache/sketch/libraries/Arduino_HS300x/HS300x.cpp.o